Archive member included to satisfy reference by file (symbol)

/usr/lib/gcc/arm-none-eabi/10.3.1/../../../arm-none-eabi/lib/thumb/v7e-m+fp/hard/libc.a(lib_a-atexit.o)
                              /usr/lib/gcc/arm-none-eabi/10.3.1/../../../arm-none-eabi/lib/thumb/v7e-m+fp/hard/crt0.o (atexit)
/usr/lib/gcc/arm-none-eabi/10.3.1/../../../arm-none-eabi/lib/thumb/v7e-m+fp/hard/libc.a(lib_a-exit.o)
                              /usr/lib/gcc/arm-none-eabi/10.3.1/../../../arm-none-eabi/lib/thumb/v7e-m+fp/hard/crt0.o (exit)
/usr/lib/gcc/arm-none-eabi/10.3.1/../../../arm-none-eabi/lib/thumb/v7e-m+fp/hard/libc.a(lib_a-fini.o)
                              /usr/lib/gcc/arm-none-eabi/10.3.1/../../../arm-none-eabi/lib/thumb/v7e-m+fp/hard/crt0.o (__libc_fini_array)
/usr/lib/gcc/arm-none-eabi/10.3.1/../../../arm-none-eabi/lib/thumb/v7e-m+fp/hard/libc.a(lib_a-impure.o)
                              /usr/lib/gcc/arm-none-eabi/10.3.1/../../../arm-none-eabi/lib/thumb/v7e-m+fp/hard/libc.a(lib_a-exit.o) (_global_impure_ptr)
/usr/lib/gcc/arm-none-eabi/10.3.1/../../../arm-none-eabi/lib/thumb/v7e-m+fp/hard/libc.a(lib_a-init.o)
                              /usr/lib/gcc/arm-none-eabi/10.3.1/../../../arm-none-eabi/lib/thumb/v7e-m+fp/hard/crt0.o (__libc_init_array)
/usr/lib/gcc/arm-none-eabi/10.3.1/../../../arm-none-eabi/lib/thumb/v7e-m+fp/hard/libc.a(lib_a-memset.o)
                              /usr/lib/gcc/arm-none-eabi/10.3.1/../../../arm-none-eabi/lib/thumb/v7e-m+fp/hard/crt0.o (memset)
/usr/lib/gcc/arm-none-eabi/10.3.1/../../../arm-none-eabi/lib/thumb/v7e-m+fp/hard/libc.a(lib_a-__atexit.o)
                              /usr/lib/gcc/arm-none-eabi/10.3.1/../../../arm-none-eabi/lib/thumb/v7e-m+fp/hard/libc.a(lib_a-atexit.o) (__register_exitproc)
/usr/lib/gcc/arm-none-eabi/10.3.1/../../../arm-none-eabi/lib/thumb/v7e-m+fp/hard/libc.a(lib_a-__call_atexit.o)
                              /usr/lib/gcc/arm-none-eabi/10.3.1/../../../arm-none-eabi/lib/thumb/v7e-m+fp/hard/libc.a(lib_a-exit.o) (__call_exitprocs)
/usr/lib/gcc/arm-none-eabi/10.3.1/thumb/v7e-m+fp/hard/libgcc.a(_aeabi_ldivmod.o)
                              obj/tower_user_thread_period_250ms.o (__aeabi_ldivmod)
/usr/lib/gcc/arm-none-eabi/10.3.1/thumb/v7e-m+fp/hard/libgcc.a(_aeabi_uldivmod.o)
                              obj/tower_time.o (__aeabi_uldivmod)
/usr/lib/gcc/arm-none-eabi/10.3.1/thumb/v7e-m+fp/hard/libgcc.a(_udivmoddi4.o)
                              /usr/lib/gcc/arm-none-eabi/10.3.1/thumb/v7e-m+fp/hard/libgcc.a(_aeabi_ldivmod.o) (__udivmoddi4)
/usr/lib/gcc/arm-none-eabi/10.3.1/thumb/v7e-m+fp/hard/libgcc.a(_dvmd_tls.o)
                              /usr/lib/gcc/arm-none-eabi/10.3.1/thumb/v7e-m+fp/hard/libgcc.a(_aeabi_ldivmod.o) (__aeabi_ldiv0)
/usr/lib/gcc/arm-none-eabi/10.3.1/../../../arm-none-eabi/lib/thumb/v7e-m+fp/hard/libc.a(lib_a-memcmp.o)
                              obj/tasks.o (memcmp)
/usr/lib/gcc/arm-none-eabi/10.3.1/../../../arm-none-eabi/lib/thumb/v7e-m+fp/hard/libc.a(lib_a-memcpy.o)
                              obj/queue.o (memcpy)

Discarded input sections

 .debug_loc     0x0000000000000000       0x32 /usr/lib/gcc/arm-none-eabi/10.3.1/../../../arm-none-eabi/lib/thumb/v7e-m+fp/hard/libc.a(lib_a-atexit.o)
 .debug_str     0x0000000000000000      0x1e4 /usr/lib/gcc/arm-none-eabi/10.3.1/../../../arm-none-eabi/lib/thumb/v7e-m+fp/hard/libc.a(lib_a-atexit.o)
 .debug_frame   0x0000000000000000       0x20 /usr/lib/gcc/arm-none-eabi/10.3.1/../../../arm-none-eabi/lib/thumb/v7e-m+fp/hard/libc.a(lib_a-atexit.o)
 .ARM.attributes
                0x0000000000000000       0x34 /usr/lib/gcc/arm-none-eabi/10.3.1/../../../arm-none-eabi/lib/thumb/v7e-m+fp/hard/libc.a(lib_a-atexit.o)
 .debug_loc     0x0000000000000000       0x22 /usr/lib/gcc/arm-none-eabi/10.3.1/../../../arm-none-eabi/lib/thumb/v7e-m+fp/hard/libc.a(lib_a-exit.o)
 .debug_str     0x0000000000000000      0x58b /usr/lib/gcc/arm-none-eabi/10.3.1/../../../arm-none-eabi/lib/thumb/v7e-m+fp/hard/libc.a(lib_a-exit.o)
 .debug_frame   0x0000000000000000       0x28 /usr/lib/gcc/arm-none-eabi/10.3.1/../../../arm-none-eabi/lib/thumb/v7e-m+fp/hard/libc.a(lib_a-exit.o)
 .ARM.attributes
                0x0000000000000000       0x34 /usr/lib/gcc/arm-none-eabi/10.3.1/../../../arm-none-eabi/lib/thumb/v7e-m+fp/hard/libc.a(lib_a-exit.o)
 .debug_loc     0x0000000000000000       0x68 /usr/lib/gcc/arm-none-eabi/10.3.1/../../../arm-none-eabi/lib/thumb/v7e-m+fp/hard/libc.a(lib_a-fini.o)
 .debug_str     0x0000000000000000      0x1dc /usr/lib/gcc/arm-none-eabi/10.3.1/../../../arm-none-eabi/lib/thumb/v7e-m+fp/hard/libc.a(lib_a-fini.o)
 .debug_frame   0x0000000000000000       0x34 /usr/lib/gcc/arm-none-eabi/10.3.1/../../../arm-none-eabi/lib/thumb/v7e-m+fp/hard/libc.a(lib_a-fini.o)
 .ARM.attributes
                0x0000000000000000       0x34 /usr/lib/gcc/arm-none-eabi/10.3.1/../../../arm-none-eabi/lib/thumb/v7e-m+fp/hard/libc.a(lib_a-fini.o)
[...]
Memory Configuration

Name             Origin             Length             Attributes
flash            0x0000000008004000 0x00000000001fc000 xr
sram             0x0000000020000000 0x0000000000030000 xrw
ccsram           0x0000000010000000 0x0000000000010000 xrw
*default*        0x0000000000000000 0xffffffffffffffff

Linker script and memory map

LOAD /usr/lib/gcc/arm-none-eabi/10.3.1/thumb/v7e-m+fp/hard/crti.o
LOAD /usr/lib/gcc/arm-none-eabi/10.3.1/thumb/v7e-m+fp/hard/crtbegin.o
LOAD /usr/lib/gcc/arm-none-eabi/10.3.1/../../../arm-none-eabi/lib/thumb/v7e-m+fp/hard/crt0.o
                0x0000000020030000                _estack = 0x20030000
                0x0000000000000000                _min_heap_size = 0x0
                0x0000000000000400                _min_stack_size = 0x400

.isr_vector     0x0000000008004000      0x1ac
                0x0000000008004000                . = ALIGN (0x4)
 *(.isr_vector)
 .isr_vector    0x0000000008004000      0x1ac obj/vector_table.o
                0x0000000008004000                g_vectors
                0x00000000080041ac                . = ALIGN (0x4)

.text           0x00000000080041ac     0x3288
 *(.text .text.*)
 .text          0x00000000080041ac        0x0 /usr/lib/gcc/arm-none-eabi/10.3.1/thumb/v7e-m+fp/hard/crti.o
 .text          0x00000000080041ac       0x88 /usr/lib/gcc/arm-none-eabi/10.3.1/thumb/v7e-m+fp/hard/crtbegin.o
 .text          0x0000000008004234       0x70 /usr/lib/gcc/arm-none-eabi/10.3.1/../../../arm-none-eabi/lib/thumb/v7e-m+fp/hard/crt0.o
                0x0000000008004234                _stack_init
                0x000000000800423c                _mainCRTStartup
                0x000000000800423c                _start
 .text          0x00000000080042a4        0xc /usr/lib/gcc/arm-none-eabi/10.3.1/../../../arm-none-eabi/lib/thumb/v7e-m+fp/hard/libc.a(lib_a-atexit.o)
                0x00000000080042a4                atexit
 .text          0x00000000080042b0       0x20 /usr/lib/gcc/arm-none-eabi/10.3.1/../../../arm-none-eabi/lib/thumb/v7e-m+fp/hard/libc.a(lib_a-exit.o)
                0x00000000080042b0                exit
 .text          0x00000000080042d0       0x2c /usr/lib/gcc/arm-none-eabi/10.3.1/../../../arm-none-eabi/lib/thumb/v7e-m+fp/hard/libc.a(lib_a-fini.o)
                0x00000000080042d0                __libc_fini_array
 .text          0x00000000080042fc        0x0 /usr/lib/gcc/arm-none-eabi/10.3.1/../../../arm-none-eabi/lib/thumb/v7e-m+fp/hard/libc.a(lib_a-impure.o)
 .text          0x00000000080042fc       0x48 /usr/lib/gcc/arm-none-eabi/10.3.1/../../../arm-none-eabi/lib/thumb/v7e-m+fp/hard/libc.a(lib_a-init.o)
                0x00000000080042fc                __libc_init_array
 .text          0x0000000008004344       0xa4 /usr/lib/gcc/arm-none-eabi/10.3.1/../../../arm-none-eabi/lib/thumb/v7e-m+fp/hard/libc.a(lib_a-memset.o)
                0x0000000008004344                memset
 .text          0x00000000080043e8       0x68 /usr/lib/gcc/arm-none-eabi/10.3.1/../../../arm-none-eabi/lib/thumb/v7e-m+fp/hard/libc.a(lib_a-__atexit.o)
                0x00000000080043e8                __register_exitproc
 .text          0x0000000008004450       0xb8 /usr/lib/gcc/arm-none-eabi/10.3.1/../../../arm-none-eabi/lib/thumb/v7e-m+fp/hard/libc.a(lib_a-__call_atexit.o)
                0x0000000008004450                __call_exitprocs
 .text.startup  0x0000000008004508       0x14 /usr/lib/gcc/arm-none-eabi/10.3.1/../../../arm-none-eabi/lib/thumb/v7e-m+fp/hard/libc.a(lib_a-__call_atexit.o)
 .text          0x000000000800451c        0x8 obj/freertos_atomic_wrapper.o
                0x000000000800451c                ivory_freertos_begin_atomic
                0x0000000008004520                ivory_freertos_end_atomic
 .text          0x0000000008004524       0x80 obj/freertos_semaphore_wrapper.o
                0x0000000008004524                ivory_freertos_binary_semaphore_create
                0x0000000008004540                ivory_freertos_binary_semaphore_takeblocking
                0x000000000800455c                ivory_freertos_binary_semaphore_give
                0x0000000008004576                ivory_freertos_binary_semaphore_give_from_isr
 .text          0x00000000080045a4       0x4e obj/freertos_mutex_wrapper.o
                0x00000000080045a4                ivory_freertos_mutex_create
                0x00000000080045bc                ivory_freertos_mutex_takeblocking
                0x00000000080045d8                ivory_freertos_mutex_give
 .text          0x00000000080045f2       0x2c obj/freertos_task_wrapper.o
                0x00000000080045f2                ivory_freertos_task_create
 .text          0x000000000800461e       0x10 obj/freertos_time_wrapper.o
                0x000000000800461e                ivory_freertos_time_delay
                0x0000000008004622                ivory_freertos_time_delayuntil
                0x0000000008004626                ivory_freertos_time_gettickcount
                0x000000000800462a                ivory_freertos_time_gettickrate_ms
 .text          0x000000000800462e       0x80 obj/list.o
                0x000000000800462e                vListInitialise
                0x0000000008004644                vListInitialiseItem
                0x000000000800464a                vListInsertEnd
                0x0000000008004662                vListInsert
                0x0000000008004690                uxListRemove
 .text          0x00000000080046ae      0x800 obj/queue.o
                0x00000000080047b6                xQueueGenericReset
                0x0000000008004834                xQueueGenericCreate
                0x0000000008004890                xQueueGenericSend
                0x00000000080049e6                xQueueCreateMutex
                0x0000000008004a3c                xQueueGenericSendFromISR
                0x0000000008004af4                xQueueGiveFromISR
                0x0000000008004b7e                xQueueGenericReceive
                0x0000000008004ce4                xQueueReceiveFromISR
                0x0000000008004d72                xQueuePeekFromISR
                0x0000000008004de8                uxQueueMessagesWaiting
                0x0000000008004e12                uxQueueSpacesAvailable
                0x0000000008004e40                uxQueueMessagesWaitingFromISR
                0x0000000008004e58                vQueueDelete
                0x0000000008004e70                xQueueIsQueueEmptyFromISR
                0x0000000008004e8e                xQueueIsQueueFullFromISR
 *fill*         0x0000000008004eae        0x2 
 .text          0x0000000008004eb0     0x1274 obj/tasks.o
                0x0000000008004f44                xTaskGenericCreate
                0x00000000080050fc                vTaskDelete
                0x00000000080051b0                uxTaskPriorityGet
                0x00000000080051d0                uxTaskPriorityGetFromISR
                0x0000000008005200                vTaskPrioritySet
                0x00000000080052dc                vTaskResume
                0x0000000008005364                xTaskResumeFromISR
                0x0000000008005404                vTaskStartScheduler
                0x0000000008005468                vTaskEndScheduler
                0x0000000008005488                vTaskSuspendAll
                0x000000000800549c                xTaskGetTickCount
                0x00000000080054a8                xTaskGetTickCountFromISR
                0x00000000080054b8                uxTaskGetNumberOfTasks
                0x00000000080054c4                xTaskIncrementTick
                0x00000000080055c0                xTaskResumeAll
                0x000000000800569c                vTaskDelayUntil
                0x0000000008005744                vTaskDelay
                0x0000000008005820                vTaskSwitchContext
                0x00000000080058bc                vTaskSuspend
                0x0000000008005970                vTaskPlaceOnEventList
                0x00000000080059d4                vTaskPlaceOnUnorderedEventList
                0x0000000008005a58                xTaskRemoveFromEventList
                0x0000000008005ad4                xTaskRemoveFromUnorderedEventList
                0x0000000008005b58                vTaskSetTimeOutState
                0x0000000008005b80                xTaskCheckForTimeOut
                0x0000000008005bf0                vTaskMissedYield
                0x0000000008005c00                xTaskGetCurrentTaskHandle
                0x0000000008005c0c                vTaskPriorityInherit
                0x0000000008005ca0                xTaskPriorityDisinherit
                0x0000000008005d30                uxTaskResetEventItemValue
                0x0000000008005d48                pvTaskIncrementMutexHeldCount
                0x0000000008005d60                ulTaskNotifyTake
                0x0000000008005df8                xTaskNotifyWait
                0x0000000008005eb4                xTaskNotify
                0x0000000008005f7c                xTaskNotifyFromISR
                0x0000000008006068                vTaskNotifyGiveFromISR
 .text          0x0000000008006124        0x0 obj/timers.o
 .text          0x0000000008006124      0x2d0 obj/port.o
                0x000000000800617c                pxPortInitialiseStack
                0x00000000080061a0                SVCall_Handler
                0x00000000080061c0                vPortEndScheduler
                0x00000000080061e4                vPortEnterCritical
                0x0000000008006224                vPortExitCritical
                0x000000000800624c                PendSV_Handler
                0x00000000080062ac                SysTick_Handler
                0x00000000080062dc                vPortSetupTimerInterrupt
                0x00000000080062f0                xPortStartScheduler
                0x0000000008006398                vPortValidateInterruptPriority
 .text          0x00000000080063f4       0x84 obj/heap_1.o
                0x00000000080063f4                pvPortMalloc
                0x0000000008006440                vPortFree
                0x0000000008006456                vPortInitialiseBlocks
                0x0000000008006464                xPortGetFreeHeapSize
 .text          0x0000000008006478       0x48 obj/syscalls.o
                0x0000000008006478                _sbrk
                0x0000000008006494                link
                0x000000000800649a                _close
                0x00000000080064a0                _fstat
                0x00000000080064aa                _isatty
                0x00000000080064ae                _lseek
                0x00000000080064b2                _read
                0x00000000080064b6                _exit
                0x00000000080064b8                _kill
                0x00000000080064ba                _getpid
 .text          0x00000000080064c0        0x0 obj/spiDriverTypes.o
 .text          0x00000000080064c0      0x110 obj/tower_user_thread_signal_SPI4_IRQHandler.o
                0x00000000080064c0                callback_irq_thread_signal_SPI4_IRQHandler
 .text          0x00000000080065d0       0x50 obj/tower_gen_thread_signal_SPI4_IRQHandler.o
                0x00000000080065d0                loop_thread_signal_SPI4_IRQHandler
                0x0000000008006608                SPI4_IRQHandler
 .text          0x0000000008006620       0x88 obj/tower_user_thread_period_1ms.o
                0x0000000008006620                callback_result_thread_period_1ms
                0x000000000800663e                callback_spi_shutdown_watchdog_thread_period_1ms
 .text          0x00000000080066a8       0x74 obj/tower_gen_thread_period_1ms.o
                0x00000000080066a8                loop_thread_period_1ms
                0x0000000008006700                emitter_spi_shutdown_watchdog_chan_2_thread_period_1ms_emit
 .text          0x000000000800671c       0xd0 obj/tower_user_thread_period_250ms.o
                0x000000000800671c                callback_periodic_thread_period_250ms
                0x000000000800677c                callback_request_thread_period_250ms
 .text          0x00000000080067ec       0x7c obj/tower_gen_thread_period_250ms.o
                0x00000000080067ec                loop_thread_period_250ms
                0x000000000800684c                emitter_periodic_chan_1_thread_period_250ms_emit
 .text          0x0000000008006868      0x150 obj/tower_user_thread_init.o
                0x0000000008006868                callback_initialize_hardware_thread_init
 .text          0x00000000080069b8       0x2c obj/tower_gen_thread_init.o
                0x00000000080069b8                loop_thread_init
 .text          0x00000000080069e4        0x0 obj/tower_state_monitor_simplecontroller.o
 .text          0x00000000080069e4       0x24 obj/tower_gen_monitor_simplecontroller.o
                0x00000000080069e4                monitor_init_simplecontroller
                0x00000000080069f0                monitor_lock_simplecontroller
                0x00000000080069fc                monitor_unlock_simplecontroller
 .text          0x0000000008006a08       0x80 obj/tower_state_monitor_spi4PeripheralDriver.o
                0x0000000008006a08                testdevice1_250khz_pinE2_devicebegin
                0x0000000008006a48                testdevice2_500khz_pinE3_devicebegin
 .text          0x0000000008006a88       0x24 obj/tower_gen_monitor_spi4PeripheralDriver.o
                0x0000000008006a88                monitor_init_spi4PeripheralDriver
                0x0000000008006a94                monitor_lock_spi4PeripheralDriver
                0x0000000008006aa0                monitor_unlock_spi4PeripheralDriver
 .text          0x0000000008006aac       0x60 obj/tower_init.o
                0x0000000008006aac                tower_entry
 .text          0x0000000008006b0c      0x13c obj/stm32_main.o
                0x0000000008006b0c                Reset_Handler
 .text          0x0000000008006c48       0x1e obj/tower_time.o
                0x0000000008006c48                tower_get_time
 *fill*         0x0000000008006c66        0x2 
 .text          0x0000000008006c68       0x68 obj/stm32_freertos_init.o
                0x0000000008006c70                init_relocate
                0x0000000008006cc4                init_libc
                0x0000000008006cc8                vApplicationStackOverflowHook
 .text.startup  0x0000000008006cd0       0x28 obj/stm32_freertos_init.o
                0x0000000008006cd0                main
 .text          0x0000000008006cf8       0x14 obj/vector_table.o
 .text.defaultExceptionHandler
                0x0000000008006d0c        0x2 obj/vector_table.o
                0x0000000008006d0c                RTC_Alarm_IRQHandler
                0x0000000008006d0c                HASH_RNG_IRQHandler
                0x0000000008006d0c                EXTI2_IRQHandler
                0x0000000008006d0c                TIM8_CC_IRQHandler
                0x0000000008006d0c                UART8_IRQHandler
                0x0000000008006d0c                TIM1_CC_IRQHandler
                0x0000000008006d0c                DMA2_Stream5_IRQHandler
                0x0000000008006d0c                HardFault_Handler
                0x0000000008006d0c                DMA1_Stream5_IRQHandler
                0x0000000008006d0c                PVD_IRQHandler
                0x0000000008006d0c                SDIO_IRQHandler
                0x0000000008006d0c                LCD_TFT_ER_IRQHandler
                0x0000000008006d0c                TAMP_STAMP_IRQHandler
                0x0000000008006d0c                CAN2_RX1_IRQHandler
                0x0000000008006d0c                EXTI3_IRQHandler
                0x0000000008006d0c                TIM8_TRG_COM_TIM14_IRQHandler
                0x0000000008006d0c                TIM1_UP_TIM10_IRQHandler
                0x0000000008006d0c                TIM8_UP_TIM13_IRQHandler
                0x0000000008006d0c                I2C3_ER_IRQHandler
                0x0000000008006d0c                LCD_TFT_IRQHandler
                0x0000000008006d0c                EXTI0_IRQHandler
                0x0000000008006d0c                I2C2_EV_IRQHandler
                0x0000000008006d0c                DMA1_Stream2_IRQHandler
                0x0000000008006d0c                CAN1_RX0_IRQHandler
                0x0000000008006d0c                FPU_IRQHandler
                0x0000000008006d0c                OTG_HS_WKUP_IRQHandler
                0x0000000008006d0c                UsageFault_Handler
                0x0000000008006d0c                CAN2_SCE_IRQHandler
                0x0000000008006d0c                MemoryManagment_Handler
                0x0000000008006d0c                DMA2_Stream2_IRQHandler
                0x0000000008006d0c                SPI1_IRQHandler
                0x0000000008006d0c                TIM6_DAC_IRQHandler
                0x0000000008006d0c                TIM1_BRK_TIM9_IRQHandler
                0x0000000008006d0c                DCMI_IRQHandler
                0x0000000008006d0c                CAN2_RX0_IRQHandler
                0x0000000008006d0c                DMA2_Stream3_IRQHandler
                0x0000000008006d0c                USART6_IRQHandler
                0x0000000008006d0c                USART3_IRQHandler
                0x0000000008006d0c                CRYP_IRQHandler
                0x0000000008006d0c                CAN1_RX1_IRQHandler
                0x0000000008006d0c                UART5_IRQHandler
                0x0000000008006d0c                DMA2_Stream0_IRQHandler
                0x0000000008006d0c                TIM4_IRQHandler
                0x0000000008006d0c                I2C1_EV_IRQHandler
                0x0000000008006d0c                DMA1_Stream6_IRQHandler
                0x0000000008006d0c                DMA1_Stream1_IRQHandler
                0x0000000008006d0c                UART4_IRQHandler
                0x0000000008006d0c                TIM3_IRQHandler
                0x0000000008006d0c                RCC_IRQHandler
                0x0000000008006d0c                TIM8_BRK_TIM12_IRQHandler
                0x0000000008006d0c                EXTI15_10_IRQHandler
                0x0000000008006d0c                ADC_IRQHandler
                0x0000000008006d0c                DMA1_Stream7_IRQHandler
                0x0000000008006d0c                SPI5_IRQHandler
                0x0000000008006d0c                TIM7_IRQHandler
                0x0000000008006d0c                CAN2_TX_IRQHandler
                0x0000000008006d0c                TIM5_IRQHandler
                0x0000000008006d0c                DMA2_Stream7_IRQHandler
                0x0000000008006d0c                I2C3_EV_IRQHandler
                0x0000000008006d0c                EXTI9_5_IRQHandler
                0x0000000008006d0c                RTC_WKUP_IRQHandler
                0x0000000008006d0c                ETH_WKUP_IRQHandler
                0x0000000008006d0c                SPI2_IRQHandler
                0x0000000008006d0c                OTG_HS_EP1_IN_IRQHandler
                0x0000000008006d0c                DMA1_Stream0_IRQHandler
                0x0000000008006d0c                CAN1_TX_IRQHandler
                0x0000000008006d0c                NonMaskable_Handler
                0x0000000008006d0c                EXTI4_IRQHandler
                0x0000000008006d0c                FSMC_IRQHandler
                0x0000000008006d0c                ETH_IRQHandler
                0x0000000008006d0c                OTG_HS_EP1_OUT_IRQHandler
                0x0000000008006d0c                WWDG_IRQHandler
                0x0000000008006d0c                SPI6_IRQHandler
                0x0000000008006d0c                TIM2_IRQHandler
                0x0000000008006d0c                OTG_FS_WKUP_IRQHandler
                0x0000000008006d0c                TIM1_TRG_COM_TIM11_IRQHandler
                0x0000000008006d0c                OTG_HS_IRQHandler
                0x0000000008006d0c                DMA2D_IRQHandler
                0x0000000008006d0c                EXTI1_IRQHandler
                0x0000000008006d0c                UART7_IRQHandler
                0x0000000008006d0c                USART2_IRQHandler
                0x0000000008006d0c                I2C2_ER_IRQHandler
                0x0000000008006d0c                DMA2_Stream1_IRQHandler
                0x0000000008006d0c                CAN1_SCE_IRQHandler
                0x0000000008006d0c                FLASH_IRQHandler
                0x0000000008006d0c                DMA2_Stream4_IRQHandler
                0x0000000008006d0c                BusFault_Handler
                0x0000000008006d0c                USART1_IRQHandler
                0x0000000008006d0c                OTG_FS_IRQHandler
                0x0000000008006d0c                SPI3_IRQHandler
                0x0000000008006d0c                DMA1_Stream4_IRQHandler
                0x0000000008006d0c                I2C1_ER_IRQHandler
                0x0000000008006d0c                DebugMonitor_Handler
                0x0000000008006d0c                DMA2_Stream6_IRQHandler
                0x0000000008006d0c                SAI1_IRQHandler
                0x0000000008006d0c                DMA1_Stream3_IRQHandler
 .text          0x0000000008006d0e        0x4 obj/stm32_freertos_user_assert.o
                0x0000000008006d0e                ivory_user_assert_hook
 *fill*         0x0000000008006d12        0x2 
 .text          0x0000000008006d14       0xa0 /usr/lib/gcc/arm-none-eabi/10.3.1/thumb/v7e-m+fp/hard/libgcc.a(_aeabi_ldivmod.o)
                0x0000000008006d14                __aeabi_ldivmod
 .text          0x0000000008006db4       0x30 /usr/lib/gcc/arm-none-eabi/10.3.1/thumb/v7e-m+fp/hard/libgcc.a(_aeabi_uldivmod.o)
                0x0000000008006db4                __aeabi_uldivmod
 .text          0x0000000008006de4      0x2d0 /usr/lib/gcc/arm-none-eabi/10.3.1/thumb/v7e-m+fp/hard/libgcc.a(_udivmoddi4.o)
                0x0000000008006de4                __udivmoddi4
 .text          0x00000000080070b4        0x4 /usr/lib/gcc/arm-none-eabi/10.3.1/thumb/v7e-m+fp/hard/libgcc.a(_dvmd_tls.o)
                0x00000000080070b4                __aeabi_ldiv0
                0x00000000080070b4                __aeabi_idiv0
 .text          0x00000000080070b8       0x64 /usr/lib/gcc/arm-none-eabi/10.3.1/../../../arm-none-eabi/lib/thumb/v7e-m+fp/hard/libc.a(lib_a-memcmp.o)
                0x00000000080070b8                memcmp
 .text          0x000000000800711c      0x134 /usr/lib/gcc/arm-none-eabi/10.3.1/../../../arm-none-eabi/lib/thumb/v7e-m+fp/hard/libc.a(lib_a-memcpy.o)
                0x000000000800711c                memcpy
 .text          0x0000000008007250        0x0 /usr/lib/gcc/arm-none-eabi/10.3.1/thumb/v7e-m+fp/hard/crtend.o
 .text          0x0000000008007250        0x0 /usr/lib/gcc/arm-none-eabi/10.3.1/thumb/v7e-m+fp/hard/crtn.o
 *(.fixup)
 *(.gnu.warning)
 *(.rodata .rodata.*)
 .rodata        0x0000000008007250       0x24 /usr/lib/gcc/arm-none-eabi/10.3.1/thumb/v7e-m+fp/hard/crtbegin.o
 .rodata        0x0000000008007274        0x4 /usr/lib/gcc/arm-none-eabi/10.3.1/../../../arm-none-eabi/lib/thumb/v7e-m+fp/hard/libc.a(lib_a-impure.o)
                0x0000000008007274                _global_impure_ptr
 .rodata.str1.1
                0x0000000008007278        0x5 obj/tasks.o
 .rodata        0x000000000800727d       0x14 obj/tasks.o
 *fill*         0x0000000008007291        0x3 
 .rodata        0x0000000008007294      0x110 obj/tower_user_thread_period_250ms.o
 .rodata.str1.1
                0x00000000080073a4       0x44 obj/tower_init.o
 .rodata.str1.1
                0x00000000080073e8        0xa obj/stm32_freertos_init.o
 *fill*         0x00000000080073f2        0x2 
 .rodata        0x00000000080073f4       0x24 /usr/lib/gcc/arm-none-eabi/10.3.1/thumb/v7e-m+fp/hard/crtend.o
 *(.glue_7)
 .glue_7        0x0000000008007418        0x0 linker stubs
 *(.glue_7t)
 .glue_7t       0x0000000008007418        0x0 linker stubs
 *(.eh_frame)
 .eh_frame      0x0000000008007418        0x0 /usr/lib/gcc/arm-none-eabi/10.3.1/thumb/v7e-m+fp/hard/crtbegin.o
 .eh_frame      0x0000000008007418        0x4 /usr/lib/gcc/arm-none-eabi/10.3.1/thumb/v7e-m+fp/hard/crtend.o
 *(.gnu.linkonce.t.*)
 *(.got)
 *(.gcc_except_table)
 *(.gnu.linkonce.r.*)
 *(.init)
 .init          0x000000000800741c        0x4 /usr/lib/gcc/arm-none-eabi/10.3.1/thumb/v7e-m+fp/hard/crti.o
                0x000000000800741c                _init
 .init          0x0000000008007420        0x8 /usr/lib/gcc/arm-none-eabi/10.3.1/thumb/v7e-m+fp/hard/crtn.o
 *(.fini)
 .fini          0x0000000008007428        0x4 /usr/lib/gcc/arm-none-eabi/10.3.1/thumb/v7e-m+fp/hard/crti.o
                0x0000000008007428                _fini
 .fini          0x000000000800742c        0x8 /usr/lib/gcc/arm-none-eabi/10.3.1/thumb/v7e-m+fp/hard/crtn.o
                0x0000000008007434                . = ALIGN (0x4)
                0x0000000008007434                _etext = ABSOLUTE (.)

.vfp11_veneer   0x0000000008007434        0x0
 .vfp11_veneer  0x0000000008007434        0x0 linker stubs

.v4_bx          0x0000000008007434        0x0
 .v4_bx         0x0000000008007434        0x0 linker stubs

.iplt           0x0000000008007434        0x0
 .iplt          0x0000000008007434        0x0 /usr/lib/gcc/arm-none-eabi/10.3.1/thumb/v7e-m+fp/hard/crtbegin.o

.ARM.extab      0x0000000008007434        0x0
 *(.ARM.extab*)
 .ARM.extab     0x0000000008007434        0x0 /usr/lib/gcc/arm-none-eabi/10.3.1/../../../arm-none-eabi/lib/thumb/v7e-m+fp/hard/crt0.o
 .ARM.extab     0x0000000008007434        0x0 /usr/lib/gcc/arm-none-eabi/10.3.1/thumb/v7e-m+fp/hard/libgcc.a(_udivmoddi4.o)
                0x0000000008007434                __exidx_start = ABSOLUTE (.)

.ARM.exidx      0x0000000008007434        0x8
 *(.ARM.exidx*)
 .ARM.exidx     0x0000000008007434        0x8 /usr/lib/gcc/arm-none-eabi/10.3.1/../../../arm-none-eabi/lib/thumb/v7e-m+fp/hard/crt0.o
                                         0x10 (size before relaxing)
 .ARM.exidx     0x000000000800743c        0x0 /usr/lib/gcc/arm-none-eabi/10.3.1/thumb/v7e-m+fp/hard/libgcc.a(_udivmoddi4.o)
                                          0x8 (size before relaxing)
                0x000000000800743c                __exidx_end = ABSOLUTE (.)

.rel.dyn        0x000000000800743c        0x0
 .rel.iplt      0x000000000800743c        0x0 /usr/lib/gcc/arm-none-eabi/10.3.1/thumb/v7e-m+fp/hard/crtbegin.o

.preinit_array  0x000000000800743c        0x0
                0x000000000800743c                PROVIDE (__preinit_array_start = .)
 *(.preinit_array)
                0x000000000800743c                PROVIDE (__preinit_array_end = .)

.init_array     0x000000000800743c        0x4
                0x000000000800743c                PROVIDE (__init_array_start = .)
 *(.init_array)
 .init_array    0x000000000800743c        0x4 /usr/lib/gcc/arm-none-eabi/10.3.1/thumb/v7e-m+fp/hard/crtbegin.o
                0x0000000008007440                PROVIDE (__init_array_end = .)

.ctors
 *crtbegin.o(.ctors)
 *crtbegin?.o(.ctors)
 *(EXCLUDE_FILE(*crtend?.o *crtend.o) .ctors)
 *(SORT_BY_NAME(.ctors.*))
 *(.ctors)

.data           0x0000000010000000      0x440 load address 0x0000000008007440
                0x0000000008007440                _sidata = LOADADDR (.data)
                0x0000000010000000                _sdata = ABSOLUTE (.)
 *(.data .data.*)
 .data          0x0000000010000000        0x0 /usr/lib/gcc/arm-none-eabi/10.3.1/thumb/v7e-m+fp/hard/crti.o
 .data          0x0000000010000000        0x4 /usr/lib/gcc/arm-none-eabi/10.3.1/thumb/v7e-m+fp/hard/crtbegin.o
                0x0000000010000000                __dso_handle
 .data          0x0000000010000004        0x0 /usr/lib/gcc/arm-none-eabi/10.3.1/../../../arm-none-eabi/lib/thumb/v7e-m+fp/hard/crt0.o
 .data          0x0000000010000004        0x0 /usr/lib/gcc/arm-none-eabi/10.3.1/../../../arm-none-eabi/lib/thumb/v7e-m+fp/hard/libc.a(lib_a-atexit.o)
 .data          0x0000000010000004        0x0 /usr/lib/gcc/arm-none-eabi/10.3.1/../../../arm-none-eabi/lib/thumb/v7e-m+fp/hard/libc.a(lib_a-exit.o)
 .data          0x0000000010000004        0x0 /usr/lib/gcc/arm-none-eabi/10.3.1/../../../arm-none-eabi/lib/thumb/v7e-m+fp/hard/libc.a(lib_a-fini.o)
 *fill*         0x0000000010000004        0x4 
 .data          0x0000000010000008      0x430 /usr/lib/gcc/arm-none-eabi/10.3.1/../../../arm-none-eabi/lib/thumb/v7e-m+fp/hard/libc.a(lib_a-impure.o)
                0x0000000010000008                _impure_ptr
 .data          0x0000000010000438        0x0 /usr/lib/gcc/arm-none-eabi/10.3.1/../../../arm-none-eabi/lib/thumb/v7e-m+fp/hard/libc.a(lib_a-init.o)
 .data          0x0000000010000438        0x0 /usr/lib/gcc/arm-none-eabi/10.3.1/../../../arm-none-eabi/lib/thumb/v7e-m+fp/hard/libc.a(lib_a-memset.o)
 .data          0x0000000010000438        0x0 /usr/lib/gcc/arm-none-eabi/10.3.1/../../../arm-none-eabi/lib/thumb/v7e-m+fp/hard/libc.a(lib_a-__atexit.o)
 .data          0x0000000010000438        0x0 /usr/lib/gcc/arm-none-eabi/10.3.1/../../../arm-none-eabi/lib/thumb/v7e-m+fp/hard/libc.a(lib_a-__call_atexit.o)
 .data          0x0000000010000438        0x0 obj/freertos_atomic_wrapper.o
 .data          0x0000000010000438        0x0 obj/freertos_semaphore_wrapper.o
 .data          0x0000000010000438        0x0 obj/freertos_mutex_wrapper.o
 .data          0x0000000010000438        0x0 obj/freertos_task_wrapper.o
 .data          0x0000000010000438        0x0 obj/freertos_time_wrapper.o
 .data          0x0000000010000438        0x0 obj/list.o
 .data          0x0000000010000438        0x0 obj/queue.o
 .data          0x0000000010000438        0x4 obj/tasks.o
 .data          0x000000001000043c        0x0 obj/timers.o
 .data          0x000000001000043c        0x4 obj/port.o
 .data          0x0000000010000440        0x0 obj/heap_1.o
 .data          0x0000000010000440        0x0 obj/syscalls.o
 .data          0x0000000010000440        0x0 obj/spiDriverTypes.o
 .data          0x0000000010000440        0x0 obj/tower_user_thread_signal_SPI4_IRQHandler.o
 .data          0x0000000010000440        0x0 obj/tower_gen_thread_signal_SPI4_IRQHandler.o
 .data          0x0000000010000440        0x0 obj/tower_user_thread_period_1ms.o
 .data          0x0000000010000440        0x0 obj/tower_gen_thread_period_1ms.o
 .data          0x0000000010000440        0x0 obj/tower_user_thread_period_250ms.o
 .data          0x0000000010000440        0x0 obj/tower_gen_thread_period_250ms.o
 .data          0x0000000010000440        0x0 obj/tower_user_thread_init.o
 .data          0x0000000010000440        0x0 obj/tower_gen_thread_init.o
 .data          0x0000000010000440        0x0 obj/tower_state_monitor_simplecontroller.o
 .data          0x0000000010000440        0x0 obj/tower_gen_monitor_simplecontroller.o
 .data          0x0000000010000440        0x0 obj/tower_state_monitor_spi4PeripheralDriver.o
 .data          0x0000000010000440        0x0 obj/tower_gen_monitor_spi4PeripheralDriver.o
 .data          0x0000000010000440        0x0 obj/tower_init.o
 .data          0x0000000010000440        0x0 obj/stm32_main.o
 .data          0x0000000010000440        0x0 obj/tower_time.o
 .data          0x0000000010000440        0x0 obj/stm32_freertos_init.o
 .data          0x0000000010000440        0x0 obj/vector_table.o
 .data          0x0000000010000440        0x0 obj/stm32_freertos_user_assert.o
 .data          0x0000000010000440        0x0 /usr/lib/gcc/arm-none-eabi/10.3.1/thumb/v7e-m+fp/hard/libgcc.a(_aeabi_ldivmod.o)
 .data          0x0000000010000440        0x0 /usr/lib/gcc/arm-none-eabi/10.3.1/thumb/v7e-m+fp/hard/libgcc.a(_aeabi_uldivmod.o)
 .data          0x0000000010000440        0x0 /usr/lib/gcc/arm-none-eabi/10.3.1/thumb/v7e-m+fp/hard/libgcc.a(_udivmoddi4.o)
 .data          0x0000000010000440        0x0 /usr/lib/gcc/arm-none-eabi/10.3.1/thumb/v7e-m+fp/hard/libgcc.a(_dvmd_tls.o)
 .data          0x0000000010000440        0x0 /usr/lib/gcc/arm-none-eabi/10.3.1/../../../arm-none-eabi/lib/thumb/v7e-m+fp/hard/libc.a(lib_a-memcmp.o)
 .data          0x0000000010000440        0x0 /usr/lib/gcc/arm-none-eabi/10.3.1/../../../arm-none-eabi/lib/thumb/v7e-m+fp/hard/libc.a(lib_a-memcpy.o)
 .data          0x0000000010000440        0x0 /usr/lib/gcc/arm-none-eabi/10.3.1/thumb/v7e-m+fp/hard/crtend.o
 .data          0x0000000010000440        0x0 /usr/lib/gcc/arm-none-eabi/10.3.1/thumb/v7e-m+fp/hard/crtn.o
 *(.gnu.linkonce.d.*)
                0x0000000010000440                _edata = ABSOLUTE (.)

.fini_array     0x0000000010000440        0x4 load address 0x0000000008007880
 .fini_array    0x0000000010000440        0x4 /usr/lib/gcc/arm-none-eabi/10.3.1/thumb/v7e-m+fp/hard/crtbegin.o

.tm_clone_table
                0x0000000010000444        0x0 load address 0x0000000008007884
 .tm_clone_table
                0x0000000010000444        0x0 /usr/lib/gcc/arm-none-eabi/10.3.1/thumb/v7e-m+fp/hard/crtbegin.o
 .tm_clone_table
                0x0000000010000444        0x0 /usr/lib/gcc/arm-none-eabi/10.3.1/thumb/v7e-m+fp/hard/crtend.o

.igot.plt       0x0000000010000444        0x0 load address 0x0000000008007884
 .igot.plt      0x0000000010000444        0x0 /usr/lib/gcc/arm-none-eabi/10.3.1/thumb/v7e-m+fp/hard/crtbegin.o
                0x0000000010000444                . = ALIGN (0x4)

.bss            0x0000000020000000    0x1836c
                0x0000000020000000                _sbss = ABSOLUTE (.)
                0x0000000020000000                __bss_start__ = ABSOLUTE (_sbss)
 *(.bss .bss.*)
 .bss           0x0000000020000000        0x0 /usr/lib/gcc/arm-none-eabi/10.3.1/thumb/v7e-m+fp/hard/crti.o
 .bss           0x0000000020000000       0x1c /usr/lib/gcc/arm-none-eabi/10.3.1/thumb/v7e-m+fp/hard/crtbegin.o
 .bss           0x000000002000001c        0x0 /usr/lib/gcc/arm-none-eabi/10.3.1/../../../arm-none-eabi/lib/thumb/v7e-m+fp/hard/crt0.o
 .bss           0x000000002000001c        0x0 /usr/lib/gcc/arm-none-eabi/10.3.1/../../../arm-none-eabi/lib/thumb/v7e-m+fp/hard/libc.a(lib_a-atexit.o)
 .bss           0x000000002000001c        0x0 /usr/lib/gcc/arm-none-eabi/10.3.1/../../../arm-none-eabi/lib/thumb/v7e-m+fp/hard/libc.a(lib_a-exit.o)
 .bss           0x000000002000001c        0x0 /usr/lib/gcc/arm-none-eabi/10.3.1/../../../arm-none-eabi/lib/thumb/v7e-m+fp/hard/libc.a(lib_a-fini.o)
 .bss           0x000000002000001c        0x0 /usr/lib/gcc/arm-none-eabi/10.3.1/../../../arm-none-eabi/lib/thumb/v7e-m+fp/hard/libc.a(lib_a-impure.o)
 .bss           0x000000002000001c        0x0 /usr/lib/gcc/arm-none-eabi/10.3.1/../../../arm-none-eabi/lib/thumb/v7e-m+fp/hard/libc.a(lib_a-init.o)
 .bss           0x000000002000001c        0x0 /usr/lib/gcc/arm-none-eabi/10.3.1/../../../arm-none-eabi/lib/thumb/v7e-m+fp/hard/libc.a(lib_a-memset.o)
 .bss           0x000000002000001c        0x0 /usr/lib/gcc/arm-none-eabi/10.3.1/../../../arm-none-eabi/lib/thumb/v7e-m+fp/hard/libc.a(lib_a-__atexit.o)
 .bss           0x000000002000001c        0x0 /usr/lib/gcc/arm-none-eabi/10.3.1/../../../arm-none-eabi/lib/thumb/v7e-m+fp/hard/libc.a(lib_a-__call_atexit.o)
 .bss           0x000000002000001c        0x0 obj/freertos_atomic_wrapper.o
 .bss           0x000000002000001c        0x0 obj/freertos_semaphore_wrapper.o
 .bss           0x000000002000001c        0x0 obj/freertos_mutex_wrapper.o
 .bss           0x000000002000001c        0x0 obj/freertos_task_wrapper.o
 .bss           0x000000002000001c        0x0 obj/freertos_time_wrapper.o
 .bss           0x000000002000001c        0x0 obj/list.o
 .bss           0x000000002000001c        0x0 obj/queue.o
 .bss           0x000000002000001c       0xfc obj/tasks.o
                0x0000000020000048                pxCurrentTCB
 .bss           0x0000000020000118        0x0 obj/timers.o
 .bss           0x0000000020000118        0x8 obj/port.o
 .bss           0x0000000020000120    0x18008 obj/heap_1.o
 .bss           0x0000000020018128        0x4 obj/syscalls.o
 .bss           0x000000002001812c        0x0 obj/spiDriverTypes.o
 .bss           0x000000002001812c        0x0 obj/tower_user_thread_signal_SPI4_IRQHandler.o
 .bss           0x000000002001812c        0x4 obj/tower_gen_thread_signal_SPI4_IRQHandler.o
                0x000000002001812c                signal_semaphore_thread_signal_SPI4_IRQHandler
 .bss           0x0000000020018130        0x0 obj/tower_user_thread_period_1ms.o
 .bss           0x0000000020018130       0x8c obj/tower_gen_thread_period_1ms.o
 .bss           0x00000000200181bc        0x0 obj/tower_user_thread_period_250ms.o
 .bss           0x00000000200181bc       0x8c obj/tower_gen_thread_period_250ms.o
 .bss           0x0000000020018248        0x0 obj/tower_user_thread_init.o
 .bss           0x0000000020018248        0x0 obj/tower_gen_thread_init.o
 .bss           0x0000000020018248        0x0 obj/tower_state_monitor_simplecontroller.o
 .bss           0x0000000020018248        0x4 obj/tower_gen_monitor_simplecontroller.o
                0x0000000020018248                lock_simplecontroller
 .bss           0x000000002001824c      0x11a obj/tower_state_monitor_spi4PeripheralDriver.o
                0x000000002001824c                resbufferpos
                0x0000000020018250                resbuffer
                0x00000000200182d8                reqbufferpos
                0x00000000200182dc                reqbuffer
                0x0000000020018364                shutdown
                0x0000000020018365                done
 *fill*         0x0000000020018366        0x2 
 .bss           0x0000000020018368        0x4 obj/tower_gen_monitor_spi4PeripheralDriver.o
                0x0000000020018368                lock_spi4PeripheralDriver
 .bss           0x000000002001836c        0x0 obj/tower_init.o
 .bss           0x000000002001836c        0x0 obj/stm32_main.o
 .bss           0x000000002001836c        0x0 obj/tower_time.o
 .bss           0x000000002001836c        0x0 obj/stm32_freertos_init.o
 .bss           0x000000002001836c        0x0 obj/vector_table.o
 .bss           0x000000002001836c        0x0 obj/stm32_freertos_user_assert.o
 .bss           0x000000002001836c        0x0 /usr/lib/gcc/arm-none-eabi/10.3.1/thumb/v7e-m+fp/hard/libgcc.a(_aeabi_ldivmod.o)
 .bss           0x000000002001836c        0x0 /usr/lib/gcc/arm-none-eabi/10.3.1/thumb/v7e-m+fp/hard/libgcc.a(_aeabi_uldivmod.o)
 .bss           0x000000002001836c        0x0 /usr/lib/gcc/arm-none-eabi/10.3.1/thumb/v7e-m+fp/hard/libgcc.a(_udivmoddi4.o)
 .bss           0x000000002001836c        0x0 /usr/lib/gcc/arm-none-eabi/10.3.1/thumb/v7e-m+fp/hard/libgcc.a(_dvmd_tls.o)
 .bss           0x000000002001836c        0x0 /usr/lib/gcc/arm-none-eabi/10.3.1/../../../arm-none-eabi/lib/thumb/v7e-m+fp/hard/libc.a(lib_a-memcmp.o)
 .bss           0x000000002001836c        0x0 /usr/lib/gcc/arm-none-eabi/10.3.1/../../../arm-none-eabi/lib/thumb/v7e-m+fp/hard/libc.a(lib_a-memcpy.o)
 .bss           0x000000002001836c        0x0 /usr/lib/gcc/arm-none-eabi/10.3.1/thumb/v7e-m+fp/hard/crtend.o
 .bss           0x000000002001836c        0x0 /usr/lib/gcc/arm-none-eabi/10.3.1/thumb/v7e-m+fp/hard/crtn.o
 *(.gnu.linkonce.b.*)
 *(COMMON)
                0x000000002001836c                . = ALIGN (0x4)
                0x000000002001836c                _ebss = ABSOLUTE (.)
                0x000000002001836c                __bss_end__ = ABSOLUTE (_ebss)

._user_heap_stack
                0x0000000010000444      0x400
                0x0000000010000444                . = ALIGN (0x4)
                [!provide]                        PROVIDE (end = .)
                0x0000000010000444                PROVIDE (_end = .)
                0x0000000010000444                . = (. + _min_heap_size)
                0x0000000010000844                . = (. + _min_stack_size)
 *fill*         0x0000000010000444      0x400 
                0x0000000010000844                . = ALIGN (0x4)

.stab
 *(.stab)

.stabstr
 *(.stabstr)

.stab.excl
 *(.stab.excl)

.stab.exclstr
 *(.stab.exclstr)

.stab.index
 *(.stab.index)

.stab.indexstr
 *(.stab.indexstr)

.comment        0x0000000000000000       0x33
 *(.comment)
 .comment       0x0000000000000000       0x33 /usr/lib/gcc/arm-none-eabi/10.3.1/thumb/v7e-m+fp/hard/crtbegin.o
                                         0x34 (size before relaxing)
 .comment       0x0000000000000033       0x34 /usr/lib/gcc/arm-none-eabi/10.3.1/../../../arm-none-eabi/lib/thumb/v7e-m+fp/hard/libc.a(lib_a-atexit.o)
 .comment       0x0000000000000033       0x34 /usr/lib/gcc/arm-none-eabi/10.3.1/../../../arm-none-eabi/lib/thumb/v7e-m+fp/hard/libc.a(lib_a-exit.o)
 .comment       0x0000000000000033       0x34 /usr/lib/gcc/arm-none-eabi/10.3.1/../../../arm-none-eabi/lib/thumb/v7e-m+fp/hard/libc.a(lib_a-fini.o)
 .comment       0x0000000000000033       0x34 /usr/lib/gcc/arm-none-eabi/10.3.1/../../../arm-none-eabi/lib/thumb/v7e-m+fp/hard/libc.a(lib_a-impure.o)
 .comment       0x0000000000000033       0x34 /usr/lib/gcc/arm-none-eabi/10.3.1/../../../arm-none-eabi/lib/thumb/v7e-m+fp/hard/libc.a(lib_a-init.o)
 .comment       0x0000000000000033       0x34 /usr/lib/gcc/arm-none-eabi/10.3.1/../../../arm-none-eabi/lib/thumb/v7e-m+fp/hard/libc.a(lib_a-memset.o)
 .comment       0x0000000000000033       0x34 /usr/lib/gcc/arm-none-eabi/10.3.1/../../../arm-none-eabi/lib/thumb/v7e-m+fp/hard/libc.a(lib_a-__atexit.o)
 .comment       0x0000000000000033       0x34 /usr/lib/gcc/arm-none-eabi/10.3.1/../../../arm-none-eabi/lib/thumb/v7e-m+fp/hard/libc.a(lib_a-__call_atexit.o)
 .comment       0x0000000000000033       0x34 obj/freertos_atomic_wrapper.o
 .comment       0x0000000000000033       0x34 obj/freertos_semaphore_wrapper.o
 .comment       0x0000000000000033       0x34 obj/freertos_mutex_wrapper.o
 .comment       0x0000000000000033       0x34 obj/freertos_task_wrapper.o
 .comment       0x0000000000000033       0x34 obj/freertos_time_wrapper.o
 .comment       0x0000000000000033       0x34 obj/list.o
 .comment       0x0000000000000033       0x34 obj/queue.o
 .comment       0x0000000000000033       0x34 obj/tasks.o
 .comment       0x0000000000000033       0x34 obj/timers.o
 .comment       0x0000000000000033       0x34 obj/port.o
 .comment       0x0000000000000033       0x34 obj/heap_1.o
 .comment       0x0000000000000033       0x34 obj/syscalls.o
 .comment       0x0000000000000033       0x34 obj/spiDriverTypes.o
 .comment       0x0000000000000033       0x34 obj/tower_user_thread_signal_SPI4_IRQHandler.o
 .comment       0x0000000000000033       0x34 obj/tower_gen_thread_signal_SPI4_IRQHandler.o
 .comment       0x0000000000000033       0x34 obj/tower_user_thread_period_1ms.o
 .comment       0x0000000000000033       0x34 obj/tower_gen_thread_period_1ms.o
 .comment       0x0000000000000033       0x34 obj/tower_user_thread_period_250ms.o
 .comment       0x0000000000000033       0x34 obj/tower_gen_thread_period_250ms.o
 .comment       0x0000000000000033       0x34 obj/tower_user_thread_init.o
 .comment       0x0000000000000033       0x34 obj/tower_gen_thread_init.o
 .comment       0x0000000000000033       0x34 obj/tower_state_monitor_simplecontroller.o
 .comment       0x0000000000000033       0x34 obj/tower_gen_monitor_simplecontroller.o
 .comment       0x0000000000000033       0x34 obj/tower_state_monitor_spi4PeripheralDriver.o
 .comment       0x0000000000000033       0x34 obj/tower_gen_monitor_spi4PeripheralDriver.o
 .comment       0x0000000000000033       0x34 obj/tower_init.o
 .comment       0x0000000000000033       0x34 obj/stm32_main.o
 .comment       0x0000000000000033       0x34 obj/tower_time.o
 .comment       0x0000000000000033       0x34 obj/stm32_freertos_init.o
 .comment       0x0000000000000033       0x34 obj/stm32_freertos_user_assert.o
 .comment       0x0000000000000033       0x34 /usr/lib/gcc/arm-none-eabi/10.3.1/thumb/v7e-m+fp/hard/libgcc.a(_udivmoddi4.o)
 .comment       0x0000000000000033       0x34 /usr/lib/gcc/arm-none-eabi/10.3.1/../../../arm-none-eabi/lib/thumb/v7e-m+fp/hard/libc.a(lib_a-memcmp.o)
 .comment       0x0000000000000033       0x34 /usr/lib/gcc/arm-none-eabi/10.3.1/thumb/v7e-m+fp/hard/crtend.o

.ARM.attributes
                0x0000000000000000       0x30
 .ARM.attributes
                0x0000000000000000       0x1e /usr/lib/gcc/arm-none-eabi/10.3.1/thumb/v7e-m+fp/hard/crti.o
 .ARM.attributes
                0x000000000000001e       0x34 /usr/lib/gcc/arm-none-eabi/10.3.1/thumb/v7e-m+fp/hard/crtbegin.o
 .ARM.attributes
                0x0000000000000052       0x1c /usr/lib/gcc/arm-none-eabi/10.3.1/../../../arm-none-eabi/lib/thumb/v7e-m+fp/hard/crt0.o
 .ARM.attributes
                0x000000000000006e       0x34 obj/freertos_atomic_wrapper.o
 .ARM.attributes
                0x00000000000000a2       0x34 obj/freertos_semaphore_wrapper.o
 .ARM.attributes
                0x00000000000000d6       0x34 obj/freertos_mutex_wrapper.o
 .ARM.attributes
                0x000000000000010a       0x34 obj/freertos_task_wrapper.o
 .ARM.attributes
                0x000000000000013e       0x34 obj/freertos_time_wrapper.o
 .ARM.attributes
                0x0000000000000172       0x34 obj/list.o
 .ARM.attributes
                0x00000000000001a6       0x34 obj/queue.o
 .ARM.attributes
                0x00000000000001da       0x34 obj/tasks.o
 .ARM.attributes
                0x000000000000020e       0x39 obj/timers.o
 .ARM.attributes
                0x0000000000000247       0x34 obj/port.o
 .ARM.attributes
                0x000000000000027b       0x34 obj/heap_1.o
 .ARM.attributes
                0x00000000000002af       0x34 obj/syscalls.o
 .ARM.attributes
                0x00000000000002e3       0x39 obj/spiDriverTypes.o
 .ARM.attributes
                0x000000000000031c       0x34 obj/tower_user_thread_signal_SPI4_IRQHandler.o
 .ARM.attributes
                0x0000000000000350       0x34 obj/tower_gen_thread_signal_SPI4_IRQHandler.o
 .ARM.attributes
                0x0000000000000384       0x34 obj/tower_user_thread_period_1ms.o
 .ARM.attributes
                0x00000000000003b8       0x34 obj/tower_gen_thread_period_1ms.o
 .ARM.attributes
                0x00000000000003ec       0x34 obj/tower_user_thread_period_250ms.o
 .ARM.attributes
                0x0000000000000420       0x34 obj/tower_gen_thread_period_250ms.o
 .ARM.attributes
                0x0000000000000454       0x34 obj/tower_user_thread_init.o
 .ARM.attributes
                0x0000000000000488       0x34 obj/tower_gen_thread_init.o
 .ARM.attributes
                0x00000000000004bc       0x39 obj/tower_state_monitor_simplecontroller.o
 .ARM.attributes
                0x00000000000004f5       0x34 obj/tower_gen_monitor_simplecontroller.o
 .ARM.attributes
                0x0000000000000529       0x34 obj/tower_state_monitor_spi4PeripheralDriver.o
 .ARM.attributes
                0x000000000000055d       0x34 obj/tower_gen_monitor_spi4PeripheralDriver.o
 .ARM.attributes
                0x0000000000000591       0x34 obj/tower_init.o
 .ARM.attributes
                0x00000000000005c5       0x34 obj/stm32_main.o
 .ARM.attributes
                0x00000000000005f9       0x34 obj/tower_time.o
 .ARM.attributes
                0x000000000000062d       0x34 obj/stm32_freertos_init.o
 .ARM.attributes
                0x0000000000000661       0x21 obj/vector_table.o
 .ARM.attributes
                0x0000000000000682       0x34 obj/stm32_freertos_user_assert.o
 .ARM.attributes
                0x00000000000006b6       0x1e /usr/lib/gcc/arm-none-eabi/10.3.1/thumb/v7e-m+fp/hard/libgcc.a(_aeabi_ldivmod.o)
 .ARM.attributes
                0x00000000000006d4       0x1e /usr/lib/gcc/arm-none-eabi/10.3.1/thumb/v7e-m+fp/hard/libgcc.a(_aeabi_uldivmod.o)
 .ARM.attributes
                0x00000000000006f2       0x34 /usr/lib/gcc/arm-none-eabi/10.3.1/thumb/v7e-m+fp/hard/libgcc.a(_udivmoddi4.o)
 .ARM.attributes
                0x0000000000000726       0x1e /usr/lib/gcc/arm-none-eabi/10.3.1/thumb/v7e-m+fp/hard/libgcc.a(_dvmd_tls.o)
 .ARM.attributes
                0x0000000000000744       0x34 /usr/lib/gcc/arm-none-eabi/10.3.1/../../../arm-none-eabi/lib/thumb/v7e-m+fp/hard/libc.a(lib_a-memcmp.o)
 .ARM.attributes
                0x0000000000000778       0x1c /usr/lib/gcc/arm-none-eabi/10.3.1/../../../arm-none-eabi/lib/thumb/v7e-m+fp/hard/libc.a(lib_a-memcpy.o)
 .ARM.attributes
                0x0000000000000794       0x32 /usr/lib/gcc/arm-none-eabi/10.3.1/thumb/v7e-m+fp/hard/crtend.o
 .ARM.attributes
                0x00000000000007c6       0x1e /usr/lib/gcc/arm-none-eabi/10.3.1/thumb/v7e-m+fp/hard/crtn.o

.debug_abbrev   0x0000000000000000     0x3492
 *(.debug_abbrev)
 .debug_abbrev  0x0000000000000000       0x14 /usr/lib/gcc/arm-none-eabi/10.3.1/../../../arm-none-eabi/lib/thumb/v7e-m+fp/hard/crt0.o
 .debug_abbrev  0x0000000000000014       0xb7 /usr/lib/gcc/arm-none-eabi/10.3.1/../../../arm-none-eabi/lib/thumb/v7e-m+fp/hard/libc.a(lib_a-atexit.o)
 .debug_abbrev  0x00000000000000cb      0x20c /usr/lib/gcc/arm-none-eabi/10.3.1/../../../arm-none-eabi/lib/thumb/v7e-m+fp/hard/libc.a(lib_a-exit.o)
 .debug_abbrev  0x00000000000002d7       0xcf /usr/lib/gcc/arm-none-eabi/10.3.1/../../../arm-none-eabi/lib/thumb/v7e-m+fp/hard/libc.a(lib_a-fini.o)
 .debug_abbrev  0x00000000000003a6      0x1b8 /usr/lib/gcc/arm-none-eabi/10.3.1/../../../arm-none-eabi/lib/thumb/v7e-m+fp/hard/libc.a(lib_a-impure.o)
 .debug_abbrev  0x000000000000055e       0xcc /usr/lib/gcc/arm-none-eabi/10.3.1/../../../arm-none-eabi/lib/thumb/v7e-m+fp/hard/libc.a(lib_a-init.o)
 .debug_abbrev  0x000000000000062a       0xb4 /usr/lib/gcc/arm-none-eabi/10.3.1/../../../arm-none-eabi/lib/thumb/v7e-m+fp/hard/libc.a(lib_a-memset.o)
 .debug_abbrev  0x00000000000006de      0x23f /usr/lib/gcc/arm-none-eabi/10.3.1/../../../arm-none-eabi/lib/thumb/v7e-m+fp/hard/libc.a(lib_a-__atexit.o)
 .debug_abbrev  0x000000000000091d      0x2b2 /usr/lib/gcc/arm-none-eabi/10.3.1/../../../arm-none-eabi/lib/thumb/v7e-m+fp/hard/libc.a(lib_a-__call_atexit.o)
 .debug_abbrev  0x0000000000000bcf       0x6a obj/freertos_atomic_wrapper.o
 .debug_abbrev  0x0000000000000c39      0x107 obj/freertos_semaphore_wrapper.o
 .debug_abbrev  0x0000000000000d40       0xeb obj/freertos_mutex_wrapper.o
 .debug_abbrev  0x0000000000000e2b      0x138 obj/freertos_task_wrapper.o
 .debug_abbrev  0x0000000000000f63       0xea obj/freertos_time_wrapper.o
 .debug_abbrev  0x000000000000104d      0x102 obj/list.o
 .debug_abbrev  0x000000000000114f      0x2fb obj/queue.o
 .debug_abbrev  0x000000000000144a      0x417 obj/tasks.o
 .debug_abbrev  0x0000000000001861       0x29 obj/timers.o
 .debug_abbrev  0x000000000000188a      0x256 obj/port.o
 .debug_abbrev  0x0000000000001ae0      0x175 obj/heap_1.o
 .debug_abbrev  0x0000000000001c55      0x17b obj/syscalls.o
 .debug_abbrev  0x0000000000001dd0       0x29 obj/spiDriverTypes.o
 .debug_abbrev  0x0000000000001df9      0x18a obj/tower_user_thread_signal_SPI4_IRQHandler.o
 .debug_abbrev  0x0000000000001f83      0x1bf obj/tower_gen_thread_signal_SPI4_IRQHandler.o
 .debug_abbrev  0x0000000000002142      0x196 obj/tower_user_thread_period_1ms.o
 .debug_abbrev  0x00000000000022d8      0x1a8 obj/tower_gen_thread_period_1ms.o
 .debug_abbrev  0x0000000000002480      0x1e3 obj/tower_user_thread_period_250ms.o
 .debug_abbrev  0x0000000000002663      0x1a8 obj/tower_gen_thread_period_250ms.o
 .debug_abbrev  0x000000000000280b      0x17c obj/tower_user_thread_init.o
 .debug_abbrev  0x0000000000002987      0x120 obj/tower_gen_thread_init.o
 .debug_abbrev  0x0000000000002aa7       0x13 obj/tower_state_monitor_simplecontroller.o
 .debug_abbrev  0x0000000000002aba       0xd0 obj/tower_gen_monitor_simplecontroller.o
 .debug_abbrev  0x0000000000002b8a      0x157 obj/tower_state_monitor_spi4PeripheralDriver.o
 .debug_abbrev  0x0000000000002ce1       0xd0 obj/tower_gen_monitor_spi4PeripheralDriver.o
 .debug_abbrev  0x0000000000002db1       0xd9 obj/tower_init.o
 .debug_abbrev  0x0000000000002e8a      0x19d obj/stm32_main.o
 .debug_abbrev  0x0000000000003027       0x99 obj/tower_time.o
 .debug_abbrev  0x00000000000030c0      0x14d obj/stm32_freertos_init.o
 .debug_abbrev  0x000000000000320d       0x14 obj/vector_table.o
 .debug_abbrev  0x0000000000003221       0x31 obj/stm32_freertos_user_assert.o
 .debug_abbrev  0x0000000000003252       0x14 /usr/lib/gcc/arm-none-eabi/10.3.1/thumb/v7e-m+fp/hard/libgcc.a(_aeabi_ldivmod.o)
 .debug_abbrev  0x0000000000003266       0x14 /usr/lib/gcc/arm-none-eabi/10.3.1/thumb/v7e-m+fp/hard/libgcc.a(_aeabi_uldivmod.o)
 .debug_abbrev  0x000000000000327a      0x163 /usr/lib/gcc/arm-none-eabi/10.3.1/thumb/v7e-m+fp/hard/libgcc.a(_udivmoddi4.o)
 .debug_abbrev  0x00000000000033dd       0x14 /usr/lib/gcc/arm-none-eabi/10.3.1/thumb/v7e-m+fp/hard/libgcc.a(_dvmd_tls.o)
 .debug_abbrev  0x00000000000033f1       0x8d /usr/lib/gcc/arm-none-eabi/10.3.1/../../../arm-none-eabi/lib/thumb/v7e-m+fp/hard/libc.a(lib_a-memcmp.o)
 .debug_abbrev  0x000000000000347e       0x14 /usr/lib/gcc/arm-none-eabi/10.3.1/../../../arm-none-eabi/lib/thumb/v7e-m+fp/hard/libc.a(lib_a-memcpy.o)

.debug_info     0x0000000000000000     0xcd25
 *(.debug_info)
 .debug_info    0x0000000000000000       0x26 /usr/lib/gcc/arm-none-eabi/10.3.1/../../../arm-none-eabi/lib/thumb/v7e-m+fp/hard/crt0.o
 .debug_info    0x0000000000000026      0x100 /usr/lib/gcc/arm-none-eabi/10.3.1/../../../arm-none-eabi/lib/thumb/v7e-m+fp/hard/libc.a(lib_a-atexit.o)
 .debug_info    0x0000000000000126      0x969 /usr/lib/gcc/arm-none-eabi/10.3.1/../../../arm-none-eabi/lib/thumb/v7e-m+fp/hard/libc.a(lib_a-exit.o)
 .debug_info    0x0000000000000a8f      0x102 /usr/lib/gcc/arm-none-eabi/10.3.1/../../../arm-none-eabi/lib/thumb/v7e-m+fp/hard/libc.a(lib_a-fini.o)
 .debug_info    0x0000000000000b91      0x92a /usr/lib/gcc/arm-none-eabi/10.3.1/../../../arm-none-eabi/lib/thumb/v7e-m+fp/hard/libc.a(lib_a-impure.o)
 .debug_info    0x00000000000014bb      0x11a /usr/lib/gcc/arm-none-eabi/10.3.1/../../../arm-none-eabi/lib/thumb/v7e-m+fp/hard/libc.a(lib_a-init.o)
 .debug_info    0x00000000000015d5      0x137 /usr/lib/gcc/arm-none-eabi/10.3.1/../../../arm-none-eabi/lib/thumb/v7e-m+fp/hard/libc.a(lib_a-memset.o)
 .debug_info    0x000000000000170c      0x9b0 /usr/lib/gcc/arm-none-eabi/10.3.1/../../../arm-none-eabi/lib/thumb/v7e-m+fp/hard/libc.a(lib_a-__atexit.o)
 .debug_info    0x00000000000020bc      0xa3d /usr/lib/gcc/arm-none-eabi/10.3.1/../../../arm-none-eabi/lib/thumb/v7e-m+fp/hard/libc.a(lib_a-__call_atexit.o)
 .debug_info    0x0000000000002af9       0xc8 obj/freertos_atomic_wrapper.o
 .debug_info    0x0000000000002bc1      0x270 obj/freertos_semaphore_wrapper.o
 .debug_info    0x0000000000002e31      0x1f6 obj/freertos_mutex_wrapper.o
 .debug_info    0x0000000000003027      0x1f6 obj/freertos_task_wrapper.o
 .debug_info    0x000000000000321d      0x189 obj/freertos_time_wrapper.o
 .debug_info    0x00000000000033a6      0x2c6 obj/list.o
 .debug_info    0x000000000000366c     0x1642 obj/queue.o
 .debug_info    0x0000000000004cae     0x25be obj/tasks.o
 .debug_info    0x000000000000726c       0x6f obj/timers.o
 .debug_info    0x00000000000072db      0x50a obj/port.o
 .debug_info    0x00000000000077e5      0x1dc obj/heap_1.o
 .debug_info    0x00000000000079c1      0x4d7 obj/syscalls.o
 .debug_info    0x0000000000007e98       0x7d obj/spiDriverTypes.o
 .debug_info    0x0000000000007f15      0x540 obj/tower_user_thread_signal_SPI4_IRQHandler.o
 .debug_info    0x0000000000008455      0x32b obj/tower_gen_thread_signal_SPI4_IRQHandler.o
 .debug_info    0x0000000000008780      0x4cf obj/tower_user_thread_period_1ms.o
 .debug_info    0x0000000000008c4f      0x429 obj/tower_gen_thread_period_1ms.o
 .debug_info    0x0000000000009078      0x48d obj/tower_user_thread_period_250ms.o
 .debug_info    0x0000000000009505      0x429 obj/tower_gen_thread_period_250ms.o
 .debug_info    0x000000000000992e      0xf12 obj/tower_user_thread_init.o
 .debug_info    0x000000000000a840      0x1dc obj/tower_gen_thread_init.o
 .debug_info    0x000000000000aa1c       0x21 obj/tower_state_monitor_simplecontroller.o
 .debug_info    0x000000000000aa3d      0x174 obj/tower_gen_monitor_simplecontroller.o
 .debug_info    0x000000000000abb1      0x60e obj/tower_state_monitor_spi4PeripheralDriver.o
 .debug_info    0x000000000000b1bf      0x174 obj/tower_gen_monitor_spi4PeripheralDriver.o
 .debug_info    0x000000000000b333      0x1bf obj/tower_init.o
 .debug_info    0x000000000000b4f2      0xb46 obj/stm32_main.o
 .debug_info    0x000000000000c038      0x158 obj/tower_time.o
 .debug_info    0x000000000000c190      0x24c obj/stm32_freertos_init.o
 .debug_info    0x000000000000c3dc       0x26 obj/vector_table.o
 .debug_info    0x000000000000c402       0x3c obj/stm32_freertos_user_assert.o
 .debug_info    0x000000000000c43e       0x26 /usr/lib/gcc/arm-none-eabi/10.3.1/thumb/v7e-m+fp/hard/libgcc.a(_aeabi_ldivmod.o)
 .debug_info    0x000000000000c464       0x26 /usr/lib/gcc/arm-none-eabi/10.3.1/thumb/v7e-m+fp/hard/libgcc.a(_aeabi_uldivmod.o)
 .debug_info    0x000000000000c48a      0x717 /usr/lib/gcc/arm-none-eabi/10.3.1/thumb/v7e-m+fp/hard/libgcc.a(_udivmoddi4.o)
 .debug_info    0x000000000000cba1       0x26 /usr/lib/gcc/arm-none-eabi/10.3.1/thumb/v7e-m+fp/hard/libgcc.a(_dvmd_tls.o)
 .debug_info    0x000000000000cbc7      0x138 /usr/lib/gcc/arm-none-eabi/10.3.1/../../../arm-none-eabi/lib/thumb/v7e-m+fp/hard/libc.a(lib_a-memcmp.o)
 .debug_info    0x000000000000ccff       0x26 /usr/lib/gcc/arm-none-eabi/10.3.1/../../../arm-none-eabi/lib/thumb/v7e-m+fp/hard/libc.a(lib_a-memcpy.o)

.debug_line     0x0000000000000000     0xadff
 *(.debug_line)
 .debug_line    0x0000000000000000       0x87 /usr/lib/gcc/arm-none-eabi/10.3.1/../../../arm-none-eabi/lib/thumb/v7e-m+fp/hard/crt0.o
 .debug_line    0x0000000000000087       0xc0 /usr/lib/gcc/arm-none-eabi/10.3.1/../../../arm-none-eabi/lib/thumb/v7e-m+fp/hard/libc.a(lib_a-atexit.o)
 .debug_line    0x0000000000000147      0x179 /usr/lib/gcc/arm-none-eabi/10.3.1/../../../arm-none-eabi/lib/thumb/v7e-m+fp/hard/libc.a(lib_a-exit.o)
 .debug_line    0x00000000000002c0       0xed /usr/lib/gcc/arm-none-eabi/10.3.1/../../../arm-none-eabi/lib/thumb/v7e-m+fp/hard/libc.a(lib_a-fini.o)
 .debug_line    0x00000000000003ad       0xe4 /usr/lib/gcc/arm-none-eabi/10.3.1/../../../arm-none-eabi/lib/thumb/v7e-m+fp/hard/libc.a(lib_a-impure.o)
 .debug_line    0x0000000000000491      0x138 /usr/lib/gcc/arm-none-eabi/10.3.1/../../../arm-none-eabi/lib/thumb/v7e-m+fp/hard/libc.a(lib_a-init.o)
 .debug_line    0x00000000000005c9      0x1bf /usr/lib/gcc/arm-none-eabi/10.3.1/../../../arm-none-eabi/lib/thumb/v7e-m+fp/hard/libc.a(lib_a-memset.o)
 .debug_line    0x0000000000000788      0x19e /usr/lib/gcc/arm-none-eabi/10.3.1/../../../arm-none-eabi/lib/thumb/v7e-m+fp/hard/libc.a(lib_a-__atexit.o)
 .debug_line    0x0000000000000926      0x28d /usr/lib/gcc/arm-none-eabi/10.3.1/../../../arm-none-eabi/lib/thumb/v7e-m+fp/hard/libc.a(lib_a-__call_atexit.o)
 .debug_line    0x0000000000000bb3      0x133 obj/freertos_atomic_wrapper.o
 .debug_line    0x0000000000000ce6      0x252 obj/freertos_semaphore_wrapper.o
 .debug_line    0x0000000000000f38      0x1fa obj/freertos_mutex_wrapper.o
 .debug_line    0x0000000000001132      0x323 obj/freertos_task_wrapper.o
 .debug_line    0x0000000000001455      0x16c obj/freertos_time_wrapper.o
 .debug_line    0x00000000000015c1      0x35a obj/list.o
 .debug_line    0x000000000000191b     0x11ec obj/queue.o
 .debug_line    0x0000000000002b07     0x1f4d obj/tasks.o
 .debug_line    0x0000000000004a54      0x21b obj/timers.o
 .debug_line    0x0000000000004c6f      0x47f obj/port.o
 .debug_line    0x00000000000050ee      0x2e0 obj/heap_1.o
 .debug_line    0x00000000000053ce      0x2eb obj/syscalls.o
 .debug_line    0x00000000000056b9      0x225 obj/spiDriverTypes.o
 .debug_line    0x00000000000058de      0x63c obj/tower_user_thread_signal_SPI4_IRQHandler.o
 .debug_line    0x0000000000005f1a      0x4f0 obj/tower_gen_thread_signal_SPI4_IRQHandler.o
 .debug_line    0x000000000000640a      0x58f obj/tower_user_thread_period_1ms.o
 .debug_line    0x0000000000006999      0x558 obj/tower_gen_thread_period_1ms.o
 .debug_line    0x0000000000006ef1      0x5aa obj/tower_user_thread_period_250ms.o
 .debug_line    0x000000000000749b      0x55f obj/tower_gen_thread_period_250ms.o
 .debug_line    0x00000000000079fa      0x9d9 obj/tower_user_thread_init.o
 .debug_line    0x00000000000083d3      0x3f8 obj/tower_gen_thread_init.o
 .debug_line    0x00000000000087cb       0x47 obj/tower_state_monitor_simplecontroller.o
 .debug_line    0x0000000000008812      0x33d obj/tower_gen_monitor_simplecontroller.o
 .debug_line    0x0000000000008b4f      0x40d obj/tower_state_monitor_spi4PeripheralDriver.o
 .debug_line    0x0000000000008f5c      0x345 obj/tower_gen_monitor_spi4PeripheralDriver.o
 .debug_line    0x00000000000092a1      0x549 obj/tower_init.o
 .debug_line    0x00000000000097ea      0x65f obj/stm32_main.o
 .debug_line    0x0000000000009e49      0x26f obj/tower_time.o
 .debug_line    0x000000000000a0b8      0x392 obj/stm32_freertos_init.o
 .debug_line    0x000000000000a44a       0x3e obj/vector_table.o
 .debug_line    0x000000000000a488       0x53 obj/stm32_freertos_user_assert.o
 .debug_line    0x000000000000a4db       0x7e /usr/lib/gcc/arm-none-eabi/10.3.1/thumb/v7e-m+fp/hard/libgcc.a(_aeabi_ldivmod.o)
 .debug_line    0x000000000000a559       0x60 /usr/lib/gcc/arm-none-eabi/10.3.1/thumb/v7e-m+fp/hard/libgcc.a(_aeabi_uldivmod.o)
 .debug_line    0x000000000000a5b9      0x5ae /usr/lib/gcc/arm-none-eabi/10.3.1/thumb/v7e-m+fp/hard/libgcc.a(_udivmoddi4.o)
 .debug_line    0x000000000000ab67       0x60 /usr/lib/gcc/arm-none-eabi/10.3.1/thumb/v7e-m+fp/hard/libgcc.a(_dvmd_tls.o)
 .debug_line    0x000000000000abc7      0x17a /usr/lib/gcc/arm-none-eabi/10.3.1/../../../arm-none-eabi/lib/thumb/v7e-m+fp/hard/libc.a(lib_a-memcmp.o)
 .debug_line    0x000000000000ad41       0xbe /usr/lib/gcc/arm-none-eabi/10.3.1/../../../arm-none-eabi/lib/thumb/v7e-m+fp/hard/libc.a(lib_a-memcpy.o)

.debug_pubnames
 *(.debug_pubnames)

.debug_aranges  0x0000000000000000      0x5b0
 *(.debug_aranges)
 .debug_aranges
                0x0000000000000000       0x20 /usr/lib/gcc/arm-none-eabi/10.3.1/../../../arm-none-eabi/lib/thumb/v7e-m+fp/hard/crt0.o
 .debug_aranges
                0x0000000000000020       0x20 /usr/lib/gcc/arm-none-eabi/10.3.1/../../../arm-none-eabi/lib/thumb/v7e-m+fp/hard/libc.a(lib_a-atexit.o)
 .debug_aranges
                0x0000000000000040       0x20 /usr/lib/gcc/arm-none-eabi/10.3.1/../../../arm-none-eabi/lib/thumb/v7e-m+fp/hard/libc.a(lib_a-exit.o)
 .debug_aranges
                0x0000000000000060       0x20 /usr/lib/gcc/arm-none-eabi/10.3.1/../../../arm-none-eabi/lib/thumb/v7e-m+fp/hard/libc.a(lib_a-fini.o)
 .debug_aranges
                0x0000000000000080       0x18 /usr/lib/gcc/arm-none-eabi/10.3.1/../../../arm-none-eabi/lib/thumb/v7e-m+fp/hard/libc.a(lib_a-impure.o)
 .debug_aranges
                0x0000000000000098       0x20 /usr/lib/gcc/arm-none-eabi/10.3.1/../../../arm-none-eabi/lib/thumb/v7e-m+fp/hard/libc.a(lib_a-init.o)
 .debug_aranges
                0x00000000000000b8       0x20 /usr/lib/gcc/arm-none-eabi/10.3.1/../../../arm-none-eabi/lib/thumb/v7e-m+fp/hard/libc.a(lib_a-memset.o)
 .debug_aranges
                0x00000000000000d8       0x20 /usr/lib/gcc/arm-none-eabi/10.3.1/../../../arm-none-eabi/lib/thumb/v7e-m+fp/hard/libc.a(lib_a-__atexit.o)
 .debug_aranges
                0x00000000000000f8       0x28 /usr/lib/gcc/arm-none-eabi/10.3.1/../../../arm-none-eabi/lib/thumb/v7e-m+fp/hard/libc.a(lib_a-__call_atexit.o)
 .debug_aranges
                0x0000000000000120       0x20 obj/freertos_atomic_wrapper.o
 .debug_aranges
                0x0000000000000140       0x20 obj/freertos_semaphore_wrapper.o
 .debug_aranges
                0x0000000000000160       0x20 obj/freertos_mutex_wrapper.o
 .debug_aranges
                0x0000000000000180       0x20 obj/freertos_task_wrapper.o
 .debug_aranges
                0x00000000000001a0       0x20 obj/freertos_time_wrapper.o
 .debug_aranges
                0x00000000000001c0       0x20 obj/list.o
 .debug_aranges
                0x00000000000001e0       0x20 obj/queue.o
 .debug_aranges
                0x0000000000000200       0x20 obj/tasks.o
 .debug_aranges
                0x0000000000000220       0x18 obj/timers.o
 .debug_aranges
                0x0000000000000238       0x20 obj/port.o
 .debug_aranges
                0x0000000000000258       0x20 obj/heap_1.o
 .debug_aranges
                0x0000000000000278       0x20 obj/syscalls.o
 .debug_aranges
                0x0000000000000298       0x18 obj/spiDriverTypes.o
 .debug_aranges
                0x00000000000002b0       0x20 obj/tower_user_thread_signal_SPI4_IRQHandler.o
 .debug_aranges
                0x00000000000002d0       0x20 obj/tower_gen_thread_signal_SPI4_IRQHandler.o
 .debug_aranges
                0x00000000000002f0       0x20 obj/tower_user_thread_period_1ms.o
 .debug_aranges
                0x0000000000000310       0x20 obj/tower_gen_thread_period_1ms.o
 .debug_aranges
                0x0000000000000330       0x20 obj/tower_user_thread_period_250ms.o
 .debug_aranges
                0x0000000000000350       0x20 obj/tower_gen_thread_period_250ms.o
 .debug_aranges
                0x0000000000000370       0x20 obj/tower_user_thread_init.o
 .debug_aranges
                0x0000000000000390       0x20 obj/tower_gen_thread_init.o
 .debug_aranges
                0x00000000000003b0       0x18 obj/tower_state_monitor_simplecontroller.o
 .debug_aranges
                0x00000000000003c8       0x20 obj/tower_gen_monitor_simplecontroller.o
 .debug_aranges
                0x00000000000003e8       0x20 obj/tower_state_monitor_spi4PeripheralDriver.o
 .debug_aranges
                0x0000000000000408       0x20 obj/tower_gen_monitor_spi4PeripheralDriver.o
 .debug_aranges
                0x0000000000000428       0x20 obj/tower_init.o
 .debug_aranges
                0x0000000000000448       0x20 obj/stm32_main.o
 .debug_aranges
                0x0000000000000468       0x20 obj/tower_time.o
 .debug_aranges
                0x0000000000000488       0x28 obj/stm32_freertos_init.o
 .debug_aranges
                0x00000000000004b0       0x20 obj/vector_table.o
 .debug_aranges
                0x00000000000004d0       0x20 obj/stm32_freertos_user_assert.o
 .debug_aranges
                0x00000000000004f0       0x20 /usr/lib/gcc/arm-none-eabi/10.3.1/thumb/v7e-m+fp/hard/libgcc.a(_aeabi_ldivmod.o)
 .debug_aranges
                0x0000000000000510       0x20 /usr/lib/gcc/arm-none-eabi/10.3.1/thumb/v7e-m+fp/hard/libgcc.a(_aeabi_uldivmod.o)
 .debug_aranges
                0x0000000000000530       0x20 /usr/lib/gcc/arm-none-eabi/10.3.1/thumb/v7e-m+fp/hard/libgcc.a(_udivmoddi4.o)
 .debug_aranges
                0x0000000000000550       0x20 /usr/lib/gcc/arm-none-eabi/10.3.1/thumb/v7e-m+fp/hard/libgcc.a(_dvmd_tls.o)
 .debug_aranges
                0x0000000000000570       0x20 /usr/lib/gcc/arm-none-eabi/10.3.1/../../../arm-none-eabi/lib/thumb/v7e-m+fp/hard/libc.a(lib_a-memcmp.o)
 .debug_aranges
                0x0000000000000590       0x20 /usr/lib/gcc/arm-none-eabi/10.3.1/../../../arm-none-eabi/lib/thumb/v7e-m+fp/hard/libc.a(lib_a-memcpy.o)

/DISCARD/
 libc.a(*)
 libm.a(*)
 libgcc.a(*)
LOAD obj/freertos_atomic_wrapper.o
LOAD obj/freertos_semaphore_wrapper.o
LOAD obj/freertos_mutex_wrapper.o
LOAD obj/freertos_task_wrapper.o
LOAD obj/freertos_time_wrapper.o
LOAD obj/list.o
LOAD obj/queue.o
LOAD obj/tasks.o
LOAD obj/timers.o
LOAD obj/port.o
LOAD obj/heap_1.o
LOAD obj/syscalls.o
LOAD obj/spiDriverTypes.o
LOAD obj/tower_user_thread_signal_SPI4_IRQHandler.o
LOAD obj/tower_gen_thread_signal_SPI4_IRQHandler.o
LOAD obj/tower_user_thread_period_1ms.o
LOAD obj/tower_gen_thread_period_1ms.o
LOAD obj/tower_user_thread_period_250ms.o
LOAD obj/tower_gen_thread_period_250ms.o
LOAD obj/tower_user_thread_init.o
LOAD obj/tower_gen_thread_init.o
LOAD obj/tower_state_monitor_simplecontroller.o
LOAD obj/tower_gen_monitor_simplecontroller.o
LOAD obj/tower_state_monitor_spi4PeripheralDriver.o
LOAD obj/tower_gen_monitor_spi4PeripheralDriver.o
LOAD obj/tower_init.o
LOAD obj/stm32_main.o
LOAD obj/tower_time.o
LOAD obj/stm32_freertos_init.o
LOAD obj/vector_table.o
LOAD obj/stm32_freertos_user_assert.o
LOAD /usr/lib/gcc/arm-none-eabi/10.3.1/../../../arm-none-eabi/lib/thumb/v7e-m+fp/hard/libm.a
START GROUP
LOAD /usr/lib/gcc/arm-none-eabi/10.3.1/thumb/v7e-m+fp/hard/libgcc.a
LOAD /usr/lib/gcc/arm-none-eabi/10.3.1/../../../arm-none-eabi/lib/thumb/v7e-m+fp/hard/libc.a
END GROUP
LOAD /usr/lib/gcc/arm-none-eabi/10.3.1/thumb/v7e-m+fp/hard/crtend.o
LOAD /usr/lib/gcc/arm-none-eabi/10.3.1/thumb/v7e-m+fp/hard/crtn.o
OUTPUT(bl_image elf32-littlearm)
LOAD linker stubs
LOAD /usr/lib/gcc/arm-none-eabi/10.3.1/../../../arm-none-eabi/lib/thumb/v7e-m+fp/hard/libc.a
LOAD /usr/lib/gcc/arm-none-eabi/10.3.1/../../../arm-none-eabi/lib/thumb/v7e-m+fp/hard/libm.a
LOAD /usr/lib/gcc/arm-none-eabi/10.3.1/thumb/v7e-m+fp/hard/libgcc.a

.debug_str      0x0000000000000000    0x112fa
 .debug_str     0x0000000000000000       0x98 /usr/lib/gcc/arm-none-eabi/10.3.1/../../../arm-none-eabi/lib/thumb/v7e-m+fp/hard/crt0.o
 .debug_str     0x0000000000000098     0x5bb8 obj/freertos_atomic_wrapper.o
                                       0x5d8a (size before relaxing)
 .debug_str     0x0000000000005c50     0x1405 obj/freertos_semaphore_wrapper.o
                                       0x7174 (size before relaxing)
 .debug_str     0x0000000000007055       0xb6 obj/freertos_mutex_wrapper.o
                                       0x70d8 (size before relaxing)
 .debug_str     0x000000000000710b     0x4906 obj/freertos_task_wrapper.o
                                       0xa7d9 (size before relaxing)
 .debug_str     0x000000000000ba11       0xf3 obj/freertos_time_wrapper.o
                                       0x698b (size before relaxing)
 .debug_str     0x000000000000bb04      0x1ff obj/list.o
                                       0x911e (size before relaxing)
 .debug_str     0x000000000000bd03      0x705 obj/queue.o
                                       0xa6d2 (size before relaxing)
 .debug_str     0x000000000000c408     0x1972 obj/tasks.o
                                       0xb191 (size before relaxing)
 .debug_str     0x000000000000dd7a        0x9 obj/timers.o
                                       0xa5de (size before relaxing)
 .debug_str     0x000000000000dd83      0x67e obj/port.o
                                       0x7099 (size before relaxing)
 .debug_str     0x000000000000e401       0xb5 obj/heap_1.o
                                       0x9533 (size before relaxing)
 .debug_str     0x000000000000e4b6     0x185d obj/syscalls.o
                                       0x740c (size before relaxing)
 .debug_str     0x000000000000fd13       0x27 obj/spiDriverTypes.o
                                       0x78fc (size before relaxing)
 .debug_str     0x000000000000fd3a      0x27c obj/tower_user_thread_signal_SPI4_IRQHandler.o
                                       0xb05c (size before relaxing)
 .debug_str     0x000000000000ffb6      0x11e obj/tower_gen_thread_signal_SPI4_IRQHandler.o
                                       0xb120 (size before relaxing)
 .debug_str     0x00000000000100d4      0x18f obj/tower_user_thread_period_1ms.o
                                       0xb0e9 (size before relaxing)
 .debug_str     0x0000000000010263      0x173 obj/tower_gen_thread_period_1ms.o
                                       0xb21f (size before relaxing)
 .debug_str     0x00000000000103d6      0x181 obj/tower_user_thread_period_250ms.o
                                       0xb148 (size before relaxing)
 .debug_str     0x0000000000010557       0xfa obj/tower_gen_thread_period_250ms.o
                                       0xb1f6 (size before relaxing)
 .debug_str     0x0000000000010651      0x19e obj/tower_user_thread_init.o
                                       0xb057 (size before relaxing)
 .debug_str     0x00000000000107ef       0x7a obj/tower_gen_thread_init.o
                                       0xaf4b (size before relaxing)
 .debug_str     0x0000000000010869       0x27 obj/tower_state_monitor_simplecontroller.o
                                       0x2cf1 (size before relaxing)
 .debug_str     0x0000000000010890       0x43 obj/tower_gen_monitor_simplecontroller.o
                                       0xae81 (size before relaxing)
 .debug_str     0x00000000000108d3       0x32 obj/tower_state_monitor_spi4PeripheralDriver.o
                                       0x7af1 (size before relaxing)
 .debug_str     0x0000000000010905       0x4b obj/tower_gen_monitor_spi4PeripheralDriver.o
                                       0xae99 (size before relaxing)
 .debug_str     0x0000000000010950       0x2b obj/tower_init.o
                                       0xb0f8 (size before relaxing)
 .debug_str     0x000000000001097b       0xed obj/stm32_main.o
                                       0x7ad0 (size before relaxing)
 .debug_str     0x0000000000010a68       0x2a obj/tower_time.o
                                       0x79aa (size before relaxing)
 .debug_str     0x0000000000010a92       0x79 obj/stm32_freertos_init.o
                                       0xa826 (size before relaxing)
 .debug_str     0x0000000000010b0b       0x1b obj/vector_table.o
                                         0x6d (size before relaxing)
 .debug_str     0x0000000000010b26       0x1d obj/stm32_freertos_user_assert.o
                                       0x2cfe (size before relaxing)
 .debug_str     0x0000000000010b43       0x9a /usr/lib/gcc/arm-none-eabi/10.3.1/thumb/v7e-m+fp/hard/libgcc.a(_aeabi_ldivmod.o)
                                         0xa6 (size before relaxing)
 .debug_str     0x0000000000010bdd       0xa6 /usr/lib/gcc/arm-none-eabi/10.3.1/thumb/v7e-m+fp/hard/libgcc.a(_aeabi_uldivmod.o)
 .debug_str     0x0000000000010bdd      0x544 /usr/lib/gcc/arm-none-eabi/10.3.1/thumb/v7e-m+fp/hard/libgcc.a(_udivmoddi4.o)
                                        0x647 (size before relaxing)
 .debug_str     0x0000000000011121       0x30 /usr/lib/gcc/arm-none-eabi/10.3.1/thumb/v7e-m+fp/hard/libgcc.a(_dvmd_tls.o)
                                         0xaa (size before relaxing)
 .debug_str     0x0000000000011151      0x104 /usr/lib/gcc/arm-none-eabi/10.3.1/../../../arm-none-eabi/lib/thumb/v7e-m+fp/hard/libc.a(lib_a-memcmp.o)
                                        0x1a7 (size before relaxing)
 .debug_str     0x0000000000011255       0xa5 /usr/lib/gcc/arm-none-eabi/10.3.1/../../../arm-none-eabi/lib/thumb/v7e-m+fp/hard/libc.a(lib_a-memcpy.o)
                                         0xb1 (size before relaxing)

.debug_macro    0x0000000000000000     0x5bf5
 .debug_macro   0x0000000000000000       0x79 obj/freertos_atomic_wrapper.o
 .debug_macro   0x0000000000000079      0xa78 obj/freertos_atomic_wrapper.o
 .debug_macro   0x0000000000000af1      0x16d obj/freertos_atomic_wrapper.o
 .debug_macro   0x0000000000000c5e      0x34e obj/freertos_atomic_wrapper.o
 .debug_macro   0x0000000000000fac      0x113 obj/freertos_atomic_wrapper.o
 .debug_macro   0x00000000000010bf       0x52 obj/freertos_atomic_wrapper.o
 .debug_macro   0x0000000000001111       0xe4 obj/freertos_atomic_wrapper.o
 .debug_macro   0x00000000000011f5       0x10 obj/freertos_atomic_wrapper.o
 .debug_macro   0x0000000000001205       0x1f obj/freertos_atomic_wrapper.o
 .debug_macro   0x0000000000001224      0x38b obj/freertos_atomic_wrapper.o
 .debug_macro   0x00000000000015af       0x9a obj/freertos_semaphore_wrapper.o
 .debug_macro   0x0000000000001649       0x2e obj/freertos_semaphore_wrapper.o
 .debug_macro   0x0000000000001677       0xb0 obj/freertos_semaphore_wrapper.o
 .debug_macro   0x0000000000001727       0x7f obj/freertos_semaphore_wrapper.o
 .debug_macro   0x00000000000017a6       0x9a obj/freertos_mutex_wrapper.o
 .debug_macro   0x0000000000001840      0x1b2 obj/freertos_task_wrapper.o
 .debug_macro   0x00000000000019f2       0xc0 obj/freertos_task_wrapper.o
 .debug_macro   0x0000000000001ab2       0x70 obj/freertos_task_wrapper.o
 .debug_macro   0x0000000000001b22       0x22 obj/freertos_task_wrapper.o
 .debug_macro   0x0000000000001b44       0x52 obj/freertos_task_wrapper.o
 .debug_macro   0x0000000000001b96       0x18 obj/freertos_task_wrapper.o
 .debug_macro   0x0000000000001bae       0x94 obj/freertos_task_wrapper.o
 .debug_macro   0x0000000000001c42       0x35 obj/freertos_task_wrapper.o
 .debug_macro   0x0000000000001c77       0x34 obj/freertos_task_wrapper.o
 .debug_macro   0x0000000000001cab       0x16 obj/freertos_task_wrapper.o
 .debug_macro   0x0000000000001cc1       0x43 obj/freertos_task_wrapper.o
 .debug_macro   0x0000000000001d04       0x57 obj/freertos_task_wrapper.o
 .debug_macro   0x0000000000001d5b       0x34 obj/freertos_task_wrapper.o
 .debug_macro   0x0000000000001d8f       0x10 obj/freertos_task_wrapper.o
 .debug_macro   0x0000000000001d9f       0x52 obj/freertos_task_wrapper.o
 .debug_macro   0x0000000000001df1      0x182 obj/freertos_task_wrapper.o
 .debug_macro   0x0000000000001f73      0x356 obj/freertos_task_wrapper.o
 .debug_macro   0x00000000000022c9      0x1a9 obj/freertos_task_wrapper.o
 .debug_macro   0x0000000000002472       0x16 obj/freertos_task_wrapper.o
 .debug_macro   0x0000000000002488       0x35 obj/freertos_task_wrapper.o
 .debug_macro   0x00000000000024bd      0x10c obj/freertos_task_wrapper.o
 .debug_macro   0x00000000000025c9       0x22 obj/freertos_task_wrapper.o
 .debug_macro   0x00000000000025eb       0x5e obj/freertos_task_wrapper.o
 .debug_macro   0x0000000000002649      0x188 obj/freertos_task_wrapper.o
 .debug_macro   0x00000000000027d1       0x91 obj/freertos_time_wrapper.o
 .debug_macro   0x0000000000002862      0x156 obj/list.o
 .debug_macro   0x00000000000029b8       0x16 obj/list.o
 .debug_macro   0x00000000000029ce      0x10e obj/list.o
 .debug_macro   0x0000000000002adc       0x86 obj/list.o
 .debug_macro   0x0000000000002b62       0x16 obj/list.o
 .debug_macro   0x0000000000002b78       0x29 obj/list.o
 .debug_macro   0x0000000000002ba1      0x1dc obj/queue.o
 .debug_macro   0x0000000000002d7d      0x20e obj/tasks.o
 .debug_macro   0x0000000000002f8b       0x97 obj/tasks.o
 .debug_macro   0x0000000000003022       0x17 obj/tasks.o
 .debug_macro   0x0000000000003039      0x183 obj/timers.o
 .debug_macro   0x00000000000031bc      0x138 obj/port.o
 .debug_macro   0x00000000000032f4      0x177 obj/heap_1.o
 .debug_macro   0x000000000000346b      0x1dd obj/syscalls.o
 .debug_macro   0x0000000000003648       0x16 obj/syscalls.o
 .debug_macro   0x000000000000365e       0x97 obj/syscalls.o
 .debug_macro   0x00000000000036f5       0xf6 obj/syscalls.o
 .debug_macro   0x00000000000037eb       0x10 obj/syscalls.o
 .debug_macro   0x00000000000037fb       0x10 obj/syscalls.o
 .debug_macro   0x000000000000380b       0x6a obj/syscalls.o
 .debug_macro   0x0000000000003875       0x1c obj/syscalls.o
 .debug_macro   0x0000000000003891       0x52 obj/syscalls.o
 .debug_macro   0x00000000000038e3       0x22 obj/syscalls.o
 .debug_macro   0x0000000000003905       0x10 obj/syscalls.o
 .debug_macro   0x0000000000003915       0x40 obj/syscalls.o
 .debug_macro   0x0000000000003955       0xd5 obj/syscalls.o
 .debug_macro   0x0000000000003a2a       0x1c obj/syscalls.o
 .debug_macro   0x0000000000003a46       0x3d obj/syscalls.o
 .debug_macro   0x0000000000003a83       0x16 obj/syscalls.o
 .debug_macro   0x0000000000003a99      0x16f obj/syscalls.o
 .debug_macro   0x0000000000003c08       0x4c obj/syscalls.o
 .debug_macro   0x0000000000003c54       0x16 obj/syscalls.o
 .debug_macro   0x0000000000003c6a       0x10 obj/syscalls.o
 .debug_macro   0x0000000000003c7a       0x10 obj/syscalls.o
 .debug_macro   0x0000000000003c8a       0x35 obj/syscalls.o
 .debug_macro   0x0000000000003cbf      0x12c obj/syscalls.o
 .debug_macro   0x0000000000003deb      0x14a obj/spiDriverTypes.o
 .debug_macro   0x0000000000003f35      0x21a obj/tower_user_thread_signal_SPI4_IRQHandler.o
 .debug_macro   0x000000000000414f      0x21a obj/tower_gen_thread_signal_SPI4_IRQHandler.o
 .debug_macro   0x0000000000004369      0x224 obj/tower_user_thread_period_1ms.o
 .debug_macro   0x000000000000458d      0x224 obj/tower_gen_thread_period_1ms.o
 .debug_macro   0x00000000000047b1      0x224 obj/tower_user_thread_period_250ms.o
 .debug_macro   0x00000000000049d5      0x224 obj/tower_gen_thread_period_250ms.o
 .debug_macro   0x0000000000004bf9      0x206 obj/tower_user_thread_init.o
 .debug_macro   0x0000000000004dff      0x206 obj/tower_gen_thread_init.o
 .debug_macro   0x0000000000005005       0x11 obj/tower_state_monitor_simplecontroller.o
 .debug_macro   0x0000000000005016      0x1c6 obj/tower_gen_monitor_simplecontroller.o
 .debug_macro   0x00000000000051dc      0x15e obj/tower_state_monitor_spi4PeripheralDriver.o
 .debug_macro   0x000000000000533a      0x1c6 obj/tower_gen_monitor_spi4PeripheralDriver.o
 .debug_macro   0x0000000000005500      0x280 obj/tower_init.o
 .debug_macro   0x0000000000005780      0x15e obj/stm32_main.o
 .debug_macro   0x00000000000058de      0x154 obj/tower_time.o
 .debug_macro   0x0000000000005a32      0x1b2 obj/stm32_freertos_init.o
 .debug_macro   0x0000000000005be4       0x11 obj/stm32_freertos_user_assert.o

.debug_frame    0x0000000000000000      0xf70
 .debug_frame   0x0000000000000000       0x30 obj/freertos_atomic_wrapper.o
 .debug_frame   0x0000000000000030       0x88 obj/freertos_semaphore_wrapper.o
 .debug_frame   0x00000000000000b8       0x70 obj/freertos_mutex_wrapper.o
 .debug_frame   0x0000000000000128       0x30 obj/freertos_task_wrapper.o
 .debug_frame   0x0000000000000158       0x50 obj/freertos_time_wrapper.o
 .debug_frame   0x00000000000001a8       0x6c obj/list.o
 .debug_frame   0x0000000000000214      0x218 obj/queue.o
 .debug_frame   0x000000000000042c      0x4d4 obj/tasks.o
 .debug_frame   0x0000000000000900       0xf0 obj/port.o
 .debug_frame   0x00000000000009f0       0x5c obj/heap_1.o
 .debug_frame   0x0000000000000a4c       0xb0 obj/syscalls.o
 .debug_frame   0x0000000000000afc       0x30 obj/tower_user_thread_signal_SPI4_IRQHandler.o
 .debug_frame   0x0000000000000b2c       0x3c obj/tower_gen_thread_signal_SPI4_IRQHandler.o
 .debug_frame   0x0000000000000b68       0x48 obj/tower_user_thread_period_1ms.o
 .debug_frame   0x0000000000000bb0       0x44 obj/tower_gen_thread_period_1ms.o
 .debug_frame   0x0000000000000bf4       0x44 obj/tower_user_thread_period_250ms.o
 .debug_frame   0x0000000000000c38       0x48 obj/tower_gen_thread_period_250ms.o
 .debug_frame   0x0000000000000c80       0x20 obj/tower_user_thread_init.o
 .debug_frame   0x0000000000000ca0       0x28 obj/tower_gen_thread_init.o
 .debug_frame   0x0000000000000cc8       0x40 obj/tower_gen_monitor_simplecontroller.o
 .debug_frame   0x0000000000000d08       0x30 obj/tower_state_monitor_spi4PeripheralDriver.o
 .debug_frame   0x0000000000000d38       0x40 obj/tower_gen_monitor_spi4PeripheralDriver.o
 .debug_frame   0x0000000000000d78       0x2c obj/tower_init.o
 .debug_frame   0x0000000000000da4       0x30 obj/stm32_main.o
 .debug_frame   0x0000000000000dd4       0x28 obj/tower_time.o
 .debug_frame   0x0000000000000dfc       0x84 obj/stm32_freertos_init.o
 .debug_frame   0x0000000000000e80       0x20 obj/stm32_freertos_user_assert.o
 .debug_frame   0x0000000000000ea0       0x44 /usr/lib/gcc/arm-none-eabi/10.3.1/thumb/v7e-m+fp/hard/libgcc.a(_aeabi_ldivmod.o)
 .debug_frame   0x0000000000000ee4       0x2c /usr/lib/gcc/arm-none-eabi/10.3.1/thumb/v7e-m+fp/hard/libgcc.a(_aeabi_uldivmod.o)
 .debug_frame   0x0000000000000f10       0x34 /usr/lib/gcc/arm-none-eabi/10.3.1/thumb/v7e-m+fp/hard/libgcc.a(_udivmoddi4.o)
 .debug_frame   0x0000000000000f44       0x2c /usr/lib/gcc/arm-none-eabi/10.3.1/../../../arm-none-eabi/lib/thumb/v7e-m+fp/hard/libc.a(lib_a-memcmp.o)

.debug_loc      0x0000000000000000     0x5ce9
 .debug_loc     0x0000000000000000       0xae obj/freertos_semaphore_wrapper.o
 .debug_loc     0x00000000000000ae       0x89 obj/freertos_mutex_wrapper.o
 .debug_loc     0x0000000000000137       0xc8 obj/freertos_task_wrapper.o
 .debug_loc     0x00000000000001ff       0x6f obj/freertos_time_wrapper.o
 .debug_loc     0x000000000000026e       0xaf obj/list.o
 .debug_loc     0x000000000000031d      0xd41 obj/queue.o
 .debug_loc     0x000000000000105e     0x15fc obj/tasks.o
 .debug_loc     0x000000000000265a       0xc4 obj/port.o
 .debug_loc     0x000000000000271e       0x98 obj/heap_1.o
 .debug_loc     0x00000000000027b6      0x13a obj/syscalls.o
 .debug_loc     0x00000000000028f0      0x33b obj/tower_user_thread_signal_SPI4_IRQHandler.o
 .debug_loc     0x0000000000002c2b       0xe5 obj/tower_gen_thread_signal_SPI4_IRQHandler.o
 .debug_loc     0x0000000000002d10      0x22e obj/tower_user_thread_period_1ms.o
 .debug_loc     0x0000000000002f3e      0x1d0 obj/tower_gen_thread_period_1ms.o
 .debug_loc     0x000000000000310e      0x235 obj/tower_user_thread_period_250ms.o
 .debug_loc     0x0000000000003343      0x1d0 obj/tower_gen_thread_period_250ms.o
 .debug_loc     0x0000000000003513      0xa66 obj/tower_user_thread_init.o
 .debug_loc     0x0000000000003f79       0x79 obj/tower_gen_thread_init.o
 .debug_loc     0x0000000000003ff2      0x2f0 obj/tower_state_monitor_spi4PeripheralDriver.o
 .debug_loc     0x00000000000042e2      0x715 obj/stm32_main.o
 .debug_loc     0x00000000000049f7       0xe3 obj/tower_time.o
 .debug_loc     0x0000000000004ada       0x25 obj/stm32_freertos_init.o
 .debug_loc     0x0000000000004aff     0x100f /usr/lib/gcc/arm-none-eabi/10.3.1/thumb/v7e-m+fp/hard/libgcc.a(_udivmoddi4.o)
 .debug_loc     0x0000000000005b0e      0x1db /usr/lib/gcc/arm-none-eabi/10.3.1/../../../arm-none-eabi/lib/thumb/v7e-m+fp/hard/libc.a(lib_a-memcmp.o)

.debug_ranges   0x0000000000000000      0x580
 .debug_ranges  0x0000000000000000       0x48 obj/queue.o
 .debug_ranges  0x0000000000000048       0xf0 obj/tasks.o
 .debug_ranges  0x0000000000000138       0x40 obj/port.o
 .debug_ranges  0x0000000000000178       0x40 obj/tower_user_thread_signal_SPI4_IRQHandler.o
 .debug_ranges  0x00000000000001b8       0x48 obj/tower_gen_thread_signal_SPI4_IRQHandler.o
 .debug_ranges  0x0000000000000200       0x48 obj/tower_user_thread_period_1ms.o
 .debug_ranges  0x0000000000000248       0x80 obj/tower_gen_thread_period_1ms.o
 .debug_ranges  0x00000000000002c8       0x48 obj/tower_user_thread_period_250ms.o
 .debug_ranges  0x0000000000000310       0x80 obj/tower_gen_thread_period_250ms.o
 .debug_ranges  0x0000000000000390       0x30 obj/tower_user_thread_init.o
 .debug_ranges  0x00000000000003c0       0x10 obj/tower_state_monitor_spi4PeripheralDriver.o
 .debug_ranges  0x00000000000003d0       0xb0 obj/stm32_main.o
 .debug_ranges  0x0000000000000480       0x18 obj/stm32_freertos_init.o
 .debug_ranges  0x0000000000000498       0xe8 /usr/lib/gcc/arm-none-eabi/10.3.1/thumb/v7e-m+fp/hard/libgcc.a(_udivmoddi4.o)
