Archive member included to satisfy reference by file (symbol)

/usr/lib/gcc/arm-none-eabi/10.3.1/../../../arm-none-eabi/lib/thumb/v7e-m+fp/hard/libc.a(lib_a-atexit.o)
                              /usr/lib/gcc/arm-none-eabi/10.3.1/../../../arm-none-eabi/lib/thumb/v7e-m+fp/hard/crt0.o (atexit)
/usr/lib/gcc/arm-none-eabi/10.3.1/../../../arm-none-eabi/lib/thumb/v7e-m+fp/hard/libc.a(lib_a-exit.o)
                              /usr/lib/gcc/arm-none-eabi/10.3.1/../../../arm-none-eabi/lib/thumb/v7e-m+fp/hard/crt0.o (exit)
/usr/lib/gcc/arm-none-eabi/10.3.1/../../../arm-none-eabi/lib/thumb/v7e-m+fp/hard/libc.a(lib_a-fini.o)
                              /usr/lib/gcc/arm-none-eabi/10.3.1/../../../arm-none-eabi/lib/thumb/v7e-m+fp/hard/crt0.o (__libc_fini_array)
/usr/lib/gcc/arm-none-eabi/10.3.1/../../../arm-none-eabi/lib/thumb/v7e-m+fp/hard/libc.a(lib_a-impure.o)
                              /usr/lib/gcc/arm-none-eabi/10.3.1/../../../arm-none-eabi/lib/thumb/v7e-m+fp/hard/libc.a(lib_a-exit.o) (_global_impure_ptr)
/usr/lib/gcc/arm-none-eabi/10.3.1/../../../arm-none-eabi/lib/thumb/v7e-m+fp/hard/libc.a(lib_a-init.o)
                              /usr/lib/gcc/arm-none-eabi/10.3.1/../../../arm-none-eabi/lib/thumb/v7e-m+fp/hard/crt0.o (__libc_init_array)
/usr/lib/gcc/arm-none-eabi/10.3.1/../../../arm-none-eabi/lib/thumb/v7e-m+fp/hard/libc.a(lib_a-memset.o)
                              /usr/lib/gcc/arm-none-eabi/10.3.1/../../../arm-none-eabi/lib/thumb/v7e-m+fp/hard/crt0.o (memset)
/usr/lib/gcc/arm-none-eabi/10.3.1/../../../arm-none-eabi/lib/thumb/v7e-m+fp/hard/libc.a(lib_a-__atexit.o)
                              /usr/lib/gcc/arm-none-eabi/10.3.1/../../../arm-none-eabi/lib/thumb/v7e-m+fp/hard/libc.a(lib_a-atexit.o) (__register_exitproc)
/usr/lib/gcc/arm-none-eabi/10.3.1/../../../arm-none-eabi/lib/thumb/v7e-m+fp/hard/libc.a(lib_a-__call_atexit.o)
                              /usr/lib/gcc/arm-none-eabi/10.3.1/../../../arm-none-eabi/lib/thumb/v7e-m+fp/hard/libc.a(lib_a-exit.o) (__call_exitprocs)
/usr/lib/gcc/arm-none-eabi/10.3.1/thumb/v7e-m+fp/hard/libgcc.a(_aeabi_ldivmod.o)
                              obj/tower_time.o (__aeabi_ldivmod)
/usr/lib/gcc/arm-none-eabi/10.3.1/thumb/v7e-m+fp/hard/libgcc.a(_aeabi_uldivmod.o)
                              obj/tower_time.o (__aeabi_uldivmod)
/usr/lib/gcc/arm-none-eabi/10.3.1/thumb/v7e-m+fp/hard/libgcc.a(_udivmoddi4.o)
                              /usr/lib/gcc/arm-none-eabi/10.3.1/thumb/v7e-m+fp/hard/libgcc.a(_aeabi_ldivmod.o) (__udivmoddi4)
/usr/lib/gcc/arm-none-eabi/10.3.1/thumb/v7e-m+fp/hard/libgcc.a(_dvmd_tls.o)
                              /usr/lib/gcc/arm-none-eabi/10.3.1/thumb/v7e-m+fp/hard/libgcc.a(_aeabi_ldivmod.o) (__aeabi_ldiv0)
/usr/lib/gcc/arm-none-eabi/10.3.1/../../../arm-none-eabi/lib/thumb/v7e-m+fp/hard/libc.a(lib_a-memcmp.o)
                              obj/tasks.o (memcmp)
/usr/lib/gcc/arm-none-eabi/10.3.1/../../../arm-none-eabi/lib/thumb/v7e-m+fp/hard/libc.a(lib_a-memcpy.o)
                              obj/queue.o (memcpy)

Discarded input sections

 .debug_loc     0x0000000000000000       0x32 /usr/lib/gcc/arm-none-eabi/10.3.1/../../../arm-none-eabi/lib/thumb/v7e-m+fp/hard/libc.a(lib_a-atexit.o)
 .debug_str     0x0000000000000000      0x1e4 /usr/lib/gcc/arm-none-eabi/10.3.1/../../../arm-none-eabi/lib/thumb/v7e-m+fp/hard/libc.a(lib_a-atexit.o)
 .debug_frame   0x0000000000000000       0x20 /usr/lib/gcc/arm-none-eabi/10.3.1/../../../arm-none-eabi/lib/thumb/v7e-m+fp/hard/libc.a(lib_a-atexit.o)
 .ARM.attributes
                0x0000000000000000       0x34 /usr/lib/gcc/arm-none-eabi/10.3.1/../../../arm-none-eabi/lib/thumb/v7e-m+fp/hard/libc.a(lib_a-atexit.o)
 .debug_loc     0x0000000000000000       0x22 /usr/lib/gcc/arm-none-eabi/10.3.1/../../../arm-none-eabi/lib/thumb/v7e-m+fp/hard/libc.a(lib_a-exit.o)
 .debug_str     0x0000000000000000      0x58b /usr/lib/gcc/arm-none-eabi/10.3.1/../../../arm-none-eabi/lib/thumb/v7e-m+fp/hard/libc.a(lib_a-exit.o)
 .debug_frame   0x0000000000000000       0x28 /usr/lib/gcc/arm-none-eabi/10.3.1/../../../arm-none-eabi/lib/thumb/v7e-m+fp/hard/libc.a(lib_a-exit.o)
 .ARM.attributes
                0x0000000000000000       0x34 /usr/lib/gcc/arm-none-eabi/10.3.1/../../../arm-none-eabi/lib/thumb/v7e-m+fp/hard/libc.a(lib_a-exit.o)
 .debug_loc     0x0000000000000000       0x68 /usr/lib/gcc/arm-none-eabi/10.3.1/../../../arm-none-eabi/lib/thumb/v7e-m+fp/hard/libc.a(lib_a-fini.o)
 .debug_str     0x0000000000000000      0x1dc /usr/lib/gcc/arm-none-eabi/10.3.1/../../../arm-none-eabi/lib/thumb/v7e-m+fp/hard/libc.a(lib_a-fini.o)
 .debug_frame   0x0000000000000000       0x34 /usr/lib/gcc/arm-none-eabi/10.3.1/../../../arm-none-eabi/lib/thumb/v7e-m+fp/hard/libc.a(lib_a-fini.o)
 .ARM.attributes
                0x0000000000000000       0x34 /usr/lib/gcc/arm-none-eabi/10.3.1/../../../arm-none-eabi/lib/thumb/v7e-m+fp/hard/libc.a(lib_a-fini.o)
[...]
Memory Configuration

Name             Origin             Length             Attributes
flash            0x0000000008000000 0x0000000000200000 xr
sram             0x0000000020000000 0x0000000000030000 xrw
ccsram           0x0000000010000000 0x0000000000010000 xrw
*default*        0x0000000000000000 0xffffffffffffffff

Linker script and memory map

LOAD /usr/lib/gcc/arm-none-eabi/10.3.1/thumb/v7e-m+fp/hard/crti.o
LOAD /usr/lib/gcc/arm-none-eabi/10.3.1/thumb/v7e-m+fp/hard/crtbegin.o
LOAD /usr/lib/gcc/arm-none-eabi/10.3.1/../../../arm-none-eabi/lib/thumb/v7e-m+fp/hard/crt0.o
                0x0000000020030000                _estack = 0x20030000
                0x0000000000000000                _min_heap_size = 0x0
                0x0000000000000400                _min_stack_size = 0x400

.isr_vector     0x0000000008000000      0x1ac
                0x0000000008000000                . = ALIGN (0x4)
 *(.isr_vector)
 .isr_vector    0x0000000008000000      0x1ac obj/vector_table.o
                0x0000000008000000                g_vectors
                0x00000000080001ac                . = ALIGN (0x4)

.text           0x00000000080001ac     0x3454
 *(.text .text.*)
 .text          0x00000000080001ac        0x0 /usr/lib/gcc/arm-none-eabi/10.3.1/thumb/v7e-m+fp/hard/crti.o
 .text          0x00000000080001ac       0x88 /usr/lib/gcc/arm-none-eabi/10.3.1/thumb/v7e-m+fp/hard/crtbegin.o
 .text          0x0000000008000234       0x70 /usr/lib/gcc/arm-none-eabi/10.3.1/../../../arm-none-eabi/lib/thumb/v7e-m+fp/hard/crt0.o
                0x0000000008000234                _stack_init
                0x000000000800023c                _mainCRTStartup
                0x000000000800023c                _start
 .text          0x00000000080002a4        0xc /usr/lib/gcc/arm-none-eabi/10.3.1/../../../arm-none-eabi/lib/thumb/v7e-m+fp/hard/libc.a(lib_a-atexit.o)
                0x00000000080002a4                atexit
 .text          0x00000000080002b0       0x20 /usr/lib/gcc/arm-none-eabi/10.3.1/../../../arm-none-eabi/lib/thumb/v7e-m+fp/hard/libc.a(lib_a-exit.o)
                0x00000000080002b0                exit
 .text          0x00000000080002d0       0x2c /usr/lib/gcc/arm-none-eabi/10.3.1/../../../arm-none-eabi/lib/thumb/v7e-m+fp/hard/libc.a(lib_a-fini.o)
                0x00000000080002d0                __libc_fini_array
 .text          0x00000000080002fc        0x0 /usr/lib/gcc/arm-none-eabi/10.3.1/../../../arm-none-eabi/lib/thumb/v7e-m+fp/hard/libc.a(lib_a-impure.o)
 .text          0x00000000080002fc       0x48 /usr/lib/gcc/arm-none-eabi/10.3.1/../../../arm-none-eabi/lib/thumb/v7e-m+fp/hard/libc.a(lib_a-init.o)
                0x00000000080002fc                __libc_init_array
 .text          0x0000000008000344       0xa4 /usr/lib/gcc/arm-none-eabi/10.3.1/../../../arm-none-eabi/lib/thumb/v7e-m+fp/hard/libc.a(lib_a-memset.o)
                0x0000000008000344                memset
 .text          0x00000000080003e8       0x68 /usr/lib/gcc/arm-none-eabi/10.3.1/../../../arm-none-eabi/lib/thumb/v7e-m+fp/hard/libc.a(lib_a-__atexit.o)
                0x00000000080003e8                __register_exitproc
 .text          0x0000000008000450       0xb8 /usr/lib/gcc/arm-none-eabi/10.3.1/../../../arm-none-eabi/lib/thumb/v7e-m+fp/hard/libc.a(lib_a-__call_atexit.o)
                0x0000000008000450                __call_exitprocs
 .text.startup  0x0000000008000508       0x14 /usr/lib/gcc/arm-none-eabi/10.3.1/../../../arm-none-eabi/lib/thumb/v7e-m+fp/hard/libc.a(lib_a-__call_atexit.o)
 .text          0x000000000800051c        0x8 obj/freertos_atomic_wrapper.o
                0x000000000800051c                ivory_freertos_begin_atomic
                0x0000000008000520                ivory_freertos_end_atomic
 .text          0x0000000008000524       0x80 obj/freertos_semaphore_wrapper.o
                0x0000000008000524                ivory_freertos_binary_semaphore_create
                0x0000000008000540                ivory_freertos_binary_semaphore_takeblocking
                0x000000000800055c                ivory_freertos_binary_semaphore_give
                0x0000000008000576                ivory_freertos_binary_semaphore_give_from_isr
 .text          0x00000000080005a4       0x4e obj/freertos_mutex_wrapper.o
                0x00000000080005a4                ivory_freertos_mutex_create
                0x00000000080005bc                ivory_freertos_mutex_takeblocking
                0x00000000080005d8                ivory_freertos_mutex_give
 .text          0x00000000080005f2       0x2c obj/freertos_task_wrapper.o
                0x00000000080005f2                ivory_freertos_task_create
 .text          0x000000000800061e       0x10 obj/freertos_time_wrapper.o
                0x000000000800061e                ivory_freertos_time_delay
                0x0000000008000622                ivory_freertos_time_delayuntil
                0x0000000008000626                ivory_freertos_time_gettickcount
                0x000000000800062a                ivory_freertos_time_gettickrate_ms
 .text          0x000000000800062e       0x80 obj/list.o
                0x000000000800062e                vListInitialise
                0x0000000008000644                vListInitialiseItem
                0x000000000800064a                vListInsertEnd
                0x0000000008000662                vListInsert
                0x0000000008000690                uxListRemove
 .text          0x00000000080006ae      0x800 obj/queue.o
                0x00000000080007b6                xQueueGenericReset
                0x0000000008000834                xQueueGenericCreate
                0x0000000008000890                xQueueGenericSend
                0x00000000080009e6                xQueueCreateMutex
                0x0000000008000a3c                xQueueGenericSendFromISR
                0x0000000008000af4                xQueueGiveFromISR
                0x0000000008000b7e                xQueueGenericReceive
                0x0000000008000ce4                xQueueReceiveFromISR
                0x0000000008000d72                xQueuePeekFromISR
                0x0000000008000de8                uxQueueMessagesWaiting
                0x0000000008000e12                uxQueueSpacesAvailable
                0x0000000008000e40                uxQueueMessagesWaitingFromISR
                0x0000000008000e58                vQueueDelete
                0x0000000008000e70                xQueueIsQueueEmptyFromISR
                0x0000000008000e8e                xQueueIsQueueFullFromISR
 *fill*         0x0000000008000eae        0x2 
 .text          0x0000000008000eb0     0x1274 obj/tasks.o
                0x0000000008000f44                xTaskGenericCreate
                0x00000000080010fc                vTaskDelete
                0x00000000080011b0                uxTaskPriorityGet
                0x00000000080011d0                uxTaskPriorityGetFromISR
                0x0000000008001200                vTaskPrioritySet
                0x00000000080012dc                vTaskResume
                0x0000000008001364                xTaskResumeFromISR
                0x0000000008001404                vTaskStartScheduler
                0x0000000008001468                vTaskEndScheduler
                0x0000000008001488                vTaskSuspendAll
                0x000000000800149c                xTaskGetTickCount
                0x00000000080014a8                xTaskGetTickCountFromISR
                0x00000000080014b8                uxTaskGetNumberOfTasks
                0x00000000080014c4                xTaskIncrementTick
                0x00000000080015c0                xTaskResumeAll
                0x000000000800169c                vTaskDelayUntil
                0x0000000008001744                vTaskDelay
                0x0000000008001820                vTaskSwitchContext
                0x00000000080018bc                vTaskSuspend
                0x0000000008001970                vTaskPlaceOnEventList
                0x00000000080019d4                vTaskPlaceOnUnorderedEventList
                0x0000000008001a58                xTaskRemoveFromEventList
                0x0000000008001ad4                xTaskRemoveFromUnorderedEventList
                0x0000000008001b58                vTaskSetTimeOutState
                0x0000000008001b80                xTaskCheckForTimeOut
                0x0000000008001bf0                vTaskMissedYield
                0x0000000008001c00                xTaskGetCurrentTaskHandle
                0x0000000008001c0c                vTaskPriorityInherit
                0x0000000008001ca0                xTaskPriorityDisinherit
                0x0000000008001d30                uxTaskResetEventItemValue
                0x0000000008001d48                pvTaskIncrementMutexHeldCount
                0x0000000008001d60                ulTaskNotifyTake
                0x0000000008001df8                xTaskNotifyWait
                0x0000000008001eb4                xTaskNotify
                0x0000000008001f7c                xTaskNotifyFromISR
                0x0000000008002068                vTaskNotifyGiveFromISR
 .text          0x0000000008002124        0x0 obj/timers.o
 .text          0x0000000008002124      0x2d0 obj/port.o
                0x000000000800217c                pxPortInitialiseStack
                0x00000000080021a0                SVCall_Handler
                0x00000000080021c0                vPortEndScheduler
                0x00000000080021e4                vPortEnterCritical
                0x0000000008002224                vPortExitCritical
                0x000000000800224c                PendSV_Handler
                0x00000000080022ac                SysTick_Handler
                0x00000000080022dc                vPortSetupTimerInterrupt
                0x00000000080022f0                xPortStartScheduler
                0x0000000008002398                vPortValidateInterruptPriority
 .text          0x00000000080023f4       0x84 obj/heap_1.o
                0x00000000080023f4                pvPortMalloc
                0x0000000008002440                vPortFree
                0x0000000008002456                vPortInitialiseBlocks
                0x0000000008002464                xPortGetFreeHeapSize
 .text          0x0000000008002478       0x48 obj/syscalls.o
                0x0000000008002478                _sbrk
                0x0000000008002494                link
                0x000000000800249a                _close
                0x00000000080024a0                _fstat
                0x00000000080024aa                _isatty
                0x00000000080024ae                _lseek
                0x00000000080024b2                _read
                0x00000000080024b6                _exit
                0x00000000080024b8                _kill
                0x00000000080024ba                _getpid
 .text          0x00000000080024c0        0x0 obj/canDriverTypes.o
 .text          0x00000000080024c0       0xac obj/tower_user_thread_signal_CAN1_RX0_IRQHandler.o
                0x00000000080024c0                callback_result_thread_signal_CAN1_RX0_IRQHandler
                0x00000000080024f8                callback_rx0_irq_thread_signal_CAN1_RX0_IRQHandler
 .text          0x000000000800256c       0xd4 obj/tower_gen_thread_signal_CAN1_RX0_IRQHandler.o
                0x000000000800256c                loop_thread_signal_CAN1_RX0_IRQHandler
                0x00000000080025f8                CAN1_RX0_IRQHandler
                0x0000000008002610                emitter_rx0_irq_chan_1_thread_signal_CAN1_RX0_IRQHandler_emit
 .text          0x0000000008002640       0xac obj/tower_user_thread_signal_CAN1_RX1_IRQHandler.o
                0x0000000008002640                callback_result_thread_signal_CAN1_RX1_IRQHandler
                0x0000000008002678                callback_rx1_irq_thread_signal_CAN1_RX1_IRQHandler
 .text          0x00000000080026ec       0xd4 obj/tower_gen_thread_signal_CAN1_RX1_IRQHandler.o
                0x00000000080026ec                loop_thread_signal_CAN1_RX1_IRQHandler
                0x0000000008002778                CAN1_RX1_IRQHandler
                0x0000000008002790                emitter_rx1_irq_chan_1_thread_signal_CAN1_RX1_IRQHandler_emit
 .text          0x00000000080027c0       0xd8 obj/tower_user_thread_signal_CAN1_TX_IRQHandler.o
                0x00000000080027c0                callback_tx_complete_thread_signal_CAN1_TX_IRQHandler
                0x00000000080027e0                callback_tx_irq_thread_signal_CAN1_TX_IRQHandler
                0x0000000008002834                callback_request_thread_signal_CAN1_TX_IRQHandler
 .text          0x0000000008002898       0xc0 obj/tower_gen_thread_signal_CAN1_TX_IRQHandler.o
                0x0000000008002898                loop_thread_signal_CAN1_TX_IRQHandler
                0x0000000008002910                CAN1_TX_IRQHandler
                0x0000000008002928                emitter_tx_complete_chan_2_thread_signal_CAN1_TX_IRQHandler_emit
                0x0000000008002944                emitter_tx_irq_chan_3_thread_signal_CAN1_TX_IRQHandler_emit
 .text          0x0000000008002958       0xcc obj/tower_user_thread_period_250ms.o
                0x0000000008002958                callback_periodic_thread_period_250ms
                0x00000000080029b0                callback_abort_thread_period_250ms
                0x00000000080029c0                callback_request_thread_period_250ms
 .text          0x0000000008002a24       0xa8 obj/tower_gen_thread_period_250ms.o
                0x0000000008002a24                loop_thread_period_250ms
                0x0000000008002a9c                emitter_periodic_chan_4_thread_period_250ms_emit
                0x0000000008002ab0                emitter_periodic_chan_2_thread_period_250ms_emit
 .text          0x0000000008002acc      0x1e0 obj/tower_user_thread_init.o
                0x0000000008002acc                callback_init_2_thread_init
                0x0000000008002b94                callback_init_thread_init
 .text          0x0000000008002cac       0x3c obj/tower_gen_thread_init.o
                0x0000000008002cac                loop_thread_init
 .text          0x0000000008002ce8        0x0 obj/tower_state_monitor_can1PeripheralDriver.o
 .text          0x0000000008002ce8       0x24 obj/tower_gen_monitor_can1PeripheralDriver.o
                0x0000000008002ce8                monitor_init_can1PeripheralDriver
                0x0000000008002cf4                monitor_lock_can1PeripheralDriver
                0x0000000008002d00                monitor_unlock_can1PeripheralDriver
 .text          0x0000000008002d0c        0x0 obj/tower_state_monitor_simplecontroller.o
 .text          0x0000000008002d0c       0x24 obj/tower_gen_monitor_simplecontroller.o
                0x0000000008002d0c                monitor_init_simplecontroller
                0x0000000008002d18                monitor_lock_simplecontroller
                0x0000000008002d24                monitor_unlock_simplecontroller
 .text          0x0000000008002d30       0x88 obj/tower_init.o
                0x0000000008002d30                tower_entry
 .text          0x0000000008002db8      0x13c obj/stm32_main.o
                0x0000000008002db8                Reset_Handler
 .text          0x0000000008002ef4       0x1e obj/tower_time.o
                0x0000000008002ef4                tower_get_time
 *fill*         0x0000000008002f12        0x2 
 .text          0x0000000008002f14       0x68 obj/stm32_freertos_init.o
                0x0000000008002f1c                init_relocate
                0x0000000008002f70                init_libc
                0x0000000008002f74                vApplicationStackOverflowHook
 .text.startup  0x0000000008002f7c       0x28 obj/stm32_freertos_init.o
                0x0000000008002f7c                main
 .text          0x0000000008002fa4       0x14 obj/vector_table.o
 .text.defaultExceptionHandler
                0x0000000008002fb8        0x2 obj/vector_table.o
                0x0000000008002fb8                RTC_Alarm_IRQHandler
                0x0000000008002fb8                HASH_RNG_IRQHandler
                0x0000000008002fb8                EXTI2_IRQHandler
                0x0000000008002fb8                TIM8_CC_IRQHandler
                0x0000000008002fb8                UART8_IRQHandler
                0x0000000008002fb8                SPI4_IRQHandler
                0x0000000008002fb8                TIM1_CC_IRQHandler
                0x0000000008002fb8                DMA2_Stream5_IRQHandler
                0x0000000008002fb8                HardFault_Handler
                0x0000000008002fb8                DMA1_Stream5_IRQHandler
                0x0000000008002fb8                PVD_IRQHandler
                0x0000000008002fb8                SDIO_IRQHandler
                0x0000000008002fb8                LCD_TFT_ER_IRQHandler
                0x0000000008002fb8                TAMP_STAMP_IRQHandler
                0x0000000008002fb8                CAN2_RX1_IRQHandler
                0x0000000008002fb8                EXTI3_IRQHandler
                0x0000000008002fb8                TIM8_TRG_COM_TIM14_IRQHandler
                0x0000000008002fb8                TIM1_UP_TIM10_IRQHandler
                0x0000000008002fb8                TIM8_UP_TIM13_IRQHandler
                0x0000000008002fb8                I2C3_ER_IRQHandler
                0x0000000008002fb8                LCD_TFT_IRQHandler
                0x0000000008002fb8                EXTI0_IRQHandler
                0x0000000008002fb8                I2C2_EV_IRQHandler
                0x0000000008002fb8                DMA1_Stream2_IRQHandler
                0x0000000008002fb8                FPU_IRQHandler
                0x0000000008002fb8                OTG_HS_WKUP_IRQHandler
                0x0000000008002fb8                UsageFault_Handler
                0x0000000008002fb8                CAN2_SCE_IRQHandler
                0x0000000008002fb8                MemoryManagment_Handler
                0x0000000008002fb8                DMA2_Stream2_IRQHandler
                0x0000000008002fb8                SPI1_IRQHandler
                0x0000000008002fb8                TIM6_DAC_IRQHandler
                0x0000000008002fb8                TIM1_BRK_TIM9_IRQHandler
                0x0000000008002fb8                DCMI_IRQHandler
                0x0000000008002fb8                CAN2_RX0_IRQHandler
                0x0000000008002fb8                DMA2_Stream3_IRQHandler
                0x0000000008002fb8                USART6_IRQHandler
                0x0000000008002fb8                USART3_IRQHandler
                0x0000000008002fb8                CRYP_IRQHandler
                0x0000000008002fb8                UART5_IRQHandler
                0x0000000008002fb8                DMA2_Stream0_IRQHandler
                0x0000000008002fb8                TIM4_IRQHandler
                0x0000000008002fb8                I2C1_EV_IRQHandler
                0x0000000008002fb8                DMA1_Stream6_IRQHandler
                0x0000000008002fb8                DMA1_Stream1_IRQHandler
                0x0000000008002fb8                UART4_IRQHandler
                0x0000000008002fb8                TIM3_IRQHandler
                0x0000000008002fb8                RCC_IRQHandler
                0x0000000008002fb8                TIM8_BRK_TIM12_IRQHandler
                0x0000000008002fb8                EXTI15_10_IRQHandler
                0x0000000008002fb8                ADC_IRQHandler
                0x0000000008002fb8                DMA1_Stream7_IRQHandler
                0x0000000008002fb8                SPI5_IRQHandler
                0x0000000008002fb8                TIM7_IRQHandler
                0x0000000008002fb8                CAN2_TX_IRQHandler
                0x0000000008002fb8                TIM5_IRQHandler
                0x0000000008002fb8                DMA2_Stream7_IRQHandler
                0x0000000008002fb8                I2C3_EV_IRQHandler
                0x0000000008002fb8                EXTI9_5_IRQHandler
                0x0000000008002fb8                RTC_WKUP_IRQHandler
                0x0000000008002fb8                ETH_WKUP_IRQHandler
                0x0000000008002fb8                SPI2_IRQHandler
                0x0000000008002fb8                OTG_HS_EP1_IN_IRQHandler
                0x0000000008002fb8                DMA1_Stream0_IRQHandler
                0x0000000008002fb8                NonMaskable_Handler
                0x0000000008002fb8                EXTI4_IRQHandler
                0x0000000008002fb8                FSMC_IRQHandler
                0x0000000008002fb8                ETH_IRQHandler
                0x0000000008002fb8                OTG_HS_EP1_OUT_IRQHandler
                0x0000000008002fb8                WWDG_IRQHandler
                0x0000000008002fb8                SPI6_IRQHandler
                0x0000000008002fb8                TIM2_IRQHandler
                0x0000000008002fb8                OTG_FS_WKUP_IRQHandler
                0x0000000008002fb8                TIM1_TRG_COM_TIM11_IRQHandler
                0x0000000008002fb8                OTG_HS_IRQHandler
                0x0000000008002fb8                DMA2D_IRQHandler
                0x0000000008002fb8                EXTI1_IRQHandler
                0x0000000008002fb8                UART7_IRQHandler
                0x0000000008002fb8                USART2_IRQHandler
                0x0000000008002fb8                I2C2_ER_IRQHandler
                0x0000000008002fb8                DMA2_Stream1_IRQHandler
                0x0000000008002fb8                CAN1_SCE_IRQHandler
                0x0000000008002fb8                FLASH_IRQHandler
                0x0000000008002fb8                DMA2_Stream4_IRQHandler
                0x0000000008002fb8                BusFault_Handler
                0x0000000008002fb8                USART1_IRQHandler
                0x0000000008002fb8                OTG_FS_IRQHandler
                0x0000000008002fb8                SPI3_IRQHandler
                0x0000000008002fb8                DMA1_Stream4_IRQHandler
                0x0000000008002fb8                I2C1_ER_IRQHandler
                0x0000000008002fb8                DebugMonitor_Handler
                0x0000000008002fb8                DMA2_Stream6_IRQHandler
                0x0000000008002fb8                SAI1_IRQHandler
                0x0000000008002fb8                DMA1_Stream3_IRQHandler
 .text          0x0000000008002fba        0x4 obj/stm32_freertos_user_assert.o
                0x0000000008002fba                ivory_user_assert_hook
 *fill*         0x0000000008002fbe        0x2 
 .text          0x0000000008002fc0       0xa0 /usr/lib/gcc/arm-none-eabi/10.3.1/thumb/v7e-m+fp/hard/libgcc.a(_aeabi_ldivmod.o)
                0x0000000008002fc0                __aeabi_ldivmod
 .text          0x0000000008003060       0x30 /usr/lib/gcc/arm-none-eabi/10.3.1/thumb/v7e-m+fp/hard/libgcc.a(_aeabi_uldivmod.o)
                0x0000000008003060                __aeabi_uldivmod
 .text          0x0000000008003090      0x2d0 /usr/lib/gcc/arm-none-eabi/10.3.1/thumb/v7e-m+fp/hard/libgcc.a(_udivmoddi4.o)
                0x0000000008003090                __udivmoddi4
 .text          0x0000000008003360        0x4 /usr/lib/gcc/arm-none-eabi/10.3.1/thumb/v7e-m+fp/hard/libgcc.a(_dvmd_tls.o)
                0x0000000008003360                __aeabi_ldiv0
                0x0000000008003360                __aeabi_idiv0
 .text          0x0000000008003364       0x64 /usr/lib/gcc/arm-none-eabi/10.3.1/../../../arm-none-eabi/lib/thumb/v7e-m+fp/hard/libc.a(lib_a-memcmp.o)
                0x0000000008003364                memcmp
 .text          0x00000000080033c8      0x134 /usr/lib/gcc/arm-none-eabi/10.3.1/../../../arm-none-eabi/lib/thumb/v7e-m+fp/hard/libc.a(lib_a-memcpy.o)
                0x00000000080033c8                memcpy
 .text          0x00000000080034fc        0x0 /usr/lib/gcc/arm-none-eabi/10.3.1/thumb/v7e-m+fp/hard/crtend.o
 .text          0x00000000080034fc        0x0 /usr/lib/gcc/arm-none-eabi/10.3.1/thumb/v7e-m+fp/hard/crtn.o
 *(.fixup)
 *(.gnu.warning)
 *(.rodata .rodata.*)
 .rodata        0x00000000080034fc       0x24 /usr/lib/gcc/arm-none-eabi/10.3.1/thumb/v7e-m+fp/hard/crtbegin.o
 .rodata        0x0000000008003520        0x4 /usr/lib/gcc/arm-none-eabi/10.3.1/../../../arm-none-eabi/lib/thumb/v7e-m+fp/hard/libc.a(lib_a-impure.o)
                0x0000000008003520                _global_impure_ptr
 .rodata.str1.1
                0x0000000008003524        0x5 obj/tasks.o
 .rodata        0x0000000008003529       0x14 obj/tasks.o
 .rodata.str1.1
                0x000000000800353d       0x79 obj/tower_init.o
 .rodata.str1.1
                0x00000000080035b6        0xa obj/stm32_freertos_init.o
 .rodata        0x00000000080035c0       0x24 /usr/lib/gcc/arm-none-eabi/10.3.1/thumb/v7e-m+fp/hard/crtend.o
 *(.glue_7)
 .glue_7        0x00000000080035e4        0x0 linker stubs
 *(.glue_7t)
 .glue_7t       0x00000000080035e4        0x0 linker stubs
 *(.eh_frame)
 .eh_frame      0x00000000080035e4        0x0 /usr/lib/gcc/arm-none-eabi/10.3.1/thumb/v7e-m+fp/hard/crtbegin.o
 .eh_frame      0x00000000080035e4        0x4 /usr/lib/gcc/arm-none-eabi/10.3.1/thumb/v7e-m+fp/hard/crtend.o
 *(.gnu.linkonce.t.*)
 *(.got)
 *(.gcc_except_table)
 *(.gnu.linkonce.r.*)
 *(.init)
 .init          0x00000000080035e8        0x4 /usr/lib/gcc/arm-none-eabi/10.3.1/thumb/v7e-m+fp/hard/crti.o
                0x00000000080035e8                _init
 .init          0x00000000080035ec        0x8 /usr/lib/gcc/arm-none-eabi/10.3.1/thumb/v7e-m+fp/hard/crtn.o
 *(.fini)
 .fini          0x00000000080035f4        0x4 /usr/lib/gcc/arm-none-eabi/10.3.1/thumb/v7e-m+fp/hard/crti.o
                0x00000000080035f4                _fini
 .fini          0x00000000080035f8        0x8 /usr/lib/gcc/arm-none-eabi/10.3.1/thumb/v7e-m+fp/hard/crtn.o
                0x0000000008003600                . = ALIGN (0x4)
                0x0000000008003600                _etext = ABSOLUTE (.)

.vfp11_veneer   0x0000000008003600        0x0
 .vfp11_veneer  0x0000000008003600        0x0 linker stubs

.v4_bx          0x0000000008003600        0x0
 .v4_bx         0x0000000008003600        0x0 linker stubs

.iplt           0x0000000008003600        0x0
 .iplt          0x0000000008003600        0x0 /usr/lib/gcc/arm-none-eabi/10.3.1/thumb/v7e-m+fp/hard/crtbegin.o

.ARM.extab      0x0000000008003600        0x0
 *(.ARM.extab*)
 .ARM.extab     0x0000000008003600        0x0 /usr/lib/gcc/arm-none-eabi/10.3.1/../../../arm-none-eabi/lib/thumb/v7e-m+fp/hard/crt0.o
 .ARM.extab     0x0000000008003600        0x0 /usr/lib/gcc/arm-none-eabi/10.3.1/thumb/v7e-m+fp/hard/libgcc.a(_udivmoddi4.o)
                0x0000000008003600                __exidx_start = ABSOLUTE (.)

.ARM.exidx      0x0000000008003600        0x8
 *(.ARM.exidx*)
 .ARM.exidx     0x0000000008003600        0x8 /usr/lib/gcc/arm-none-eabi/10.3.1/../../../arm-none-eabi/lib/thumb/v7e-m+fp/hard/crt0.o
                                         0x10 (size before relaxing)
 .ARM.exidx     0x0000000008003608        0x0 /usr/lib/gcc/arm-none-eabi/10.3.1/thumb/v7e-m+fp/hard/libgcc.a(_udivmoddi4.o)
                                          0x8 (size before relaxing)
                0x0000000008003608                __exidx_end = ABSOLUTE (.)

.rel.dyn        0x0000000008003608        0x0
 .rel.iplt      0x0000000008003608        0x0 /usr/lib/gcc/arm-none-eabi/10.3.1/thumb/v7e-m+fp/hard/crtbegin.o

.preinit_array  0x0000000008003608        0x0
                0x0000000008003608                PROVIDE (__preinit_array_start = .)
 *(.preinit_array)
                0x0000000008003608                PROVIDE (__preinit_array_end = .)

.init_array     0x0000000008003608        0x4
                0x0000000008003608                PROVIDE (__init_array_start = .)
 *(.init_array)
 .init_array    0x0000000008003608        0x4 /usr/lib/gcc/arm-none-eabi/10.3.1/thumb/v7e-m+fp/hard/crtbegin.o
                0x000000000800360c                PROVIDE (__init_array_end = .)

.ctors
 *crtbegin.o(.ctors)
 *crtbegin?.o(.ctors)
 *(EXCLUDE_FILE(*crtend?.o *crtend.o) .ctors)
 *(SORT_BY_NAME(.ctors.*))
 *(.ctors)

.data           0x0000000010000000      0x440 load address 0x000000000800360c
                0x000000000800360c                _sidata = LOADADDR (.data)
                0x0000000010000000                _sdata = ABSOLUTE (.)
 *(.data .data.*)
 .data          0x0000000010000000        0x0 /usr/lib/gcc/arm-none-eabi/10.3.1/thumb/v7e-m+fp/hard/crti.o
 .data          0x0000000010000000        0x4 /usr/lib/gcc/arm-none-eabi/10.3.1/thumb/v7e-m+fp/hard/crtbegin.o
                0x0000000010000000                __dso_handle
 .data          0x0000000010000004        0x0 /usr/lib/gcc/arm-none-eabi/10.3.1/../../../arm-none-eabi/lib/thumb/v7e-m+fp/hard/crt0.o
 .data          0x0000000010000004        0x0 /usr/lib/gcc/arm-none-eabi/10.3.1/../../../arm-none-eabi/lib/thumb/v7e-m+fp/hard/libc.a(lib_a-atexit.o)
 .data          0x0000000010000004        0x0 /usr/lib/gcc/arm-none-eabi/10.3.1/../../../arm-none-eabi/lib/thumb/v7e-m+fp/hard/libc.a(lib_a-exit.o)
 .data          0x0000000010000004        0x0 /usr/lib/gcc/arm-none-eabi/10.3.1/../../../arm-none-eabi/lib/thumb/v7e-m+fp/hard/libc.a(lib_a-fini.o)
 *fill*         0x0000000010000004        0x4 
 .data          0x0000000010000008      0x430 /usr/lib/gcc/arm-none-eabi/10.3.1/../../../arm-none-eabi/lib/thumb/v7e-m+fp/hard/libc.a(lib_a-impure.o)
                0x0000000010000008                _impure_ptr
 .data          0x0000000010000438        0x0 /usr/lib/gcc/arm-none-eabi/10.3.1/../../../arm-none-eabi/lib/thumb/v7e-m+fp/hard/libc.a(lib_a-init.o)
 .data          0x0000000010000438        0x0 /usr/lib/gcc/arm-none-eabi/10.3.1/../../../arm-none-eabi/lib/thumb/v7e-m+fp/hard/libc.a(lib_a-memset.o)
 .data          0x0000000010000438        0x0 /usr/lib/gcc/arm-none-eabi/10.3.1/../../../arm-none-eabi/lib/thumb/v7e-m+fp/hard/libc.a(lib_a-__atexit.o)
 .data          0x0000000010000438        0x0 /usr/lib/gcc/arm-none-eabi/10.3.1/../../../arm-none-eabi/lib/thumb/v7e-m+fp/hard/libc.a(lib_a-__call_atexit.o)
 .data          0x0000000010000438        0x0 obj/freertos_atomic_wrapper.o
 .data          0x0000000010000438        0x0 obj/freertos_semaphore_wrapper.o
 .data          0x0000000010000438        0x0 obj/freertos_mutex_wrapper.o
 .data          0x0000000010000438        0x0 obj/freertos_task_wrapper.o
 .data          0x0000000010000438        0x0 obj/freertos_time_wrapper.o
 .data          0x0000000010000438        0x0 obj/list.o
 .data          0x0000000010000438        0x0 obj/queue.o
 .data          0x0000000010000438        0x4 obj/tasks.o
 .data          0x000000001000043c        0x0 obj/timers.o
 .data          0x000000001000043c        0x4 obj/port.o
 .data          0x0000000010000440        0x0 obj/heap_1.o
 .data          0x0000000010000440        0x0 obj/syscalls.o
 .data          0x0000000010000440        0x0 obj/canDriverTypes.o
 .data          0x0000000010000440        0x0 obj/tower_user_thread_signal_CAN1_RX0_IRQHandler.o
 .data          0x0000000010000440        0x0 obj/tower_gen_thread_signal_CAN1_RX0_IRQHandler.o
 .data          0x0000000010000440        0x0 obj/tower_user_thread_signal_CAN1_RX1_IRQHandler.o
 .data          0x0000000010000440        0x0 obj/tower_gen_thread_signal_CAN1_RX1_IRQHandler.o
 .data          0x0000000010000440        0x0 obj/tower_user_thread_signal_CAN1_TX_IRQHandler.o
 .data          0x0000000010000440        0x0 obj/tower_gen_thread_signal_CAN1_TX_IRQHandler.o
 .data          0x0000000010000440        0x0 obj/tower_user_thread_period_250ms.o
 .data          0x0000000010000440        0x0 obj/tower_gen_thread_period_250ms.o
 .data          0x0000000010000440        0x0 obj/tower_user_thread_init.o
 .data          0x0000000010000440        0x0 obj/tower_gen_thread_init.o
 .data          0x0000000010000440        0x0 obj/tower_state_monitor_can1PeripheralDriver.o
 .data          0x0000000010000440        0x0 obj/tower_gen_monitor_can1PeripheralDriver.o
 .data          0x0000000010000440        0x0 obj/tower_state_monitor_simplecontroller.o
 .data          0x0000000010000440        0x0 obj/tower_gen_monitor_simplecontroller.o
 .data          0x0000000010000440        0x0 obj/tower_init.o
 .data          0x0000000010000440        0x0 obj/stm32_main.o
 .data          0x0000000010000440        0x0 obj/tower_time.o
 .data          0x0000000010000440        0x0 obj/stm32_freertos_init.o
 .data          0x0000000010000440        0x0 obj/vector_table.o
 .data          0x0000000010000440        0x0 obj/stm32_freertos_user_assert.o
 .data          0x0000000010000440        0x0 /usr/lib/gcc/arm-none-eabi/10.3.1/thumb/v7e-m+fp/hard/libgcc.a(_aeabi_ldivmod.o)
 .data          0x0000000010000440        0x0 /usr/lib/gcc/arm-none-eabi/10.3.1/thumb/v7e-m+fp/hard/libgcc.a(_aeabi_uldivmod.o)
 .data          0x0000000010000440        0x0 /usr/lib/gcc/arm-none-eabi/10.3.1/thumb/v7e-m+fp/hard/libgcc.a(_udivmoddi4.o)
 .data          0x0000000010000440        0x0 /usr/lib/gcc/arm-none-eabi/10.3.1/thumb/v7e-m+fp/hard/libgcc.a(_dvmd_tls.o)
 .data          0x0000000010000440        0x0 /usr/lib/gcc/arm-none-eabi/10.3.1/../../../arm-none-eabi/lib/thumb/v7e-m+fp/hard/libc.a(lib_a-memcmp.o)
 .data          0x0000000010000440        0x0 /usr/lib/gcc/arm-none-eabi/10.3.1/../../../arm-none-eabi/lib/thumb/v7e-m+fp/hard/libc.a(lib_a-memcpy.o)
 .data          0x0000000010000440        0x0 /usr/lib/gcc/arm-none-eabi/10.3.1/thumb/v7e-m+fp/hard/crtend.o
 .data          0x0000000010000440        0x0 /usr/lib/gcc/arm-none-eabi/10.3.1/thumb/v7e-m+fp/hard/crtn.o
 *(.gnu.linkonce.d.*)
                0x0000000010000440                _edata = ABSOLUTE (.)

.fini_array     0x0000000010000440        0x4 load address 0x0000000008003a4c
 .fini_array    0x0000000010000440        0x4 /usr/lib/gcc/arm-none-eabi/10.3.1/thumb/v7e-m+fp/hard/crtbegin.o

.tm_clone_table
                0x0000000010000444        0x0 load address 0x0000000008003a50
 .tm_clone_table
                0x0000000010000444        0x0 /usr/lib/gcc/arm-none-eabi/10.3.1/thumb/v7e-m+fp/hard/crtbegin.o
 .tm_clone_table
                0x0000000010000444        0x0 /usr/lib/gcc/arm-none-eabi/10.3.1/thumb/v7e-m+fp/hard/crtend.o

.igot.plt       0x0000000010000444        0x0 load address 0x0000000008003a50
 .igot.plt      0x0000000010000444        0x0 /usr/lib/gcc/arm-none-eabi/10.3.1/thumb/v7e-m+fp/hard/crtbegin.o
                0x0000000010000444                . = ALIGN (0x4)

.bss            0x0000000020000000    0x1820c
                0x0000000020000000                _sbss = ABSOLUTE (.)
                0x0000000020000000                __bss_start__ = ABSOLUTE (_sbss)
 *(.bss .bss.*)
 .bss           0x0000000020000000        0x0 /usr/lib/gcc/arm-none-eabi/10.3.1/thumb/v7e-m+fp/hard/crti.o
 .bss           0x0000000020000000       0x1c /usr/lib/gcc/arm-none-eabi/10.3.1/thumb/v7e-m+fp/hard/crtbegin.o
 .bss           0x000000002000001c        0x0 /usr/lib/gcc/arm-none-eabi/10.3.1/../../../arm-none-eabi/lib/thumb/v7e-m+fp/hard/crt0.o
 .bss           0x000000002000001c        0x0 /usr/lib/gcc/arm-none-eabi/10.3.1/../../../arm-none-eabi/lib/thumb/v7e-m+fp/hard/libc.a(lib_a-atexit.o)
 .bss           0x000000002000001c        0x0 /usr/lib/gcc/arm-none-eabi/10.3.1/../../../arm-none-eabi/lib/thumb/v7e-m+fp/hard/libc.a(lib_a-exit.o)
 .bss           0x000000002000001c        0x0 /usr/lib/gcc/arm-none-eabi/10.3.1/../../../arm-none-eabi/lib/thumb/v7e-m+fp/hard/libc.a(lib_a-fini.o)
 .bss           0x000000002000001c        0x0 /usr/lib/gcc/arm-none-eabi/10.3.1/../../../arm-none-eabi/lib/thumb/v7e-m+fp/hard/libc.a(lib_a-impure.o)
 .bss           0x000000002000001c        0x0 /usr/lib/gcc/arm-none-eabi/10.3.1/../../../arm-none-eabi/lib/thumb/v7e-m+fp/hard/libc.a(lib_a-init.o)
 .bss           0x000000002000001c        0x0 /usr/lib/gcc/arm-none-eabi/10.3.1/../../../arm-none-eabi/lib/thumb/v7e-m+fp/hard/libc.a(lib_a-memset.o)
 .bss           0x000000002000001c        0x0 /usr/lib/gcc/arm-none-eabi/10.3.1/../../../arm-none-eabi/lib/thumb/v7e-m+fp/hard/libc.a(lib_a-__atexit.o)
 .bss           0x000000002000001c        0x0 /usr/lib/gcc/arm-none-eabi/10.3.1/../../../arm-none-eabi/lib/thumb/v7e-m+fp/hard/libc.a(lib_a-__call_atexit.o)
 .bss           0x000000002000001c        0x0 obj/freertos_atomic_wrapper.o
 .bss           0x000000002000001c        0x0 obj/freertos_semaphore_wrapper.o
 .bss           0x000000002000001c        0x0 obj/freertos_mutex_wrapper.o
 .bss           0x000000002000001c        0x0 obj/freertos_task_wrapper.o
 .bss           0x000000002000001c        0x0 obj/freertos_time_wrapper.o
 .bss           0x000000002000001c        0x0 obj/list.o
 .bss           0x000000002000001c        0x0 obj/queue.o
 .bss           0x000000002000001c      0x110 obj/tasks.o
                0x0000000020000048                pxCurrentTCB
 .bss           0x000000002000012c        0x0 obj/timers.o
 .bss           0x000000002000012c        0x8 obj/port.o
 .bss           0x0000000020000134    0x18008 obj/heap_1.o
 .bss           0x000000002001813c        0x4 obj/syscalls.o
 .bss           0x0000000020018140        0x0 obj/canDriverTypes.o
 .bss           0x0000000020018140        0x0 obj/tower_user_thread_signal_CAN1_RX0_IRQHandler.o
 .bss           0x0000000020018140       0x38 obj/tower_gen_thread_signal_CAN1_RX0_IRQHandler.o
                0x0000000020018140                signal_semaphore_thread_signal_CAN1_RX0_IRQHandler
 .bss           0x0000000020018178        0x0 obj/tower_user_thread_signal_CAN1_RX1_IRQHandler.o
 .bss           0x0000000020018178       0x38 obj/tower_gen_thread_signal_CAN1_RX1_IRQHandler.o
                0x0000000020018178                signal_semaphore_thread_signal_CAN1_RX1_IRQHandler
 .bss           0x00000000200181b0        0x0 obj/tower_user_thread_signal_CAN1_TX_IRQHandler.o
 .bss           0x00000000200181b0       0x20 obj/tower_gen_thread_signal_CAN1_TX_IRQHandler.o
                0x00000000200181b0                signal_semaphore_thread_signal_CAN1_TX_IRQHandler
 .bss           0x00000000200181d0        0x0 obj/tower_user_thread_period_250ms.o
 .bss           0x00000000200181d0       0x1c obj/tower_gen_thread_period_250ms.o
 .bss           0x00000000200181ec        0x0 obj/tower_user_thread_init.o
 .bss           0x00000000200181ec        0x0 obj/tower_gen_thread_init.o
 .bss           0x00000000200181ec        0x0 obj/tower_state_monitor_can1PeripheralDriver.o
 .bss           0x00000000200181ec        0x4 obj/tower_gen_monitor_can1PeripheralDriver.o
                0x00000000200181ec                lock_can1PeripheralDriver
 .bss           0x00000000200181f0       0x15 obj/tower_state_monitor_simplecontroller.o
                0x00000000200181f0                can_received_count
                0x00000000200181f4                last_sent
                0x0000000020018204                tx_pending
 *fill*         0x0000000020018205        0x3 
 .bss           0x0000000020018208        0x4 obj/tower_gen_monitor_simplecontroller.o
                0x0000000020018208                lock_simplecontroller
 .bss           0x000000002001820c        0x0 obj/tower_init.o
 .bss           0x000000002001820c        0x0 obj/stm32_main.o
 .bss           0x000000002001820c        0x0 obj/tower_time.o
 .bss           0x000000002001820c        0x0 obj/stm32_freertos_init.o
 .bss           0x000000002001820c        0x0 obj/vector_table.o
 .bss           0x000000002001820c        0x0 obj/stm32_freertos_user_assert.o
 .bss           0x000000002001820c        0x0 /usr/lib/gcc/arm-none-eabi/10.3.1/thumb/v7e-m+fp/hard/libgcc.a(_aeabi_ldivmod.o)
 .bss           0x000000002001820c        0x0 /usr/lib/gcc/arm-none-eabi/10.3.1/thumb/v7e-m+fp/hard/libgcc.a(_aeabi_uldivmod.o)
 .bss           0x000000002001820c        0x0 /usr/lib/gcc/arm-none-eabi/10.3.1/thumb/v7e-m+fp/hard/libgcc.a(_udivmoddi4.o)
 .bss           0x000000002001820c        0x0 /usr/lib/gcc/arm-none-eabi/10.3.1/thumb/v7e-m+fp/hard/libgcc.a(_dvmd_tls.o)
 .bss           0x000000002001820c        0x0 /usr/lib/gcc/arm-none-eabi/10.3.1/../../../arm-none-eabi/lib/thumb/v7e-m+fp/hard/libc.a(lib_a-memcmp.o)
 .bss           0x000000002001820c        0x0 /usr/lib/gcc/arm-none-eabi/10.3.1/../../../arm-none-eabi/lib/thumb/v7e-m+fp/hard/libc.a(lib_a-memcpy.o)
 .bss           0x000000002001820c        0x0 /usr/lib/gcc/arm-none-eabi/10.3.1/thumb/v7e-m+fp/hard/crtend.o
 .bss           0x000000002001820c        0x0 /usr/lib/gcc/arm-none-eabi/10.3.1/thumb/v7e-m+fp/hard/crtn.o
 *(.gnu.linkonce.b.*)
 *(COMMON)
                0x000000002001820c                . = ALIGN (0x4)
                0x000000002001820c                _ebss = ABSOLUTE (.)
                0x000000002001820c                __bss_end__ = ABSOLUTE (_ebss)

._user_heap_stack
                0x0000000010000444      0x400
                0x0000000010000444                . = ALIGN (0x4)
                [!provide]                        PROVIDE (end = .)
                0x0000000010000444                PROVIDE (_end = .)
                0x0000000010000444                . = (. + _min_heap_size)
                0x0000000010000844                . = (. + _min_stack_size)
 *fill*         0x0000000010000444      0x400 
                0x0000000010000844                . = ALIGN (0x4)

.stab
 *(.stab)

.stabstr
 *(.stabstr)

.stab.excl
 *(.stab.excl)

.stab.exclstr
 *(.stab.exclstr)

.stab.index
 *(.stab.index)

.stab.indexstr
 *(.stab.indexstr)

.comment        0x0000000000000000       0x33
 *(.comment)
 .comment       0x0000000000000000       0x33 /usr/lib/gcc/arm-none-eabi/10.3.1/thumb/v7e-m+fp/hard/crtbegin.o
                                         0x34 (size before relaxing)
 .comment       0x0000000000000033       0x34 /usr/lib/gcc/arm-none-eabi/10.3.1/../../../arm-none-eabi/lib/thumb/v7e-m+fp/hard/libc.a(lib_a-atexit.o)
 .comment       0x0000000000000033       0x34 /usr/lib/gcc/arm-none-eabi/10.3.1/../../../arm-none-eabi/lib/thumb/v7e-m+fp/hard/libc.a(lib_a-exit.o)
 .comment       0x0000000000000033       0x34 /usr/lib/gcc/arm-none-eabi/10.3.1/../../../arm-none-eabi/lib/thumb/v7e-m+fp/hard/libc.a(lib_a-fini.o)
 .comment       0x0000000000000033       0x34 /usr/lib/gcc/arm-none-eabi/10.3.1/../../../arm-none-eabi/lib/thumb/v7e-m+fp/hard/libc.a(lib_a-impure.o)
 .comment       0x0000000000000033       0x34 /usr/lib/gcc/arm-none-eabi/10.3.1/../../../arm-none-eabi/lib/thumb/v7e-m+fp/hard/libc.a(lib_a-init.o)
 .comment       0x0000000000000033       0x34 /usr/lib/gcc/arm-none-eabi/10.3.1/../../../arm-none-eabi/lib/thumb/v7e-m+fp/hard/libc.a(lib_a-memset.o)
 .comment       0x0000000000000033       0x34 /usr/lib/gcc/arm-none-eabi/10.3.1/../../../arm-none-eabi/lib/thumb/v7e-m+fp/hard/libc.a(lib_a-__atexit.o)
 .comment       0x0000000000000033       0x34 /usr/lib/gcc/arm-none-eabi/10.3.1/../../../arm-none-eabi/lib/thumb/v7e-m+fp/hard/libc.a(lib_a-__call_atexit.o)
 .comment       0x0000000000000033       0x34 obj/freertos_atomic_wrapper.o
 .comment       0x0000000000000033       0x34 obj/freertos_semaphore_wrapper.o
 .comment       0x0000000000000033       0x34 obj/freertos_mutex_wrapper.o
 .comment       0x0000000000000033       0x34 obj/freertos_task_wrapper.o
 .comment       0x0000000000000033       0x34 obj/freertos_time_wrapper.o
 .comment       0x0000000000000033       0x34 obj/list.o
 .comment       0x0000000000000033       0x34 obj/queue.o
 .comment       0x0000000000000033       0x34 obj/tasks.o
 .comment       0x0000000000000033       0x34 obj/timers.o
 .comment       0x0000000000000033       0x34 obj/port.o
 .comment       0x0000000000000033       0x34 obj/heap_1.o
 .comment       0x0000000000000033       0x34 obj/syscalls.o
 .comment       0x0000000000000033       0x34 obj/canDriverTypes.o
 .comment       0x0000000000000033       0x34 obj/tower_user_thread_signal_CAN1_RX0_IRQHandler.o
 .comment       0x0000000000000033       0x34 obj/tower_gen_thread_signal_CAN1_RX0_IRQHandler.o
 .comment       0x0000000000000033       0x34 obj/tower_user_thread_signal_CAN1_RX1_IRQHandler.o
 .comment       0x0000000000000033       0x34 obj/tower_gen_thread_signal_CAN1_RX1_IRQHandler.o
 .comment       0x0000000000000033       0x34 obj/tower_user_thread_signal_CAN1_TX_IRQHandler.o
 .comment       0x0000000000000033       0x34 obj/tower_gen_thread_signal_CAN1_TX_IRQHandler.o
 .comment       0x0000000000000033       0x34 obj/tower_user_thread_period_250ms.o
 .comment       0x0000000000000033       0x34 obj/tower_gen_thread_period_250ms.o
 .comment       0x0000000000000033       0x34 obj/tower_user_thread_init.o
 .comment       0x0000000000000033       0x34 obj/tower_gen_thread_init.o
 .comment       0x0000000000000033       0x34 obj/tower_state_monitor_can1PeripheralDriver.o
 .comment       0x0000000000000033       0x34 obj/tower_gen_monitor_can1PeripheralDriver.o
 .comment       0x0000000000000033       0x34 obj/tower_state_monitor_simplecontroller.o
 .comment       0x0000000000000033       0x34 obj/tower_gen_monitor_simplecontroller.o
 .comment       0x0000000000000033       0x34 obj/tower_init.o
 .comment       0x0000000000000033       0x34 obj/stm32_main.o
 .comment       0x0000000000000033       0x34 obj/tower_time.o
 .comment       0x0000000000000033       0x34 obj/stm32_freertos_init.o
 .comment       0x0000000000000033       0x34 obj/stm32_freertos_user_assert.o
 .comment       0x0000000000000033       0x34 /usr/lib/gcc/arm-none-eabi/10.3.1/thumb/v7e-m+fp/hard/libgcc.a(_udivmoddi4.o)
 .comment       0x0000000000000033       0x34 /usr/lib/gcc/arm-none-eabi/10.3.1/../../../arm-none-eabi/lib/thumb/v7e-m+fp/hard/libc.a(lib_a-memcmp.o)
 .comment       0x0000000000000033       0x34 /usr/lib/gcc/arm-none-eabi/10.3.1/thumb/v7e-m+fp/hard/crtend.o

.ARM.attributes
                0x0000000000000000       0x30
 .ARM.attributes
                0x0000000000000000       0x1e /usr/lib/gcc/arm-none-eabi/10.3.1/thumb/v7e-m+fp/hard/crti.o
 .ARM.attributes
                0x000000000000001e       0x34 /usr/lib/gcc/arm-none-eabi/10.3.1/thumb/v7e-m+fp/hard/crtbegin.o
 .ARM.attributes
                0x0000000000000052       0x1c /usr/lib/gcc/arm-none-eabi/10.3.1/../../../arm-none-eabi/lib/thumb/v7e-m+fp/hard/crt0.o
 .ARM.attributes
                0x000000000000006e       0x34 obj/freertos_atomic_wrapper.o
 .ARM.attributes
                0x00000000000000a2       0x34 obj/freertos_semaphore_wrapper.o
 .ARM.attributes
                0x00000000000000d6       0x34 obj/freertos_mutex_wrapper.o
 .ARM.attributes
                0x000000000000010a       0x34 obj/freertos_task_wrapper.o
 .ARM.attributes
                0x000000000000013e       0x34 obj/freertos_time_wrapper.o
 .ARM.attributes
                0x0000000000000172       0x34 obj/list.o
 .ARM.attributes
                0x00000000000001a6       0x34 obj/queue.o
 .ARM.attributes
                0x00000000000001da       0x34 obj/tasks.o
 .ARM.attributes
                0x000000000000020e       0x39 obj/timers.o
 .ARM.attributes
                0x0000000000000247       0x34 obj/port.o
 .ARM.attributes
                0x000000000000027b       0x34 obj/heap_1.o
 .ARM.attributes
                0x00000000000002af       0x34 obj/syscalls.o
 .ARM.attributes
                0x00000000000002e3       0x39 obj/canDriverTypes.o
 .ARM.attributes
                0x000000000000031c       0x34 obj/tower_user_thread_signal_CAN1_RX0_IRQHandler.o
 .ARM.attributes
                0x0000000000000350       0x34 obj/tower_gen_thread_signal_CAN1_RX0_IRQHandler.o
 .ARM.attributes
                0x0000000000000384       0x34 obj/tower_user_thread_signal_CAN1_RX1_IRQHandler.o
 .ARM.attributes
                0x00000000000003b8       0x34 obj/tower_gen_thread_signal_CAN1_RX1_IRQHandler.o
 .ARM.attributes
                0x00000000000003ec       0x34 obj/tower_user_thread_signal_CAN1_TX_IRQHandler.o
 .ARM.attributes
                0x0000000000000420       0x34 obj/tower_gen_thread_signal_CAN1_TX_IRQHandler.o
 .ARM.attributes
                0x0000000000000454       0x34 obj/tower_user_thread_period_250ms.o
 .ARM.attributes
                0x0000000000000488       0x34 obj/tower_gen_thread_period_250ms.o
 .ARM.attributes
                0x00000000000004bc       0x34 obj/tower_user_thread_init.o
 .ARM.attributes
                0x00000000000004f0       0x34 obj/tower_gen_thread_init.o
 .ARM.attributes
                0x0000000000000524       0x39 obj/tower_state_monitor_can1PeripheralDriver.o
 .ARM.attributes
                0x000000000000055d       0x34 obj/tower_gen_monitor_can1PeripheralDriver.o
 .ARM.attributes
                0x0000000000000591       0x39 obj/tower_state_monitor_simplecontroller.o
 .ARM.attributes
                0x00000000000005ca       0x34 obj/tower_gen_monitor_simplecontroller.o
 .ARM.attributes
                0x00000000000005fe       0x34 obj/tower_init.o
 .ARM.attributes
                0x0000000000000632       0x34 obj/stm32_main.o
 .ARM.attributes
                0x0000000000000666       0x34 obj/tower_time.o
 .ARM.attributes
                0x000000000000069a       0x34 obj/stm32_freertos_init.o
 .ARM.attributes
                0x00000000000006ce       0x21 obj/vector_table.o
 .ARM.attributes
                0x00000000000006ef       0x34 obj/stm32_freertos_user_assert.o
 .ARM.attributes
                0x0000000000000723       0x1e /usr/lib/gcc/arm-none-eabi/10.3.1/thumb/v7e-m+fp/hard/libgcc.a(_aeabi_ldivmod.o)
 .ARM.attributes
                0x0000000000000741       0x1e /usr/lib/gcc/arm-none-eabi/10.3.1/thumb/v7e-m+fp/hard/libgcc.a(_aeabi_uldivmod.o)
 .ARM.attributes
                0x000000000000075f       0x34 /usr/lib/gcc/arm-none-eabi/10.3.1/thumb/v7e-m+fp/hard/libgcc.a(_udivmoddi4.o)
 .ARM.attributes
                0x0000000000000793       0x1e /usr/lib/gcc/arm-none-eabi/10.3.1/thumb/v7e-m+fp/hard/libgcc.a(_dvmd_tls.o)
 .ARM.attributes
                0x00000000000007b1       0x34 /usr/lib/gcc/arm-none-eabi/10.3.1/../../../arm-none-eabi/lib/thumb/v7e-m+fp/hard/libc.a(lib_a-memcmp.o)
 .ARM.attributes
                0x00000000000007e5       0x1c /usr/lib/gcc/arm-none-eabi/10.3.1/../../../arm-none-eabi/lib/thumb/v7e-m+fp/hard/libc.a(lib_a-memcpy.o)
 .ARM.attributes
                0x0000000000000801       0x32 /usr/lib/gcc/arm-none-eabi/10.3.1/thumb/v7e-m+fp/hard/crtend.o
 .ARM.attributes
                0x0000000000000833       0x1e /usr/lib/gcc/arm-none-eabi/10.3.1/thumb/v7e-m+fp/hard/crtn.o

.debug_abbrev   0x0000000000000000     0x38c3
 *(.debug_abbrev)
 .debug_abbrev  0x0000000000000000       0x14 /usr/lib/gcc/arm-none-eabi/10.3.1/../../../arm-none-eabi/lib/thumb/v7e-m+fp/hard/crt0.o
 .debug_abbrev  0x0000000000000014       0xb7 /usr/lib/gcc/arm-none-eabi/10.3.1/../../../arm-none-eabi/lib/thumb/v7e-m+fp/hard/libc.a(lib_a-atexit.o)
 .debug_abbrev  0x00000000000000cb      0x20c /usr/lib/gcc/arm-none-eabi/10.3.1/../../../arm-none-eabi/lib/thumb/v7e-m+fp/hard/libc.a(lib_a-exit.o)
 .debug_abbrev  0x00000000000002d7       0xcf /usr/lib/gcc/arm-none-eabi/10.3.1/../../../arm-none-eabi/lib/thumb/v7e-m+fp/hard/libc.a(lib_a-fini.o)
 .debug_abbrev  0x00000000000003a6      0x1b8 /usr/lib/gcc/arm-none-eabi/10.3.1/../../../arm-none-eabi/lib/thumb/v7e-m+fp/hard/libc.a(lib_a-impure.o)
 .debug_abbrev  0x000000000000055e       0xcc /usr/lib/gcc/arm-none-eabi/10.3.1/../../../arm-none-eabi/lib/thumb/v7e-m+fp/hard/libc.a(lib_a-init.o)
 .debug_abbrev  0x000000000000062a       0xb4 /usr/lib/gcc/arm-none-eabi/10.3.1/../../../arm-none-eabi/lib/thumb/v7e-m+fp/hard/libc.a(lib_a-memset.o)
 .debug_abbrev  0x00000000000006de      0x23f /usr/lib/gcc/arm-none-eabi/10.3.1/../../../arm-none-eabi/lib/thumb/v7e-m+fp/hard/libc.a(lib_a-__atexit.o)
 .debug_abbrev  0x000000000000091d      0x2b2 /usr/lib/gcc/arm-none-eabi/10.3.1/../../../arm-none-eabi/lib/thumb/v7e-m+fp/hard/libc.a(lib_a-__call_atexit.o)
 .debug_abbrev  0x0000000000000bcf       0x6a obj/freertos_atomic_wrapper.o
 .debug_abbrev  0x0000000000000c39      0x107 obj/freertos_semaphore_wrapper.o
 .debug_abbrev  0x0000000000000d40       0xeb obj/freertos_mutex_wrapper.o
 .debug_abbrev  0x0000000000000e2b      0x138 obj/freertos_task_wrapper.o
 .debug_abbrev  0x0000000000000f63       0xea obj/freertos_time_wrapper.o
 .debug_abbrev  0x000000000000104d      0x102 obj/list.o
 .debug_abbrev  0x000000000000114f      0x2fb obj/queue.o
 .debug_abbrev  0x000000000000144a      0x417 obj/tasks.o
 .debug_abbrev  0x0000000000001861       0x29 obj/timers.o
 .debug_abbrev  0x000000000000188a      0x256 obj/port.o
 .debug_abbrev  0x0000000000001ae0      0x175 obj/heap_1.o
 .debug_abbrev  0x0000000000001c55      0x17b obj/syscalls.o
 .debug_abbrev  0x0000000000001dd0       0x29 obj/canDriverTypes.o
 .debug_abbrev  0x0000000000001df9      0x1e4 obj/tower_user_thread_signal_CAN1_RX0_IRQHandler.o
 .debug_abbrev  0x0000000000001fdd      0x1d4 obj/tower_gen_thread_signal_CAN1_RX0_IRQHandler.o
 .debug_abbrev  0x00000000000021b1      0x1e4 obj/tower_user_thread_signal_CAN1_RX1_IRQHandler.o
 .debug_abbrev  0x0000000000002395      0x1d4 obj/tower_gen_thread_signal_CAN1_RX1_IRQHandler.o
 .debug_abbrev  0x0000000000002569      0x1fb obj/tower_user_thread_signal_CAN1_TX_IRQHandler.o
 .debug_abbrev  0x0000000000002764      0x1e5 obj/tower_gen_thread_signal_CAN1_TX_IRQHandler.o
 .debug_abbrev  0x0000000000002949      0x1fd obj/tower_user_thread_period_250ms.o
 .debug_abbrev  0x0000000000002b46      0x1a8 obj/tower_gen_thread_period_250ms.o
 .debug_abbrev  0x0000000000002cee      0x171 obj/tower_user_thread_init.o
 .debug_abbrev  0x0000000000002e5f      0x142 obj/tower_gen_thread_init.o
 .debug_abbrev  0x0000000000002fa1       0x13 obj/tower_state_monitor_can1PeripheralDriver.o
 .debug_abbrev  0x0000000000002fb4       0xd0 obj/tower_gen_monitor_can1PeripheralDriver.o
 .debug_abbrev  0x0000000000003084       0x8e obj/tower_state_monitor_simplecontroller.o
 .debug_abbrev  0x0000000000003112       0xd0 obj/tower_gen_monitor_simplecontroller.o
 .debug_abbrev  0x00000000000031e2       0xd9 obj/tower_init.o
 .debug_abbrev  0x00000000000032bb      0x19d obj/stm32_main.o
 .debug_abbrev  0x0000000000003458       0x99 obj/tower_time.o
 .debug_abbrev  0x00000000000034f1      0x14d obj/stm32_freertos_init.o
 .debug_abbrev  0x000000000000363e       0x14 obj/vector_table.o
 .debug_abbrev  0x0000000000003652       0x31 obj/stm32_freertos_user_assert.o
 .debug_abbrev  0x0000000000003683       0x14 /usr/lib/gcc/arm-none-eabi/10.3.1/thumb/v7e-m+fp/hard/libgcc.a(_aeabi_ldivmod.o)
 .debug_abbrev  0x0000000000003697       0x14 /usr/lib/gcc/arm-none-eabi/10.3.1/thumb/v7e-m+fp/hard/libgcc.a(_aeabi_uldivmod.o)
 .debug_abbrev  0x00000000000036ab      0x163 /usr/lib/gcc/arm-none-eabi/10.3.1/thumb/v7e-m+fp/hard/libgcc.a(_udivmoddi4.o)
 .debug_abbrev  0x000000000000380e       0x14 /usr/lib/gcc/arm-none-eabi/10.3.1/thumb/v7e-m+fp/hard/libgcc.a(_dvmd_tls.o)
 .debug_abbrev  0x0000000000003822       0x8d /usr/lib/gcc/arm-none-eabi/10.3.1/../../../arm-none-eabi/lib/thumb/v7e-m+fp/hard/libc.a(lib_a-memcmp.o)
 .debug_abbrev  0x00000000000038af       0x14 /usr/lib/gcc/arm-none-eabi/10.3.1/../../../arm-none-eabi/lib/thumb/v7e-m+fp/hard/libc.a(lib_a-memcpy.o)

.debug_info     0x0000000000000000     0xdd9c
 *(.debug_info)
 .debug_info    0x0000000000000000       0x26 /usr/lib/gcc/arm-none-eabi/10.3.1/../../../arm-none-eabi/lib/thumb/v7e-m+fp/hard/crt0.o
 .debug_info    0x0000000000000026      0x100 /usr/lib/gcc/arm-none-eabi/10.3.1/../../../arm-none-eabi/lib/thumb/v7e-m+fp/hard/libc.a(lib_a-atexit.o)
 .debug_info    0x0000000000000126      0x969 /usr/lib/gcc/arm-none-eabi/10.3.1/../../../arm-none-eabi/lib/thumb/v7e-m+fp/hard/libc.a(lib_a-exit.o)
 .debug_info    0x0000000000000a8f      0x102 /usr/lib/gcc/arm-none-eabi/10.3.1/../../../arm-none-eabi/lib/thumb/v7e-m+fp/hard/libc.a(lib_a-fini.o)
 .debug_info    0x0000000000000b91      0x92a /usr/lib/gcc/arm-none-eabi/10.3.1/../../../arm-none-eabi/lib/thumb/v7e-m+fp/hard/libc.a(lib_a-impure.o)
 .debug_info    0x00000000000014bb      0x11a /usr/lib/gcc/arm-none-eabi/10.3.1/../../../arm-none-eabi/lib/thumb/v7e-m+fp/hard/libc.a(lib_a-init.o)
 .debug_info    0x00000000000015d5      0x137 /usr/lib/gcc/arm-none-eabi/10.3.1/../../../arm-none-eabi/lib/thumb/v7e-m+fp/hard/libc.a(lib_a-memset.o)
 .debug_info    0x000000000000170c      0x9b0 /usr/lib/gcc/arm-none-eabi/10.3.1/../../../arm-none-eabi/lib/thumb/v7e-m+fp/hard/libc.a(lib_a-__atexit.o)
 .debug_info    0x00000000000020bc      0xa3d /usr/lib/gcc/arm-none-eabi/10.3.1/../../../arm-none-eabi/lib/thumb/v7e-m+fp/hard/libc.a(lib_a-__call_atexit.o)
 .debug_info    0x0000000000002af9       0xc8 obj/freertos_atomic_wrapper.o
 .debug_info    0x0000000000002bc1      0x270 obj/freertos_semaphore_wrapper.o
 .debug_info    0x0000000000002e31      0x1f6 obj/freertos_mutex_wrapper.o
 .debug_info    0x0000000000003027      0x1f6 obj/freertos_task_wrapper.o
 .debug_info    0x000000000000321d      0x189 obj/freertos_time_wrapper.o
 .debug_info    0x00000000000033a6      0x2c6 obj/list.o
 .debug_info    0x000000000000366c     0x1642 obj/queue.o
 .debug_info    0x0000000000004cae     0x25be obj/tasks.o
 .debug_info    0x000000000000726c       0x6f obj/timers.o
 .debug_info    0x00000000000072db      0x50a obj/port.o
 .debug_info    0x00000000000077e5      0x1dc obj/heap_1.o
 .debug_info    0x00000000000079c1      0x4d7 obj/syscalls.o
 .debug_info    0x0000000000007e98       0x7d obj/canDriverTypes.o
 .debug_info    0x0000000000007f15      0x51f obj/tower_user_thread_signal_CAN1_RX0_IRQHandler.o
 .debug_info    0x0000000000008434      0x571 obj/tower_gen_thread_signal_CAN1_RX0_IRQHandler.o
 .debug_info    0x00000000000089a5      0x51f obj/tower_user_thread_signal_CAN1_RX1_IRQHandler.o
 .debug_info    0x0000000000008ec4      0x571 obj/tower_gen_thread_signal_CAN1_RX1_IRQHandler.o
 .debug_info    0x0000000000009435      0x6a2 obj/tower_user_thread_signal_CAN1_TX_IRQHandler.o
 .debug_info    0x0000000000009ad7      0x58e obj/tower_gen_thread_signal_CAN1_TX_IRQHandler.o
 .debug_info    0x000000000000a065      0x5df obj/tower_user_thread_period_250ms.o
 .debug_info    0x000000000000a644      0x4f1 obj/tower_gen_thread_period_250ms.o
 .debug_info    0x000000000000ab35     0x10fb obj/tower_user_thread_init.o
 .debug_info    0x000000000000bc30      0x2e9 obj/tower_gen_thread_init.o
 .debug_info    0x000000000000bf19       0x21 obj/tower_state_monitor_can1PeripheralDriver.o
 .debug_info    0x000000000000bf3a      0x174 obj/tower_gen_monitor_can1PeripheralDriver.o
 .debug_info    0x000000000000c0ae      0x13b obj/tower_state_monitor_simplecontroller.o
 .debug_info    0x000000000000c1e9      0x174 obj/tower_gen_monitor_simplecontroller.o
 .debug_info    0x000000000000c35d      0x20c obj/tower_init.o
 .debug_info    0x000000000000c569      0xb46 obj/stm32_main.o
 .debug_info    0x000000000000d0af      0x158 obj/tower_time.o
 .debug_info    0x000000000000d207      0x24c obj/stm32_freertos_init.o
 .debug_info    0x000000000000d453       0x26 obj/vector_table.o
 .debug_info    0x000000000000d479       0x3c obj/stm32_freertos_user_assert.o
 .debug_info    0x000000000000d4b5       0x26 /usr/lib/gcc/arm-none-eabi/10.3.1/thumb/v7e-m+fp/hard/libgcc.a(_aeabi_ldivmod.o)
 .debug_info    0x000000000000d4db       0x26 /usr/lib/gcc/arm-none-eabi/10.3.1/thumb/v7e-m+fp/hard/libgcc.a(_aeabi_uldivmod.o)
 .debug_info    0x000000000000d501      0x717 /usr/lib/gcc/arm-none-eabi/10.3.1/thumb/v7e-m+fp/hard/libgcc.a(_udivmoddi4.o)
 .debug_info    0x000000000000dc18       0x26 /usr/lib/gcc/arm-none-eabi/10.3.1/thumb/v7e-m+fp/hard/libgcc.a(_dvmd_tls.o)
 .debug_info    0x000000000000dc3e      0x138 /usr/lib/gcc/arm-none-eabi/10.3.1/../../../arm-none-eabi/lib/thumb/v7e-m+fp/hard/libc.a(lib_a-memcmp.o)
 .debug_info    0x000000000000dd76       0x26 /usr/lib/gcc/arm-none-eabi/10.3.1/../../../arm-none-eabi/lib/thumb/v7e-m+fp/hard/libc.a(lib_a-memcpy.o)

.debug_line     0x0000000000000000     0xc143
 *(.debug_line)
 .debug_line    0x0000000000000000       0x87 /usr/lib/gcc/arm-none-eabi/10.3.1/../../../arm-none-eabi/lib/thumb/v7e-m+fp/hard/crt0.o
 .debug_line    0x0000000000000087       0xc0 /usr/lib/gcc/arm-none-eabi/10.3.1/../../../arm-none-eabi/lib/thumb/v7e-m+fp/hard/libc.a(lib_a-atexit.o)
 .debug_line    0x0000000000000147      0x179 /usr/lib/gcc/arm-none-eabi/10.3.1/../../../arm-none-eabi/lib/thumb/v7e-m+fp/hard/libc.a(lib_a-exit.o)
 .debug_line    0x00000000000002c0       0xed /usr/lib/gcc/arm-none-eabi/10.3.1/../../../arm-none-eabi/lib/thumb/v7e-m+fp/hard/libc.a(lib_a-fini.o)
 .debug_line    0x00000000000003ad       0xe4 /usr/lib/gcc/arm-none-eabi/10.3.1/../../../arm-none-eabi/lib/thumb/v7e-m+fp/hard/libc.a(lib_a-impure.o)
 .debug_line    0x0000000000000491      0x138 /usr/lib/gcc/arm-none-eabi/10.3.1/../../../arm-none-eabi/lib/thumb/v7e-m+fp/hard/libc.a(lib_a-init.o)
 .debug_line    0x00000000000005c9      0x1bf /usr/lib/gcc/arm-none-eabi/10.3.1/../../../arm-none-eabi/lib/thumb/v7e-m+fp/hard/libc.a(lib_a-memset.o)
 .debug_line    0x0000000000000788      0x19e /usr/lib/gcc/arm-none-eabi/10.3.1/../../../arm-none-eabi/lib/thumb/v7e-m+fp/hard/libc.a(lib_a-__atexit.o)
 .debug_line    0x0000000000000926      0x28d /usr/lib/gcc/arm-none-eabi/10.3.1/../../../arm-none-eabi/lib/thumb/v7e-m+fp/hard/libc.a(lib_a-__call_atexit.o)
 .debug_line    0x0000000000000bb3      0x133 obj/freertos_atomic_wrapper.o
 .debug_line    0x0000000000000ce6      0x252 obj/freertos_semaphore_wrapper.o
 .debug_line    0x0000000000000f38      0x1fa obj/freertos_mutex_wrapper.o
 .debug_line    0x0000000000001132      0x323 obj/freertos_task_wrapper.o
 .debug_line    0x0000000000001455      0x16c obj/freertos_time_wrapper.o
 .debug_line    0x00000000000015c1      0x35a obj/list.o
 .debug_line    0x000000000000191b     0x11ec obj/queue.o
 .debug_line    0x0000000000002b07     0x1f4d obj/tasks.o
 .debug_line    0x0000000000004a54      0x21b obj/timers.o
 .debug_line    0x0000000000004c6f      0x47f obj/port.o
 .debug_line    0x00000000000050ee      0x2e0 obj/heap_1.o
 .debug_line    0x00000000000053ce      0x2eb obj/syscalls.o
 .debug_line    0x00000000000056b9      0x225 obj/canDriverTypes.o
 .debug_line    0x00000000000058de      0x687 obj/tower_user_thread_signal_CAN1_RX0_IRQHandler.o
 .debug_line    0x0000000000005f65      0x614 obj/tower_gen_thread_signal_CAN1_RX0_IRQHandler.o
 .debug_line    0x0000000000006579      0x687 obj/tower_user_thread_signal_CAN1_RX1_IRQHandler.o
 .debug_line    0x0000000000006c00      0x614 obj/tower_gen_thread_signal_CAN1_RX1_IRQHandler.o
 .debug_line    0x0000000000007214      0x7b8 obj/tower_user_thread_signal_CAN1_TX_IRQHandler.o
 .debug_line    0x00000000000079cc      0x5fb obj/tower_gen_thread_signal_CAN1_TX_IRQHandler.o
 .debug_line    0x0000000000007fc7      0x719 obj/tower_user_thread_period_250ms.o
 .debug_line    0x00000000000086e0      0x598 obj/tower_gen_thread_period_250ms.o
 .debug_line    0x0000000000008c78      0xb28 obj/tower_user_thread_init.o
 .debug_line    0x00000000000097a0      0x487 obj/tower_gen_thread_init.o
 .debug_line    0x0000000000009c27       0x4b obj/tower_state_monitor_can1PeripheralDriver.o
 .debug_line    0x0000000000009c72      0x345 obj/tower_gen_monitor_can1PeripheralDriver.o
 .debug_line    0x0000000000009fb7      0x265 obj/tower_state_monitor_simplecontroller.o
 .debug_line    0x000000000000a21c      0x33d obj/tower_gen_monitor_simplecontroller.o
 .debug_line    0x000000000000a559      0x5d5 obj/tower_init.o
 .debug_line    0x000000000000ab2e      0x65f obj/stm32_main.o
 .debug_line    0x000000000000b18d      0x26f obj/tower_time.o
 .debug_line    0x000000000000b3fc      0x392 obj/stm32_freertos_init.o
 .debug_line    0x000000000000b78e       0x3e obj/vector_table.o
 .debug_line    0x000000000000b7cc       0x53 obj/stm32_freertos_user_assert.o
 .debug_line    0x000000000000b81f       0x7e /usr/lib/gcc/arm-none-eabi/10.3.1/thumb/v7e-m+fp/hard/libgcc.a(_aeabi_ldivmod.o)
 .debug_line    0x000000000000b89d       0x60 /usr/lib/gcc/arm-none-eabi/10.3.1/thumb/v7e-m+fp/hard/libgcc.a(_aeabi_uldivmod.o)
 .debug_line    0x000000000000b8fd      0x5ae /usr/lib/gcc/arm-none-eabi/10.3.1/thumb/v7e-m+fp/hard/libgcc.a(_udivmoddi4.o)
 .debug_line    0x000000000000beab       0x60 /usr/lib/gcc/arm-none-eabi/10.3.1/thumb/v7e-m+fp/hard/libgcc.a(_dvmd_tls.o)
 .debug_line    0x000000000000bf0b      0x17a /usr/lib/gcc/arm-none-eabi/10.3.1/../../../arm-none-eabi/lib/thumb/v7e-m+fp/hard/libc.a(lib_a-memcmp.o)
 .debug_line    0x000000000000c085       0xbe /usr/lib/gcc/arm-none-eabi/10.3.1/../../../arm-none-eabi/lib/thumb/v7e-m+fp/hard/libc.a(lib_a-memcpy.o)

.debug_pubnames
 *(.debug_pubnames)

.debug_aranges  0x0000000000000000      0x5e8
 *(.debug_aranges)
 .debug_aranges
                0x0000000000000000       0x20 /usr/lib/gcc/arm-none-eabi/10.3.1/../../../arm-none-eabi/lib/thumb/v7e-m+fp/hard/crt0.o
 .debug_aranges
                0x0000000000000020       0x20 /usr/lib/gcc/arm-none-eabi/10.3.1/../../../arm-none-eabi/lib/thumb/v7e-m+fp/hard/libc.a(lib_a-atexit.o)
 .debug_aranges
                0x0000000000000040       0x20 /usr/lib/gcc/arm-none-eabi/10.3.1/../../../arm-none-eabi/lib/thumb/v7e-m+fp/hard/libc.a(lib_a-exit.o)
 .debug_aranges
                0x0000000000000060       0x20 /usr/lib/gcc/arm-none-eabi/10.3.1/../../../arm-none-eabi/lib/thumb/v7e-m+fp/hard/libc.a(lib_a-fini.o)
 .debug_aranges
                0x0000000000000080       0x18 /usr/lib/gcc/arm-none-eabi/10.3.1/../../../arm-none-eabi/lib/thumb/v7e-m+fp/hard/libc.a(lib_a-impure.o)
 .debug_aranges
                0x0000000000000098       0x20 /usr/lib/gcc/arm-none-eabi/10.3.1/../../../arm-none-eabi/lib/thumb/v7e-m+fp/hard/libc.a(lib_a-init.o)
 .debug_aranges
                0x00000000000000b8       0x20 /usr/lib/gcc/arm-none-eabi/10.3.1/../../../arm-none-eabi/lib/thumb/v7e-m+fp/hard/libc.a(lib_a-memset.o)
 .debug_aranges
                0x00000000000000d8       0x20 /usr/lib/gcc/arm-none-eabi/10.3.1/../../../arm-none-eabi/lib/thumb/v7e-m+fp/hard/libc.a(lib_a-__atexit.o)
 .debug_aranges
                0x00000000000000f8       0x28 /usr/lib/gcc/arm-none-eabi/10.3.1/../../../arm-none-eabi/lib/thumb/v7e-m+fp/hard/libc.a(lib_a-__call_atexit.o)
 .debug_aranges
                0x0000000000000120       0x20 obj/freertos_atomic_wrapper.o
 .debug_aranges
                0x0000000000000140       0x20 obj/freertos_semaphore_wrapper.o
 .debug_aranges
                0x0000000000000160       0x20 obj/freertos_mutex_wrapper.o
 .debug_aranges
                0x0000000000000180       0x20 obj/freertos_task_wrapper.o
 .debug_aranges
                0x00000000000001a0       0x20 obj/freertos_time_wrapper.o
 .debug_aranges
                0x00000000000001c0       0x20 obj/list.o
 .debug_aranges
                0x00000000000001e0       0x20 obj/queue.o
 .debug_aranges
                0x0000000000000200       0x20 obj/tasks.o
 .debug_aranges
                0x0000000000000220       0x18 obj/timers.o
 .debug_aranges
                0x0000000000000238       0x20 obj/port.o
 .debug_aranges
                0x0000000000000258       0x20 obj/heap_1.o
 .debug_aranges
                0x0000000000000278       0x20 obj/syscalls.o
 .debug_aranges
                0x0000000000000298       0x18 obj/canDriverTypes.o
 .debug_aranges
                0x00000000000002b0       0x20 obj/tower_user_thread_signal_CAN1_RX0_IRQHandler.o
 .debug_aranges
                0x00000000000002d0       0x20 obj/tower_gen_thread_signal_CAN1_RX0_IRQHandler.o
 .debug_aranges
                0x00000000000002f0       0x20 obj/tower_user_thread_signal_CAN1_RX1_IRQHandler.o
 .debug_aranges
                0x0000000000000310       0x20 obj/tower_gen_thread_signal_CAN1_RX1_IRQHandler.o
 .debug_aranges
                0x0000000000000330       0x20 obj/tower_user_thread_signal_CAN1_TX_IRQHandler.o
 .debug_aranges
                0x0000000000000350       0x20 obj/tower_gen_thread_signal_CAN1_TX_IRQHandler.o
 .debug_aranges
                0x0000000000000370       0x20 obj/tower_user_thread_period_250ms.o
 .debug_aranges
                0x0000000000000390       0x20 obj/tower_gen_thread_period_250ms.o
 .debug_aranges
                0x00000000000003b0       0x20 obj/tower_user_thread_init.o
 .debug_aranges
                0x00000000000003d0       0x20 obj/tower_gen_thread_init.o
 .debug_aranges
                0x00000000000003f0       0x18 obj/tower_state_monitor_can1PeripheralDriver.o
 .debug_aranges
                0x0000000000000408       0x20 obj/tower_gen_monitor_can1PeripheralDriver.o
 .debug_aranges
                0x0000000000000428       0x18 obj/tower_state_monitor_simplecontroller.o
 .debug_aranges
                0x0000000000000440       0x20 obj/tower_gen_monitor_simplecontroller.o
 .debug_aranges
                0x0000000000000460       0x20 obj/tower_init.o
 .debug_aranges
                0x0000000000000480       0x20 obj/stm32_main.o
 .debug_aranges
                0x00000000000004a0       0x20 obj/tower_time.o
 .debug_aranges
                0x00000000000004c0       0x28 obj/stm32_freertos_init.o
 .debug_aranges
                0x00000000000004e8       0x20 obj/vector_table.o
 .debug_aranges
                0x0000000000000508       0x20 obj/stm32_freertos_user_assert.o
 .debug_aranges
                0x0000000000000528       0x20 /usr/lib/gcc/arm-none-eabi/10.3.1/thumb/v7e-m+fp/hard/libgcc.a(_aeabi_ldivmod.o)
 .debug_aranges
                0x0000000000000548       0x20 /usr/lib/gcc/arm-none-eabi/10.3.1/thumb/v7e-m+fp/hard/libgcc.a(_aeabi_uldivmod.o)
 .debug_aranges
                0x0000000000000568       0x20 /usr/lib/gcc/arm-none-eabi/10.3.1/thumb/v7e-m+fp/hard/libgcc.a(_udivmoddi4.o)
 .debug_aranges
                0x0000000000000588       0x20 /usr/lib/gcc/arm-none-eabi/10.3.1/thumb/v7e-m+fp/hard/libgcc.a(_dvmd_tls.o)
 .debug_aranges
                0x00000000000005a8       0x20 /usr/lib/gcc/arm-none-eabi/10.3.1/../../../arm-none-eabi/lib/thumb/v7e-m+fp/hard/libc.a(lib_a-memcmp.o)
 .debug_aranges
                0x00000000000005c8       0x20 /usr/lib/gcc/arm-none-eabi/10.3.1/../../../arm-none-eabi/lib/thumb/v7e-m+fp/hard/libc.a(lib_a-memcpy.o)

/DISCARD/
 libc.a(*)
 libm.a(*)
 libgcc.a(*)
LOAD obj/freertos_atomic_wrapper.o
LOAD obj/freertos_semaphore_wrapper.o
LOAD obj/freertos_mutex_wrapper.o
LOAD obj/freertos_task_wrapper.o
LOAD obj/freertos_time_wrapper.o
LOAD obj/list.o
LOAD obj/queue.o
LOAD obj/tasks.o
LOAD obj/timers.o
LOAD obj/port.o
LOAD obj/heap_1.o
LOAD obj/syscalls.o
LOAD obj/canDriverTypes.o
LOAD obj/tower_user_thread_signal_CAN1_RX0_IRQHandler.o
LOAD obj/tower_gen_thread_signal_CAN1_RX0_IRQHandler.o
LOAD obj/tower_user_thread_signal_CAN1_RX1_IRQHandler.o
LOAD obj/tower_gen_thread_signal_CAN1_RX1_IRQHandler.o
LOAD obj/tower_user_thread_signal_CAN1_TX_IRQHandler.o
LOAD obj/tower_gen_thread_signal_CAN1_TX_IRQHandler.o
LOAD obj/tower_user_thread_period_250ms.o
LOAD obj/tower_gen_thread_period_250ms.o
LOAD obj/tower_user_thread_init.o
LOAD obj/tower_gen_thread_init.o
LOAD obj/tower_state_monitor_can1PeripheralDriver.o
LOAD obj/tower_gen_monitor_can1PeripheralDriver.o
LOAD obj/tower_state_monitor_simplecontroller.o
LOAD obj/tower_gen_monitor_simplecontroller.o
LOAD obj/tower_init.o
LOAD obj/stm32_main.o
LOAD obj/tower_time.o
LOAD obj/stm32_freertos_init.o
LOAD obj/vector_table.o
LOAD obj/stm32_freertos_user_assert.o
LOAD /usr/lib/gcc/arm-none-eabi/10.3.1/../../../arm-none-eabi/lib/thumb/v7e-m+fp/hard/libm.a
START GROUP
LOAD /usr/lib/gcc/arm-none-eabi/10.3.1/thumb/v7e-m+fp/hard/libgcc.a
LOAD /usr/lib/gcc/arm-none-eabi/10.3.1/../../../arm-none-eabi/lib/thumb/v7e-m+fp/hard/libc.a
END GROUP
LOAD /usr/lib/gcc/arm-none-eabi/10.3.1/thumb/v7e-m+fp/hard/crtend.o
LOAD /usr/lib/gcc/arm-none-eabi/10.3.1/thumb/v7e-m+fp/hard/crtn.o
OUTPUT(image elf32-littlearm)
LOAD linker stubs
LOAD /usr/lib/gcc/arm-none-eabi/10.3.1/../../../arm-none-eabi/lib/thumb/v7e-m+fp/hard/libc.a
LOAD /usr/lib/gcc/arm-none-eabi/10.3.1/../../../arm-none-eabi/lib/thumb/v7e-m+fp/hard/libm.a
LOAD /usr/lib/gcc/arm-none-eabi/10.3.1/thumb/v7e-m+fp/hard/libgcc.a

.debug_str      0x0000000000000000    0x11aeb
 .debug_str     0x0000000000000000       0x98 /usr/lib/gcc/arm-none-eabi/10.3.1/../../../arm-none-eabi/lib/thumb/v7e-m+fp/hard/crt0.o
 .debug_str     0x0000000000000098     0x5bb8 obj/freertos_atomic_wrapper.o
                                       0x5d8a (size before relaxing)
 .debug_str     0x0000000000005c50     0x1405 obj/freertos_semaphore_wrapper.o
                                       0x7174 (size before relaxing)
 .debug_str     0x0000000000007055       0xb6 obj/freertos_mutex_wrapper.o
                                       0x70d8 (size before relaxing)
 .debug_str     0x000000000000710b     0x4906 obj/freertos_task_wrapper.o
                                       0xa7d9 (size before relaxing)
 .debug_str     0x000000000000ba11       0xf3 obj/freertos_time_wrapper.o
                                       0x698b (size before relaxing)
 .debug_str     0x000000000000bb04      0x1ff obj/list.o
                                       0x911e (size before relaxing)
 .debug_str     0x000000000000bd03      0x705 obj/queue.o
                                       0xa6d2 (size before relaxing)
 .debug_str     0x000000000000c408     0x1972 obj/tasks.o
                                       0xb191 (size before relaxing)
 .debug_str     0x000000000000dd7a        0x9 obj/timers.o
                                       0xa5de (size before relaxing)
 .debug_str     0x000000000000dd83      0x67e obj/port.o
                                       0x7099 (size before relaxing)
 .debug_str     0x000000000000e401       0xb5 obj/heap_1.o
                                       0x9533 (size before relaxing)
 .debug_str     0x000000000000e4b6     0x185d obj/syscalls.o
                                       0x740c (size before relaxing)
 .debug_str     0x000000000000fd13       0x27 obj/canDriverTypes.o
                                       0x78fc (size before relaxing)
 .debug_str     0x000000000000fd3a      0x2fa obj/tower_user_thread_signal_CAN1_RX0_IRQHandler.o
                                       0xb0da (size before relaxing)
 .debug_str     0x0000000000010034      0x2b7 obj/tower_gen_thread_signal_CAN1_RX0_IRQHandler.o
                                       0xb3ec (size before relaxing)
 .debug_str     0x00000000000102eb      0x150 obj/tower_user_thread_signal_CAN1_RX1_IRQHandler.o
                                       0xb0da (size before relaxing)
 .debug_str     0x000000000001043b      0x203 obj/tower_gen_thread_signal_CAN1_RX1_IRQHandler.o
                                       0xb3ec (size before relaxing)
 .debug_str     0x000000000001063e      0x2a0 obj/tower_user_thread_signal_CAN1_TX_IRQHandler.o
                                       0xb204 (size before relaxing)
 .debug_str     0x00000000000108de      0x23d obj/tower_gen_thread_signal_CAN1_TX_IRQHandler.o
                                       0xb48f (size before relaxing)
 .debug_str     0x0000000000010b1b      0x184 obj/tower_user_thread_period_250ms.o
                                       0xb16f (size before relaxing)
 .debug_str     0x0000000000010c9f      0x198 obj/tower_gen_thread_period_250ms.o
                                       0xb2dc (size before relaxing)
 .debug_str     0x0000000000010e37      0x154 obj/tower_user_thread_init.o
                                       0xb03e (size before relaxing)
 .debug_str     0x0000000000010f8b       0x91 obj/tower_gen_thread_init.o
                                       0xb00a (size before relaxing)
 .debug_str     0x000000000001101c       0x2b obj/tower_state_monitor_can1PeripheralDriver.o
                                       0x2cf5 (size before relaxing)
 .debug_str     0x0000000000011047       0x4b obj/tower_gen_monitor_can1PeripheralDriver.o
                                       0xae99 (size before relaxing)
 .debug_str     0x0000000000011092       0x27 obj/tower_state_monitor_simplecontroller.o
                                       0x79c0 (size before relaxing)
 .debug_str     0x00000000000110b9       0x43 obj/tower_gen_monitor_simplecontroller.o
                                       0xae81 (size before relaxing)
 .debug_str     0x00000000000110fc       0x2b obj/tower_init.o
                                       0xb1ee (size before relaxing)
 .debug_str     0x0000000000011127      0x129 obj/stm32_main.o
                                       0x7ad0 (size before relaxing)
 .debug_str     0x0000000000011250       0x33 obj/tower_time.o
                                       0x79aa (size before relaxing)
 .debug_str     0x0000000000011283       0x79 obj/stm32_freertos_init.o
                                       0xa826 (size before relaxing)
 .debug_str     0x00000000000112fc       0x1b obj/vector_table.o
                                         0x6d (size before relaxing)
 .debug_str     0x0000000000011317       0x1d obj/stm32_freertos_user_assert.o
                                       0x2cfe (size before relaxing)
 .debug_str     0x0000000000011334       0x9a /usr/lib/gcc/arm-none-eabi/10.3.1/thumb/v7e-m+fp/hard/libgcc.a(_aeabi_ldivmod.o)
                                         0xa6 (size before relaxing)
 .debug_str     0x00000000000113ce       0xa6 /usr/lib/gcc/arm-none-eabi/10.3.1/thumb/v7e-m+fp/hard/libgcc.a(_aeabi_uldivmod.o)
 .debug_str     0x00000000000113ce      0x544 /usr/lib/gcc/arm-none-eabi/10.3.1/thumb/v7e-m+fp/hard/libgcc.a(_udivmoddi4.o)
                                        0x647 (size before relaxing)
 .debug_str     0x0000000000011912       0x30 /usr/lib/gcc/arm-none-eabi/10.3.1/thumb/v7e-m+fp/hard/libgcc.a(_dvmd_tls.o)
                                         0xaa (size before relaxing)
 .debug_str     0x0000000000011942      0x104 /usr/lib/gcc/arm-none-eabi/10.3.1/../../../arm-none-eabi/lib/thumb/v7e-m+fp/hard/libc.a(lib_a-memcmp.o)
                                        0x1a7 (size before relaxing)
 .debug_str     0x0000000000011a46       0xa5 /usr/lib/gcc/arm-none-eabi/10.3.1/../../../arm-none-eabi/lib/thumb/v7e-m+fp/hard/libc.a(lib_a-memcpy.o)
                                         0xb1 (size before relaxing)

.debug_macro    0x0000000000000000     0x60c3
 .debug_macro   0x0000000000000000       0x79 obj/freertos_atomic_wrapper.o
 .debug_macro   0x0000000000000079      0xa78 obj/freertos_atomic_wrapper.o
 .debug_macro   0x0000000000000af1      0x16d obj/freertos_atomic_wrapper.o
 .debug_macro   0x0000000000000c5e      0x34e obj/freertos_atomic_wrapper.o
 .debug_macro   0x0000000000000fac      0x113 obj/freertos_atomic_wrapper.o
 .debug_macro   0x00000000000010bf       0x52 obj/freertos_atomic_wrapper.o
 .debug_macro   0x0000000000001111       0xe4 obj/freertos_atomic_wrapper.o
 .debug_macro   0x00000000000011f5       0x10 obj/freertos_atomic_wrapper.o
 .debug_macro   0x0000000000001205       0x1f obj/freertos_atomic_wrapper.o
 .debug_macro   0x0000000000001224      0x38b obj/freertos_atomic_wrapper.o
 .debug_macro   0x00000000000015af       0x9a obj/freertos_semaphore_wrapper.o
 .debug_macro   0x0000000000001649       0x2e obj/freertos_semaphore_wrapper.o
 .debug_macro   0x0000000000001677       0xb0 obj/freertos_semaphore_wrapper.o
 .debug_macro   0x0000000000001727       0x7f obj/freertos_semaphore_wrapper.o
 .debug_macro   0x00000000000017a6       0x9a obj/freertos_mutex_wrapper.o
 .debug_macro   0x0000000000001840      0x1b2 obj/freertos_task_wrapper.o
 .debug_macro   0x00000000000019f2       0xc0 obj/freertos_task_wrapper.o
 .debug_macro   0x0000000000001ab2       0x70 obj/freertos_task_wrapper.o
 .debug_macro   0x0000000000001b22       0x22 obj/freertos_task_wrapper.o
 .debug_macro   0x0000000000001b44       0x52 obj/freertos_task_wrapper.o
 .debug_macro   0x0000000000001b96       0x18 obj/freertos_task_wrapper.o
 .debug_macro   0x0000000000001bae       0x94 obj/freertos_task_wrapper.o
 .debug_macro   0x0000000000001c42       0x35 obj/freertos_task_wrapper.o
 .debug_macro   0x0000000000001c77       0x34 obj/freertos_task_wrapper.o
 .debug_macro   0x0000000000001cab       0x16 obj/freertos_task_wrapper.o
 .debug_macro   0x0000000000001cc1       0x43 obj/freertos_task_wrapper.o
 .debug_macro   0x0000000000001d04       0x57 obj/freertos_task_wrapper.o
 .debug_macro   0x0000000000001d5b       0x34 obj/freertos_task_wrapper.o
 .debug_macro   0x0000000000001d8f       0x10 obj/freertos_task_wrapper.o
 .debug_macro   0x0000000000001d9f       0x52 obj/freertos_task_wrapper.o
 .debug_macro   0x0000000000001df1      0x182 obj/freertos_task_wrapper.o
 .debug_macro   0x0000000000001f73      0x356 obj/freertos_task_wrapper.o
 .debug_macro   0x00000000000022c9      0x1a9 obj/freertos_task_wrapper.o
 .debug_macro   0x0000000000002472       0x16 obj/freertos_task_wrapper.o
 .debug_macro   0x0000000000002488       0x35 obj/freertos_task_wrapper.o
 .debug_macro   0x00000000000024bd      0x10c obj/freertos_task_wrapper.o
 .debug_macro   0x00000000000025c9       0x22 obj/freertos_task_wrapper.o
 .debug_macro   0x00000000000025eb       0x5e obj/freertos_task_wrapper.o
 .debug_macro   0x0000000000002649      0x188 obj/freertos_task_wrapper.o
 .debug_macro   0x00000000000027d1       0x91 obj/freertos_time_wrapper.o
 .debug_macro   0x0000000000002862      0x156 obj/list.o
 .debug_macro   0x00000000000029b8       0x16 obj/list.o
 .debug_macro   0x00000000000029ce      0x10e obj/list.o
 .debug_macro   0x0000000000002adc       0x86 obj/list.o
 .debug_macro   0x0000000000002b62       0x16 obj/list.o
 .debug_macro   0x0000000000002b78       0x29 obj/list.o
 .debug_macro   0x0000000000002ba1      0x1dc obj/queue.o
 .debug_macro   0x0000000000002d7d      0x20e obj/tasks.o
 .debug_macro   0x0000000000002f8b       0x97 obj/tasks.o
 .debug_macro   0x0000000000003022       0x17 obj/tasks.o
 .debug_macro   0x0000000000003039      0x183 obj/timers.o
 .debug_macro   0x00000000000031bc      0x138 obj/port.o
 .debug_macro   0x00000000000032f4      0x177 obj/heap_1.o
 .debug_macro   0x000000000000346b      0x1dd obj/syscalls.o
 .debug_macro   0x0000000000003648       0x16 obj/syscalls.o
 .debug_macro   0x000000000000365e       0x97 obj/syscalls.o
 .debug_macro   0x00000000000036f5       0xf6 obj/syscalls.o
 .debug_macro   0x00000000000037eb       0x10 obj/syscalls.o
 .debug_macro   0x00000000000037fb       0x10 obj/syscalls.o
 .debug_macro   0x000000000000380b       0x6a obj/syscalls.o
 .debug_macro   0x0000000000003875       0x1c obj/syscalls.o
 .debug_macro   0x0000000000003891       0x52 obj/syscalls.o
 .debug_macro   0x00000000000038e3       0x22 obj/syscalls.o
 .debug_macro   0x0000000000003905       0x10 obj/syscalls.o
 .debug_macro   0x0000000000003915       0x40 obj/syscalls.o
 .debug_macro   0x0000000000003955       0xd5 obj/syscalls.o
 .debug_macro   0x0000000000003a2a       0x1c obj/syscalls.o
 .debug_macro   0x0000000000003a46       0x3d obj/syscalls.o
 .debug_macro   0x0000000000003a83       0x16 obj/syscalls.o
 .debug_macro   0x0000000000003a99      0x16f obj/syscalls.o
 .debug_macro   0x0000000000003c08       0x4c obj/syscalls.o
 .debug_macro   0x0000000000003c54       0x16 obj/syscalls.o
 .debug_macro   0x0000000000003c6a       0x10 obj/syscalls.o
 .debug_macro   0x0000000000003c7a       0x10 obj/syscalls.o
 .debug_macro   0x0000000000003c8a       0x35 obj/syscalls.o
 .debug_macro   0x0000000000003cbf      0x12c obj/syscalls.o
 .debug_macro   0x0000000000003deb      0x14a obj/canDriverTypes.o
 .debug_macro   0x0000000000003f35      0x22e obj/tower_user_thread_signal_CAN1_RX0_IRQHandler.o
 .debug_macro   0x0000000000004163      0x22e obj/tower_gen_thread_signal_CAN1_RX0_IRQHandler.o
 .debug_macro   0x0000000000004391      0x22e obj/tower_user_thread_signal_CAN1_RX1_IRQHandler.o
 .debug_macro   0x00000000000045bf      0x22e obj/tower_gen_thread_signal_CAN1_RX1_IRQHandler.o
 .debug_macro   0x00000000000047ed      0x22e obj/tower_user_thread_signal_CAN1_TX_IRQHandler.o
 .debug_macro   0x0000000000004a1b      0x22e obj/tower_gen_thread_signal_CAN1_TX_IRQHandler.o
 .debug_macro   0x0000000000004c49      0x224 obj/tower_user_thread_period_250ms.o
 .debug_macro   0x0000000000004e6d      0x224 obj/tower_gen_thread_period_250ms.o
 .debug_macro   0x0000000000005091      0x21a obj/tower_user_thread_init.o
 .debug_macro   0x00000000000052ab      0x21a obj/tower_gen_thread_init.o
 .debug_macro   0x00000000000054c5       0x11 obj/tower_state_monitor_can1PeripheralDriver.o
 .debug_macro   0x00000000000054d6      0x1c6 obj/tower_gen_monitor_can1PeripheralDriver.o
 .debug_macro   0x000000000000569c      0x154 obj/tower_state_monitor_simplecontroller.o
 .debug_macro   0x00000000000057f0      0x1c6 obj/tower_gen_monitor_simplecontroller.o
 .debug_macro   0x00000000000059b6      0x298 obj/tower_init.o
 .debug_macro   0x0000000000005c4e      0x15e obj/stm32_main.o
 .debug_macro   0x0000000000005dac      0x154 obj/tower_time.o
 .debug_macro   0x0000000000005f00      0x1b2 obj/stm32_freertos_init.o
 .debug_macro   0x00000000000060b2       0x11 obj/stm32_freertos_user_assert.o

.debug_frame    0x0000000000000000     0x1080
 .debug_frame   0x0000000000000000       0x30 obj/freertos_atomic_wrapper.o
 .debug_frame   0x0000000000000030       0x88 obj/freertos_semaphore_wrapper.o
 .debug_frame   0x00000000000000b8       0x70 obj/freertos_mutex_wrapper.o
 .debug_frame   0x0000000000000128       0x30 obj/freertos_task_wrapper.o
 .debug_frame   0x0000000000000158       0x50 obj/freertos_time_wrapper.o
 .debug_frame   0x00000000000001a8       0x6c obj/list.o
 .debug_frame   0x0000000000000214      0x218 obj/queue.o
 .debug_frame   0x000000000000042c      0x4d4 obj/tasks.o
 .debug_frame   0x0000000000000900       0xf0 obj/port.o
 .debug_frame   0x00000000000009f0       0x5c obj/heap_1.o
 .debug_frame   0x0000000000000a4c       0xb0 obj/syscalls.o
 .debug_frame   0x0000000000000afc       0x44 obj/tower_user_thread_signal_CAN1_RX0_IRQHandler.o
 .debug_frame   0x0000000000000b40       0x58 obj/tower_gen_thread_signal_CAN1_RX0_IRQHandler.o
 .debug_frame   0x0000000000000b98       0x44 obj/tower_user_thread_signal_CAN1_RX1_IRQHandler.o
 .debug_frame   0x0000000000000bdc       0x58 obj/tower_gen_thread_signal_CAN1_RX1_IRQHandler.o
 .debug_frame   0x0000000000000c34       0x60 obj/tower_user_thread_signal_CAN1_TX_IRQHandler.o
 .debug_frame   0x0000000000000c94       0x68 obj/tower_gen_thread_signal_CAN1_TX_IRQHandler.o
 .debug_frame   0x0000000000000cfc       0x5c obj/tower_user_thread_period_250ms.o
 .debug_frame   0x0000000000000d58       0x58 obj/tower_gen_thread_period_250ms.o
 .debug_frame   0x0000000000000db0       0x30 obj/tower_user_thread_init.o
 .debug_frame   0x0000000000000de0       0x28 obj/tower_gen_thread_init.o
 .debug_frame   0x0000000000000e08       0x40 obj/tower_gen_monitor_can1PeripheralDriver.o
 .debug_frame   0x0000000000000e48       0x40 obj/tower_gen_monitor_simplecontroller.o
 .debug_frame   0x0000000000000e88       0x2c obj/tower_init.o
 .debug_frame   0x0000000000000eb4       0x30 obj/stm32_main.o
 .debug_frame   0x0000000000000ee4       0x28 obj/tower_time.o
 .debug_frame   0x0000000000000f0c       0x84 obj/stm32_freertos_init.o
 .debug_frame   0x0000000000000f90       0x20 obj/stm32_freertos_user_assert.o
 .debug_frame   0x0000000000000fb0       0x44 /usr/lib/gcc/arm-none-eabi/10.3.1/thumb/v7e-m+fp/hard/libgcc.a(_aeabi_ldivmod.o)
 .debug_frame   0x0000000000000ff4       0x2c /usr/lib/gcc/arm-none-eabi/10.3.1/thumb/v7e-m+fp/hard/libgcc.a(_aeabi_uldivmod.o)
 .debug_frame   0x0000000000001020       0x34 /usr/lib/gcc/arm-none-eabi/10.3.1/thumb/v7e-m+fp/hard/libgcc.a(_udivmoddi4.o)
 .debug_frame   0x0000000000001054       0x2c /usr/lib/gcc/arm-none-eabi/10.3.1/../../../arm-none-eabi/lib/thumb/v7e-m+fp/hard/libc.a(lib_a-memcmp.o)

.debug_loc      0x0000000000000000     0x6572
 .debug_loc     0x0000000000000000       0xae obj/freertos_semaphore_wrapper.o
 .debug_loc     0x00000000000000ae       0x89 obj/freertos_mutex_wrapper.o
 .debug_loc     0x0000000000000137       0xc8 obj/freertos_task_wrapper.o
 .debug_loc     0x00000000000001ff       0x6f obj/freertos_time_wrapper.o
 .debug_loc     0x000000000000026e       0xaf obj/list.o
 .debug_loc     0x000000000000031d      0xd41 obj/queue.o
 .debug_loc     0x000000000000105e     0x15fc obj/tasks.o
 .debug_loc     0x000000000000265a       0xc4 obj/port.o
 .debug_loc     0x000000000000271e       0x98 obj/heap_1.o
 .debug_loc     0x00000000000027b6      0x13a obj/syscalls.o
 .debug_loc     0x00000000000028f0      0x2d7 obj/tower_user_thread_signal_CAN1_RX0_IRQHandler.o
 .debug_loc     0x0000000000002bc7      0x1da obj/tower_gen_thread_signal_CAN1_RX0_IRQHandler.o
 .debug_loc     0x0000000000002da1      0x2d7 obj/tower_user_thread_signal_CAN1_RX1_IRQHandler.o
 .debug_loc     0x0000000000003078      0x1da obj/tower_gen_thread_signal_CAN1_RX1_IRQHandler.o
 .debug_loc     0x0000000000003252      0x435 obj/tower_user_thread_signal_CAN1_TX_IRQHandler.o
 .debug_loc     0x0000000000003687      0x1ba obj/tower_gen_thread_signal_CAN1_TX_IRQHandler.o
 .debug_loc     0x0000000000003841      0x3d2 obj/tower_user_thread_period_250ms.o
 .debug_loc     0x0000000000003c13      0x20f obj/tower_gen_thread_period_250ms.o
 .debug_loc     0x0000000000003e22      0xc59 obj/tower_user_thread_init.o
 .debug_loc     0x0000000000004a7b       0xf0 obj/tower_gen_thread_init.o
 .debug_loc     0x0000000000004b6b      0x715 obj/stm32_main.o
 .debug_loc     0x0000000000005280       0xe3 obj/tower_time.o
 .debug_loc     0x0000000000005363       0x25 obj/stm32_freertos_init.o
 .debug_loc     0x0000000000005388     0x100f /usr/lib/gcc/arm-none-eabi/10.3.1/thumb/v7e-m+fp/hard/libgcc.a(_udivmoddi4.o)
 .debug_loc     0x0000000000006397      0x1db /usr/lib/gcc/arm-none-eabi/10.3.1/../../../arm-none-eabi/lib/thumb/v7e-m+fp/hard/libc.a(lib_a-memcmp.o)

.debug_ranges   0x0000000000000000      0x968
 .debug_ranges  0x0000000000000000       0x48 obj/queue.o
 .debug_ranges  0x0000000000000048       0xf0 obj/tasks.o
 .debug_ranges  0x0000000000000138       0x40 obj/port.o
 .debug_ranges  0x0000000000000178      0x138 obj/tower_user_thread_signal_CAN1_RX0_IRQHandler.o
 .debug_ranges  0x00000000000002b0       0xd0 obj/tower_gen_thread_signal_CAN1_RX0_IRQHandler.o
 .debug_ranges  0x0000000000000380      0x138 obj/tower_user_thread_signal_CAN1_RX1_IRQHandler.o
 .debug_ranges  0x00000000000004b8       0xd0 obj/tower_gen_thread_signal_CAN1_RX1_IRQHandler.o
 .debug_ranges  0x0000000000000588       0x80 obj/tower_user_thread_signal_CAN1_TX_IRQHandler.o
 .debug_ranges  0x0000000000000608       0xb8 obj/tower_gen_thread_signal_CAN1_TX_IRQHandler.o
 .debug_ranges  0x00000000000006c0       0x68 obj/tower_user_thread_period_250ms.o
 .debug_ranges  0x0000000000000728       0x90 obj/tower_gen_thread_period_250ms.o
 .debug_ranges  0x00000000000007b8       0xb0 obj/stm32_main.o
 .debug_ranges  0x0000000000000868       0x18 obj/stm32_freertos_init.o
 .debug_ranges  0x0000000000000880       0xe8 /usr/lib/gcc/arm-none-eabi/10.3.1/thumb/v7e-m+fp/hard/libgcc.a(_udivmoddi4.o)
