Archive member included to satisfy reference by file (symbol)

/usr/lib/gcc/arm-none-eabi/10.3.1/../../../arm-none-eabi/lib/thumb/v7e-m+fp/hard/libc.a(lib_a-atexit.o)
                              /usr/lib/gcc/arm-none-eabi/10.3.1/../../../arm-none-eabi/lib/thumb/v7e-m+fp/hard/crt0.o (atexit)
/usr/lib/gcc/arm-none-eabi/10.3.1/../../../arm-none-eabi/lib/thumb/v7e-m+fp/hard/libc.a(lib_a-exit.o)
                              /usr/lib/gcc/arm-none-eabi/10.3.1/../../../arm-none-eabi/lib/thumb/v7e-m+fp/hard/crt0.o (exit)
/usr/lib/gcc/arm-none-eabi/10.3.1/../../../arm-none-eabi/lib/thumb/v7e-m+fp/hard/libc.a(lib_a-fini.o)
                              /usr/lib/gcc/arm-none-eabi/10.3.1/../../../arm-none-eabi/lib/thumb/v7e-m+fp/hard/crt0.o (__libc_fini_array)
/usr/lib/gcc/arm-none-eabi/10.3.1/../../../arm-none-eabi/lib/thumb/v7e-m+fp/hard/libc.a(lib_a-impure.o)
                              /usr/lib/gcc/arm-none-eabi/10.3.1/../../../arm-none-eabi/lib/thumb/v7e-m+fp/hard/libc.a(lib_a-exit.o) (_global_impure_ptr)
/usr/lib/gcc/arm-none-eabi/10.3.1/../../../arm-none-eabi/lib/thumb/v7e-m+fp/hard/libc.a(lib_a-init.o)
                              /usr/lib/gcc/arm-none-eabi/10.3.1/../../../arm-none-eabi/lib/thumb/v7e-m+fp/hard/crt0.o (__libc_init_array)
/usr/lib/gcc/arm-none-eabi/10.3.1/../../../arm-none-eabi/lib/thumb/v7e-m+fp/hard/libc.a(lib_a-memset.o)
                              /usr/lib/gcc/arm-none-eabi/10.3.1/../../../arm-none-eabi/lib/thumb/v7e-m+fp/hard/crt0.o (memset)
/usr/lib/gcc/arm-none-eabi/10.3.1/../../../arm-none-eabi/lib/thumb/v7e-m+fp/hard/libc.a(lib_a-__atexit.o)
                              /usr/lib/gcc/arm-none-eabi/10.3.1/../../../arm-none-eabi/lib/thumb/v7e-m+fp/hard/libc.a(lib_a-atexit.o) (__register_exitproc)
/usr/lib/gcc/arm-none-eabi/10.3.1/../../../arm-none-eabi/lib/thumb/v7e-m+fp/hard/libc.a(lib_a-__call_atexit.o)
                              /usr/lib/gcc/arm-none-eabi/10.3.1/../../../arm-none-eabi/lib/thumb/v7e-m+fp/hard/libc.a(lib_a-exit.o) (__call_exitprocs)
/usr/lib/gcc/arm-none-eabi/10.3.1/thumb/v7e-m+fp/hard/libgcc.a(_aeabi_ldivmod.o)
                              obj/tower_user_thread_period_333ms.o (__aeabi_ldivmod)
/usr/lib/gcc/arm-none-eabi/10.3.1/thumb/v7e-m+fp/hard/libgcc.a(_aeabi_uldivmod.o)
                              obj/tower_time.o (__aeabi_uldivmod)
/usr/lib/gcc/arm-none-eabi/10.3.1/thumb/v7e-m+fp/hard/libgcc.a(_udivmoddi4.o)
                              /usr/lib/gcc/arm-none-eabi/10.3.1/thumb/v7e-m+fp/hard/libgcc.a(_aeabi_ldivmod.o) (__udivmoddi4)
/usr/lib/gcc/arm-none-eabi/10.3.1/thumb/v7e-m+fp/hard/libgcc.a(_dvmd_tls.o)
                              /usr/lib/gcc/arm-none-eabi/10.3.1/thumb/v7e-m+fp/hard/libgcc.a(_aeabi_ldivmod.o) (__aeabi_ldiv0)
/usr/lib/gcc/arm-none-eabi/10.3.1/../../../arm-none-eabi/lib/thumb/v7e-m+fp/hard/libc.a(lib_a-memcmp.o)
                              obj/tasks.o (memcmp)
/usr/lib/gcc/arm-none-eabi/10.3.1/../../../arm-none-eabi/lib/thumb/v7e-m+fp/hard/libc.a(lib_a-memcpy.o)
                              obj/queue.o (memcpy)

Discarded input sections

 .debug_loc     0x0000000000000000       0x32 /usr/lib/gcc/arm-none-eabi/10.3.1/../../../arm-none-eabi/lib/thumb/v7e-m+fp/hard/libc.a(lib_a-atexit.o)
 .debug_str     0x0000000000000000      0x1e4 /usr/lib/gcc/arm-none-eabi/10.3.1/../../../arm-none-eabi/lib/thumb/v7e-m+fp/hard/libc.a(lib_a-atexit.o)
 .debug_frame   0x0000000000000000       0x20 /usr/lib/gcc/arm-none-eabi/10.3.1/../../../arm-none-eabi/lib/thumb/v7e-m+fp/hard/libc.a(lib_a-atexit.o)
 .ARM.attributes
                0x0000000000000000       0x34 /usr/lib/gcc/arm-none-eabi/10.3.1/../../../arm-none-eabi/lib/thumb/v7e-m+fp/hard/libc.a(lib_a-atexit.o)
 .debug_loc     0x0000000000000000       0x22 /usr/lib/gcc/arm-none-eabi/10.3.1/../../../arm-none-eabi/lib/thumb/v7e-m+fp/hard/libc.a(lib_a-exit.o)
 .debug_str     0x0000000000000000      0x58b /usr/lib/gcc/arm-none-eabi/10.3.1/../../../arm-none-eabi/lib/thumb/v7e-m+fp/hard/libc.a(lib_a-exit.o)
 .debug_frame   0x0000000000000000       0x28 /usr/lib/gcc/arm-none-eabi/10.3.1/../../../arm-none-eabi/lib/thumb/v7e-m+fp/hard/libc.a(lib_a-exit.o)
 .ARM.attributes
                0x0000000000000000       0x34 /usr/lib/gcc/arm-none-eabi/10.3.1/../../../arm-none-eabi/lib/thumb/v7e-m+fp/hard/libc.a(lib_a-exit.o)
 .debug_loc     0x0000000000000000       0x68 /usr/lib/gcc/arm-none-eabi/10.3.1/../../../arm-none-eabi/lib/thumb/v7e-m+fp/hard/libc.a(lib_a-fini.o)
 .debug_str     0x0000000000000000      0x1dc /usr/lib/gcc/arm-none-eabi/10.3.1/../../../arm-none-eabi/lib/thumb/v7e-m+fp/hard/libc.a(lib_a-fini.o)
 .debug_frame   0x0000000000000000       0x34 /usr/lib/gcc/arm-none-eabi/10.3.1/../../../arm-none-eabi/lib/thumb/v7e-m+fp/hard/libc.a(lib_a-fini.o)
 .ARM.attributes
                0x0000000000000000       0x34 /usr/lib/gcc/arm-none-eabi/10.3.1/../../../arm-none-eabi/lib/thumb/v7e-m+fp/hard/libc.a(lib_a-fini.o)
[...]
Memory Configuration

Name             Origin             Length             Attributes
flash            0x0000000008000000 0x0000000000200000 xr
sram             0x0000000020000000 0x0000000000030000 xrw
ccsram           0x0000000010000000 0x0000000000010000 xrw
*default*        0x0000000000000000 0xffffffffffffffff

Linker script and memory map

LOAD /usr/lib/gcc/arm-none-eabi/10.3.1/thumb/v7e-m+fp/hard/crti.o
LOAD /usr/lib/gcc/arm-none-eabi/10.3.1/thumb/v7e-m+fp/hard/crtbegin.o
LOAD /usr/lib/gcc/arm-none-eabi/10.3.1/../../../arm-none-eabi/lib/thumb/v7e-m+fp/hard/crt0.o
                0x0000000020030000                _estack = 0x20030000
                0x0000000000000000                _min_heap_size = 0x0
                0x0000000000000400                _min_stack_size = 0x400

.isr_vector     0x0000000008000000      0x1ac
                0x0000000008000000                . = ALIGN (0x4)
 *(.isr_vector)
 .isr_vector    0x0000000008000000      0x1ac obj/vector_table.o
                0x0000000008000000                g_vectors
                0x00000000080001ac                . = ALIGN (0x4)

.text           0x00000000080001ac     0x34c8
 *(.text .text.*)
 .text          0x00000000080001ac        0x0 /usr/lib/gcc/arm-none-eabi/10.3.1/thumb/v7e-m+fp/hard/crti.o
 .text          0x00000000080001ac       0x88 /usr/lib/gcc/arm-none-eabi/10.3.1/thumb/v7e-m+fp/hard/crtbegin.o
 .text          0x0000000008000234       0x70 /usr/lib/gcc/arm-none-eabi/10.3.1/../../../arm-none-eabi/lib/thumb/v7e-m+fp/hard/crt0.o
                0x0000000008000234                _stack_init
                0x000000000800023c                _mainCRTStartup
                0x000000000800023c                _start
 .text          0x00000000080002a4        0xc /usr/lib/gcc/arm-none-eabi/10.3.1/../../../arm-none-eabi/lib/thumb/v7e-m+fp/hard/libc.a(lib_a-atexit.o)
                0x00000000080002a4                atexit
 .text          0x00000000080002b0       0x20 /usr/lib/gcc/arm-none-eabi/10.3.1/../../../arm-none-eabi/lib/thumb/v7e-m+fp/hard/libc.a(lib_a-exit.o)
                0x00000000080002b0                exit
 .text          0x00000000080002d0       0x2c /usr/lib/gcc/arm-none-eabi/10.3.1/../../../arm-none-eabi/lib/thumb/v7e-m+fp/hard/libc.a(lib_a-fini.o)
                0x00000000080002d0                __libc_fini_array
 .text          0x00000000080002fc        0x0 /usr/lib/gcc/arm-none-eabi/10.3.1/../../../arm-none-eabi/lib/thumb/v7e-m+fp/hard/libc.a(lib_a-impure.o)
 .text          0x00000000080002fc       0x48 /usr/lib/gcc/arm-none-eabi/10.3.1/../../../arm-none-eabi/lib/thumb/v7e-m+fp/hard/libc.a(lib_a-init.o)
                0x00000000080002fc                __libc_init_array
 .text          0x0000000008000344       0xa4 /usr/lib/gcc/arm-none-eabi/10.3.1/../../../arm-none-eabi/lib/thumb/v7e-m+fp/hard/libc.a(lib_a-memset.o)
                0x0000000008000344                memset
 .text          0x00000000080003e8       0x68 /usr/lib/gcc/arm-none-eabi/10.3.1/../../../arm-none-eabi/lib/thumb/v7e-m+fp/hard/libc.a(lib_a-__atexit.o)
                0x00000000080003e8                __register_exitproc
 .text          0x0000000008000450       0xb8 /usr/lib/gcc/arm-none-eabi/10.3.1/../../../arm-none-eabi/lib/thumb/v7e-m+fp/hard/libc.a(lib_a-__call_atexit.o)
                0x0000000008000450                __call_exitprocs
 .text.startup  0x0000000008000508       0x14 /usr/lib/gcc/arm-none-eabi/10.3.1/../../../arm-none-eabi/lib/thumb/v7e-m+fp/hard/libc.a(lib_a-__call_atexit.o)
 .text          0x000000000800051c        0x8 obj/freertos_atomic_wrapper.o
                0x000000000800051c                ivory_freertos_begin_atomic
                0x0000000008000520                ivory_freertos_end_atomic
 .text          0x0000000008000524       0x80 obj/freertos_semaphore_wrapper.o
                0x0000000008000524                ivory_freertos_binary_semaphore_create
                0x0000000008000540                ivory_freertos_binary_semaphore_takeblocking
                0x000000000800055c                ivory_freertos_binary_semaphore_give
                0x0000000008000576                ivory_freertos_binary_semaphore_give_from_isr
 .text          0x00000000080005a4       0x4e obj/freertos_mutex_wrapper.o
                0x00000000080005a4                ivory_freertos_mutex_create
                0x00000000080005bc                ivory_freertos_mutex_takeblocking
                0x00000000080005d8                ivory_freertos_mutex_give
 .text          0x00000000080005f2       0x2c obj/freertos_task_wrapper.o
                0x00000000080005f2                ivory_freertos_task_create
 .text          0x000000000800061e       0x10 obj/freertos_time_wrapper.o
                0x000000000800061e                ivory_freertos_time_delay
                0x0000000008000622                ivory_freertos_time_delayuntil
                0x0000000008000626                ivory_freertos_time_gettickcount
                0x000000000800062a                ivory_freertos_time_gettickrate_ms
 .text          0x000000000800062e       0x80 obj/list.o
                0x000000000800062e                vListInitialise
                0x0000000008000644                vListInitialiseItem
                0x000000000800064a                vListInsertEnd
                0x0000000008000662                vListInsert
                0x0000000008000690                uxListRemove
 .text          0x00000000080006ae      0x800 obj/queue.o
                0x00000000080007b6                xQueueGenericReset
                0x0000000008000834                xQueueGenericCreate
                0x0000000008000890                xQueueGenericSend
                0x00000000080009e6                xQueueCreateMutex
                0x0000000008000a3c                xQueueGenericSendFromISR
                0x0000000008000af4                xQueueGiveFromISR
                0x0000000008000b7e                xQueueGenericReceive
                0x0000000008000ce4                xQueueReceiveFromISR
                0x0000000008000d72                xQueuePeekFromISR
                0x0000000008000de8                uxQueueMessagesWaiting
                0x0000000008000e12                uxQueueSpacesAvailable
                0x0000000008000e40                uxQueueMessagesWaitingFromISR
                0x0000000008000e58                vQueueDelete
                0x0000000008000e70                xQueueIsQueueEmptyFromISR
                0x0000000008000e8e                xQueueIsQueueFullFromISR
 *fill*         0x0000000008000eae        0x2 
 .text          0x0000000008000eb0     0x1274 obj/tasks.o
                0x0000000008000f44                xTaskGenericCreate
                0x00000000080010fc                vTaskDelete
                0x00000000080011b0                uxTaskPriorityGet
                0x00000000080011d0                uxTaskPriorityGetFromISR
                0x0000000008001200                vTaskPrioritySet
                0x00000000080012dc                vTaskResume
                0x0000000008001364                xTaskResumeFromISR
                0x0000000008001404                vTaskStartScheduler
                0x0000000008001468                vTaskEndScheduler
                0x0000000008001488                vTaskSuspendAll
                0x000000000800149c                xTaskGetTickCount
                0x00000000080014a8                xTaskGetTickCountFromISR
                0x00000000080014b8                uxTaskGetNumberOfTasks
                0x00000000080014c4                xTaskIncrementTick
                0x00000000080015c0                xTaskResumeAll
                0x000000000800169c                vTaskDelayUntil
                0x0000000008001744                vTaskDelay
                0x0000000008001820                vTaskSwitchContext
                0x00000000080018bc                vTaskSuspend
                0x0000000008001970                vTaskPlaceOnEventList
                0x00000000080019d4                vTaskPlaceOnUnorderedEventList
                0x0000000008001a58                xTaskRemoveFromEventList
                0x0000000008001ad4                xTaskRemoveFromUnorderedEventList
                0x0000000008001b58                vTaskSetTimeOutState
                0x0000000008001b80                xTaskCheckForTimeOut
                0x0000000008001bf0                vTaskMissedYield
                0x0000000008001c00                xTaskGetCurrentTaskHandle
                0x0000000008001c0c                vTaskPriorityInherit
                0x0000000008001ca0                xTaskPriorityDisinherit
                0x0000000008001d30                uxTaskResetEventItemValue
                0x0000000008001d48                pvTaskIncrementMutexHeldCount
                0x0000000008001d60                ulTaskNotifyTake
                0x0000000008001df8                xTaskNotifyWait
                0x0000000008001eb4                xTaskNotify
                0x0000000008001f7c                xTaskNotifyFromISR
                0x0000000008002068                vTaskNotifyGiveFromISR
 .text          0x0000000008002124        0x0 obj/timers.o
 .text          0x0000000008002124      0x2d0 obj/port.o
                0x000000000800217c                pxPortInitialiseStack
                0x00000000080021a0                SVCall_Handler
                0x00000000080021c0                vPortEndScheduler
                0x00000000080021e4                vPortEnterCritical
                0x0000000008002224                vPortExitCritical
                0x000000000800224c                PendSV_Handler
                0x00000000080022ac                SysTick_Handler
                0x00000000080022dc                vPortSetupTimerInterrupt
                0x00000000080022f0                xPortStartScheduler
                0x0000000008002398                vPortValidateInterruptPriority
 .text          0x00000000080023f4       0x84 obj/heap_1.o
                0x00000000080023f4                pvPortMalloc
                0x0000000008002440                vPortFree
                0x0000000008002456                vPortInitialiseBlocks
                0x0000000008002464                xPortGetFreeHeapSize
 .text          0x0000000008002478       0x48 obj/syscalls.o
                0x0000000008002478                _sbrk
                0x0000000008002494                link
                0x000000000800249a                _close
                0x00000000080024a0                _fstat
                0x00000000080024aa                _isatty
                0x00000000080024ae                _lseek
                0x00000000080024b2                _read
                0x00000000080024b6                _exit
                0x00000000080024b8                _kill
                0x00000000080024ba                _getpid
 .text          0x00000000080024c0        0x0 obj/rngTestTypes.o
 .text          0x00000000080024c0       0x9c obj/tower_user_thread_signal_USART2_IRQHandler.o
                0x00000000080024c0                callback_interrupt_thread_signal_USART2_IRQHandler
 .text          0x000000000800255c       0x70 obj/tower_gen_thread_signal_USART2_IRQHandler.o
                0x000000000800255c                loop_thread_signal_USART2_IRQHandler
                0x00000000080025a8                USART2_IRQHandler
                0x00000000080025bc                emitter_interrupt_chan_3_thread_signal_USART2_IRQHandler_emit
 .text          0x00000000080025cc      0x254 obj/tower_user_thread_period_1ms.o
                0x00000000080025cc                callback_init_2_thread_period_1ms
                0x00000000080027f4                callback_req_chan_thread_period_1ms
 .text          0x0000000008002820       0x74 obj/tower_gen_thread_period_1ms.o
                0x0000000008002820                loop_thread_period_1ms
                0x0000000008002878                emitter_init_2_chan_2_thread_period_1ms_emit
 .text          0x0000000008002894       0xb8 obj/tower_user_thread_period_5ms.o
                0x0000000008002894                callback_rands_thread_period_5ms
                0x00000000080028f4                callback_rngPoll_thread_period_5ms
                0x0000000008002920                callback_req_chan_thread_period_5ms
 .text          0x000000000800294c       0xb4 obj/tower_gen_thread_period_5ms.o
                0x000000000800294c                loop_thread_period_5ms
                0x00000000080029d0                emitter_rands_chan_2_thread_period_5ms_emit
                0x00000000080029ec                emitter_rngPoll_chan_5_thread_period_5ms_emit
 .text          0x0000000008002a00       0x7c obj/tower_user_thread_period_333ms.o
                0x0000000008002a00                callback_newoutput_thread_period_333ms
                0x0000000008002a34                callback_per_thread_period_333ms
 .text          0x0000000008002a7c       0x74 obj/tower_gen_thread_period_333ms.o
                0x0000000008002a7c                loop_thread_period_333ms
                0x0000000008002adc                emitter_per_chan_1_thread_period_333ms_emit
 .text          0x0000000008002af0      0x1e0 obj/tower_user_thread_init.o
                0x0000000008002af0                callback_rngInit_thread_init
                0x0000000008002b18                callback_init_thread_init
                0x0000000008002c84                callback_hardwareinit_thread_init
 .text          0x0000000008002cd0       0x48 obj/tower_gen_thread_init.o
                0x0000000008002cd0                loop_thread_init
 .text          0x0000000008002d18        0x0 obj/tower_state_monitor_blinker.o
 .text          0x0000000008002d18       0x24 obj/tower_gen_monitor_blinker.o
                0x0000000008002d18                monitor_init_blinker
                0x0000000008002d24                monitor_lock_blinker
                0x0000000008002d30                monitor_unlock_blinker
 .text          0x0000000008002d3c        0x0 obj/tower_state_monitor_dma.o
 .text          0x0000000008002d3c       0x24 obj/tower_gen_monitor_dma.o
                0x0000000008002d3c                monitor_init_dma
                0x0000000008002d48                monitor_lock_dma
                0x0000000008002d54                monitor_unlock_dma
 .text          0x0000000008002d60        0x0 obj/tower_state_monitor_led.o
 .text          0x0000000008002d60       0x24 obj/tower_gen_monitor_led.o
                0x0000000008002d60                monitor_init_led
                0x0000000008002d6c                monitor_lock_led
                0x0000000008002d78                monitor_unlock_led
 .text          0x0000000008002d84        0x0 obj/tower_state_monitor_randReporter.o
 .text          0x0000000008002d84       0x24 obj/tower_gen_monitor_randReporter.o
                0x0000000008002d84                monitor_init_randReporter
                0x0000000008002d90                monitor_lock_randReporter
                0x0000000008002d9c                monitor_unlock_randReporter
 .text          0x0000000008002da8        0x0 obj/tower_state_monitor_rngPeripheral.o
 .text          0x0000000008002da8       0x24 obj/tower_gen_monitor_rngPeripheral.o
                0x0000000008002da8                monitor_init_rngPeripheral
                0x0000000008002db4                monitor_lock_rngPeripheral
                0x0000000008002dc0                monitor_unlock_rngPeripheral
 .text          0x0000000008002dcc       0x80 obj/tower_init.o
                0x0000000008002dcc                tower_entry
 .text          0x0000000008002e4c      0x13c obj/stm32_main.o
                0x0000000008002e4c                Reset_Handler
 .text          0x0000000008002f88       0x1e obj/tower_time.o
                0x0000000008002f88                tower_get_time
 *fill*         0x0000000008002fa6        0x2 
 .text          0x0000000008002fa8       0x68 obj/stm32_freertos_init.o
                0x0000000008002fb0                init_relocate
                0x0000000008003004                init_libc
                0x0000000008003008                vApplicationStackOverflowHook
 .text.startup  0x0000000008003010       0x28 obj/stm32_freertos_init.o
                0x0000000008003010                main
 .text          0x0000000008003038       0x14 obj/vector_table.o
 .text.defaultExceptionHandler
                0x000000000800304c        0x2 obj/vector_table.o
                0x000000000800304c                RTC_Alarm_IRQHandler
                0x000000000800304c                HASH_RNG_IRQHandler
                0x000000000800304c                EXTI2_IRQHandler
                0x000000000800304c                TIM8_CC_IRQHandler
                0x000000000800304c                UART8_IRQHandler
                0x000000000800304c                SPI4_IRQHandler
                0x000000000800304c                TIM1_CC_IRQHandler
                0x000000000800304c                DMA2_Stream5_IRQHandler
                0x000000000800304c                HardFault_Handler
                0x000000000800304c                DMA1_Stream5_IRQHandler
                0x000000000800304c                PVD_IRQHandler
                0x000000000800304c                SDIO_IRQHandler
                0x000000000800304c                LCD_TFT_ER_IRQHandler
                0x000000000800304c                TAMP_STAMP_IRQHandler
                0x000000000800304c                CAN2_RX1_IRQHandler
                0x000000000800304c                EXTI3_IRQHandler
                0x000000000800304c                TIM8_TRG_COM_TIM14_IRQHandler
                0x000000000800304c                TIM1_UP_TIM10_IRQHandler
                0x000000000800304c                TIM8_UP_TIM13_IRQHandler
                0x000000000800304c                I2C3_ER_IRQHandler
                0x000000000800304c                LCD_TFT_IRQHandler
                0x000000000800304c                EXTI0_IRQHandler
                0x000000000800304c                I2C2_EV_IRQHandler
                0x000000000800304c                DMA1_Stream2_IRQHandler
                0x000000000800304c                CAN1_RX0_IRQHandler
                0x000000000800304c                FPU_IRQHandler
                0x000000000800304c                OTG_HS_WKUP_IRQHandler
                0x000000000800304c                UsageFault_Handler
                0x000000000800304c                CAN2_SCE_IRQHandler
                0x000000000800304c                MemoryManagment_Handler
                0x000000000800304c                DMA2_Stream2_IRQHandler
                0x000000000800304c                SPI1_IRQHandler
                0x000000000800304c                TIM6_DAC_IRQHandler
                0x000000000800304c                TIM1_BRK_TIM9_IRQHandler
                0x000000000800304c                DCMI_IRQHandler
                0x000000000800304c                CAN2_RX0_IRQHandler
                0x000000000800304c                DMA2_Stream3_IRQHandler
                0x000000000800304c                USART6_IRQHandler
                0x000000000800304c                USART3_IRQHandler
                0x000000000800304c                CRYP_IRQHandler
                0x000000000800304c                CAN1_RX1_IRQHandler
                0x000000000800304c                UART5_IRQHandler
                0x000000000800304c                DMA2_Stream0_IRQHandler
                0x000000000800304c                TIM4_IRQHandler
                0x000000000800304c                I2C1_EV_IRQHandler
                0x000000000800304c                DMA1_Stream6_IRQHandler
                0x000000000800304c                DMA1_Stream1_IRQHandler
                0x000000000800304c                UART4_IRQHandler
                0x000000000800304c                TIM3_IRQHandler
                0x000000000800304c                RCC_IRQHandler
                0x000000000800304c                TIM8_BRK_TIM12_IRQHandler
                0x000000000800304c                EXTI15_10_IRQHandler
                0x000000000800304c                ADC_IRQHandler
                0x000000000800304c                DMA1_Stream7_IRQHandler
                0x000000000800304c                SPI5_IRQHandler
                0x000000000800304c                TIM7_IRQHandler
                0x000000000800304c                CAN2_TX_IRQHandler
                0x000000000800304c                TIM5_IRQHandler
                0x000000000800304c                DMA2_Stream7_IRQHandler
                0x000000000800304c                I2C3_EV_IRQHandler
                0x000000000800304c                EXTI9_5_IRQHandler
                0x000000000800304c                RTC_WKUP_IRQHandler
                0x000000000800304c                ETH_WKUP_IRQHandler
                0x000000000800304c                SPI2_IRQHandler
                0x000000000800304c                OTG_HS_EP1_IN_IRQHandler
                0x000000000800304c                DMA1_Stream0_IRQHandler
                0x000000000800304c                CAN1_TX_IRQHandler
                0x000000000800304c                NonMaskable_Handler
                0x000000000800304c                EXTI4_IRQHandler
                0x000000000800304c                FSMC_IRQHandler
                0x000000000800304c                ETH_IRQHandler
                0x000000000800304c                OTG_HS_EP1_OUT_IRQHandler
                0x000000000800304c                WWDG_IRQHandler
                0x000000000800304c                SPI6_IRQHandler
                0x000000000800304c                TIM2_IRQHandler
                0x000000000800304c                OTG_FS_WKUP_IRQHandler
                0x000000000800304c                TIM1_TRG_COM_TIM11_IRQHandler
                0x000000000800304c                OTG_HS_IRQHandler
                0x000000000800304c                DMA2D_IRQHandler
                0x000000000800304c                EXTI1_IRQHandler
                0x000000000800304c                UART7_IRQHandler
                0x000000000800304c                I2C2_ER_IRQHandler
                0x000000000800304c                DMA2_Stream1_IRQHandler
                0x000000000800304c                CAN1_SCE_IRQHandler
                0x000000000800304c                FLASH_IRQHandler
                0x000000000800304c                DMA2_Stream4_IRQHandler
                0x000000000800304c                BusFault_Handler
                0x000000000800304c                USART1_IRQHandler
                0x000000000800304c                OTG_FS_IRQHandler
                0x000000000800304c                SPI3_IRQHandler
                0x000000000800304c                DMA1_Stream4_IRQHandler
                0x000000000800304c                I2C1_ER_IRQHandler
                0x000000000800304c                DebugMonitor_Handler
                0x000000000800304c                DMA2_Stream6_IRQHandler
                0x000000000800304c                SAI1_IRQHandler
                0x000000000800304c                DMA1_Stream3_IRQHandler
 .text          0x000000000800304e        0x4 obj/stm32_freertos_user_assert.o
                0x000000000800304e                ivory_user_assert_hook
 *fill*         0x0000000008003052        0x2 
 .text          0x0000000008003054       0xa0 /usr/lib/gcc/arm-none-eabi/10.3.1/thumb/v7e-m+fp/hard/libgcc.a(_aeabi_ldivmod.o)
                0x0000000008003054                __aeabi_ldivmod
 .text          0x00000000080030f4       0x30 /usr/lib/gcc/arm-none-eabi/10.3.1/thumb/v7e-m+fp/hard/libgcc.a(_aeabi_uldivmod.o)
                0x00000000080030f4                __aeabi_uldivmod
 .text          0x0000000008003124      0x2d0 /usr/lib/gcc/arm-none-eabi/10.3.1/thumb/v7e-m+fp/hard/libgcc.a(_udivmoddi4.o)
                0x0000000008003124                __udivmoddi4
 .text          0x00000000080033f4        0x4 /usr/lib/gcc/arm-none-eabi/10.3.1/thumb/v7e-m+fp/hard/libgcc.a(_dvmd_tls.o)
                0x00000000080033f4                __aeabi_ldiv0
                0x00000000080033f4                __aeabi_idiv0
 .text          0x00000000080033f8       0x64 /usr/lib/gcc/arm-none-eabi/10.3.1/../../../arm-none-eabi/lib/thumb/v7e-m+fp/hard/libc.a(lib_a-memcmp.o)
                0x00000000080033f8                memcmp
 .text          0x000000000800345c      0x134 /usr/lib/gcc/arm-none-eabi/10.3.1/../../../arm-none-eabi/lib/thumb/v7e-m+fp/hard/libc.a(lib_a-memcpy.o)
                0x000000000800345c                memcpy
 .text          0x0000000008003590        0x0 /usr/lib/gcc/arm-none-eabi/10.3.1/thumb/v7e-m+fp/hard/crtend.o
 .text          0x0000000008003590        0x0 /usr/lib/gcc/arm-none-eabi/10.3.1/thumb/v7e-m+fp/hard/crtn.o
 *(.fixup)
 *(.gnu.warning)
 *(.rodata .rodata.*)
 .rodata        0x0000000008003590       0x24 /usr/lib/gcc/arm-none-eabi/10.3.1/thumb/v7e-m+fp/hard/crtbegin.o
 .rodata        0x00000000080035b4        0x4 /usr/lib/gcc/arm-none-eabi/10.3.1/../../../arm-none-eabi/lib/thumb/v7e-m+fp/hard/libc.a(lib_a-impure.o)
                0x00000000080035b4                _global_impure_ptr
 .rodata.str1.1
                0x00000000080035b8        0x5 obj/tasks.o
 .rodata        0x00000000080035bd       0x14 obj/tasks.o
 .rodata.str1.1
                0x00000000080035d1       0x58 obj/tower_init.o
 .rodata.str1.1
                0x0000000008003629        0xa obj/stm32_freertos_init.o
 *fill*         0x0000000008003633        0x1 
 .rodata        0x0000000008003634       0x24 /usr/lib/gcc/arm-none-eabi/10.3.1/thumb/v7e-m+fp/hard/crtend.o
 *(.glue_7)
 .glue_7        0x0000000008003658        0x0 linker stubs
 *(.glue_7t)
 .glue_7t       0x0000000008003658        0x0 linker stubs
 *(.eh_frame)
 .eh_frame      0x0000000008003658        0x0 /usr/lib/gcc/arm-none-eabi/10.3.1/thumb/v7e-m+fp/hard/crtbegin.o
 .eh_frame      0x0000000008003658        0x4 /usr/lib/gcc/arm-none-eabi/10.3.1/thumb/v7e-m+fp/hard/crtend.o
 *(.gnu.linkonce.t.*)
 *(.got)
 *(.gcc_except_table)
 *(.gnu.linkonce.r.*)
 *(.init)
 .init          0x000000000800365c        0x4 /usr/lib/gcc/arm-none-eabi/10.3.1/thumb/v7e-m+fp/hard/crti.o
                0x000000000800365c                _init
 .init          0x0000000008003660        0x8 /usr/lib/gcc/arm-none-eabi/10.3.1/thumb/v7e-m+fp/hard/crtn.o
 *(.fini)
 .fini          0x0000000008003668        0x4 /usr/lib/gcc/arm-none-eabi/10.3.1/thumb/v7e-m+fp/hard/crti.o
                0x0000000008003668                _fini
 .fini          0x000000000800366c        0x8 /usr/lib/gcc/arm-none-eabi/10.3.1/thumb/v7e-m+fp/hard/crtn.o
                0x0000000008003674                . = ALIGN (0x4)
                0x0000000008003674                _etext = ABSOLUTE (.)

.vfp11_veneer   0x0000000008003674        0x0
 .vfp11_veneer  0x0000000008003674        0x0 linker stubs

.v4_bx          0x0000000008003674        0x0
 .v4_bx         0x0000000008003674        0x0 linker stubs

.iplt           0x0000000008003674        0x0
 .iplt          0x0000000008003674        0x0 /usr/lib/gcc/arm-none-eabi/10.3.1/thumb/v7e-m+fp/hard/crtbegin.o

.ARM.extab      0x0000000008003674        0x0
 *(.ARM.extab*)
 .ARM.extab     0x0000000008003674        0x0 /usr/lib/gcc/arm-none-eabi/10.3.1/../../../arm-none-eabi/lib/thumb/v7e-m+fp/hard/crt0.o
 .ARM.extab     0x0000000008003674        0x0 /usr/lib/gcc/arm-none-eabi/10.3.1/thumb/v7e-m+fp/hard/libgcc.a(_udivmoddi4.o)
                0x0000000008003674                __exidx_start = ABSOLUTE (.)

.ARM.exidx      0x0000000008003674        0x8
 *(.ARM.exidx*)
 .ARM.exidx     0x0000000008003674        0x8 /usr/lib/gcc/arm-none-eabi/10.3.1/../../../arm-none-eabi/lib/thumb/v7e-m+fp/hard/crt0.o
                                         0x10 (size before relaxing)
 .ARM.exidx     0x000000000800367c        0x0 /usr/lib/gcc/arm-none-eabi/10.3.1/thumb/v7e-m+fp/hard/libgcc.a(_udivmoddi4.o)
                                          0x8 (size before relaxing)
                0x000000000800367c                __exidx_end = ABSOLUTE (.)

.rel.dyn        0x000000000800367c        0x0
 .rel.iplt      0x000000000800367c        0x0 /usr/lib/gcc/arm-none-eabi/10.3.1/thumb/v7e-m+fp/hard/crtbegin.o

.preinit_array  0x000000000800367c        0x0
                0x000000000800367c                PROVIDE (__preinit_array_start = .)
 *(.preinit_array)
                0x000000000800367c                PROVIDE (__preinit_array_end = .)

.init_array     0x000000000800367c        0x4
                0x000000000800367c                PROVIDE (__init_array_start = .)
 *(.init_array)
 .init_array    0x000000000800367c        0x4 /usr/lib/gcc/arm-none-eabi/10.3.1/thumb/v7e-m+fp/hard/crtbegin.o
                0x0000000008003680                PROVIDE (__init_array_end = .)

.ctors
 *crtbegin.o(.ctors)
 *crtbegin?.o(.ctors)
 *(EXCLUDE_FILE(*crtend?.o *crtend.o) .ctors)
 *(SORT_BY_NAME(.ctors.*))
 *(.ctors)

.data           0x0000000010000000      0x440 load address 0x0000000008003680
                0x0000000008003680                _sidata = LOADADDR (.data)
                0x0000000010000000                _sdata = ABSOLUTE (.)
 *(.data .data.*)
 .data          0x0000000010000000        0x0 /usr/lib/gcc/arm-none-eabi/10.3.1/thumb/v7e-m+fp/hard/crti.o
 .data          0x0000000010000000        0x4 /usr/lib/gcc/arm-none-eabi/10.3.1/thumb/v7e-m+fp/hard/crtbegin.o
                0x0000000010000000                __dso_handle
 .data          0x0000000010000004        0x0 /usr/lib/gcc/arm-none-eabi/10.3.1/../../../arm-none-eabi/lib/thumb/v7e-m+fp/hard/crt0.o
 .data          0x0000000010000004        0x0 /usr/lib/gcc/arm-none-eabi/10.3.1/../../../arm-none-eabi/lib/thumb/v7e-m+fp/hard/libc.a(lib_a-atexit.o)
 .data          0x0000000010000004        0x0 /usr/lib/gcc/arm-none-eabi/10.3.1/../../../arm-none-eabi/lib/thumb/v7e-m+fp/hard/libc.a(lib_a-exit.o)
 .data          0x0000000010000004        0x0 /usr/lib/gcc/arm-none-eabi/10.3.1/../../../arm-none-eabi/lib/thumb/v7e-m+fp/hard/libc.a(lib_a-fini.o)
 *fill*         0x0000000010000004        0x4 
 .data          0x0000000010000008      0x430 /usr/lib/gcc/arm-none-eabi/10.3.1/../../../arm-none-eabi/lib/thumb/v7e-m+fp/hard/libc.a(lib_a-impure.o)
                0x0000000010000008                _impure_ptr
 .data          0x0000000010000438        0x0 /usr/lib/gcc/arm-none-eabi/10.3.1/../../../arm-none-eabi/lib/thumb/v7e-m+fp/hard/libc.a(lib_a-init.o)
 .data          0x0000000010000438        0x0 /usr/lib/gcc/arm-none-eabi/10.3.1/../../../arm-none-eabi/lib/thumb/v7e-m+fp/hard/libc.a(lib_a-memset.o)
 .data          0x0000000010000438        0x0 /usr/lib/gcc/arm-none-eabi/10.3.1/../../../arm-none-eabi/lib/thumb/v7e-m+fp/hard/libc.a(lib_a-__atexit.o)
 .data          0x0000000010000438        0x0 /usr/lib/gcc/arm-none-eabi/10.3.1/../../../arm-none-eabi/lib/thumb/v7e-m+fp/hard/libc.a(lib_a-__call_atexit.o)
 .data          0x0000000010000438        0x0 obj/freertos_atomic_wrapper.o
 .data          0x0000000010000438        0x0 obj/freertos_semaphore_wrapper.o
 .data          0x0000000010000438        0x0 obj/freertos_mutex_wrapper.o
 .data          0x0000000010000438        0x0 obj/freertos_task_wrapper.o
 .data          0x0000000010000438        0x0 obj/freertos_time_wrapper.o
 .data          0x0000000010000438        0x0 obj/list.o
 .data          0x0000000010000438        0x0 obj/queue.o
 .data          0x0000000010000438        0x4 obj/tasks.o
 .data          0x000000001000043c        0x0 obj/timers.o
 .data          0x000000001000043c        0x4 obj/port.o
 .data          0x0000000010000440        0x0 obj/heap_1.o
 .data          0x0000000010000440        0x0 obj/syscalls.o
 .data          0x0000000010000440        0x0 obj/rngTestTypes.o
 .data          0x0000000010000440        0x0 obj/tower_user_thread_signal_USART2_IRQHandler.o
 .data          0x0000000010000440        0x0 obj/tower_gen_thread_signal_USART2_IRQHandler.o
 .data          0x0000000010000440        0x0 obj/tower_user_thread_period_1ms.o
 .data          0x0000000010000440        0x0 obj/tower_gen_thread_period_1ms.o
 .data          0x0000000010000440        0x0 obj/tower_user_thread_period_5ms.o
 .data          0x0000000010000440        0x0 obj/tower_gen_thread_period_5ms.o
 .data          0x0000000010000440        0x0 obj/tower_user_thread_period_333ms.o
 .data          0x0000000010000440        0x0 obj/tower_gen_thread_period_333ms.o
 .data          0x0000000010000440        0x0 obj/tower_user_thread_init.o
 .data          0x0000000010000440        0x0 obj/tower_gen_thread_init.o
 .data          0x0000000010000440        0x0 obj/tower_state_monitor_blinker.o
 .data          0x0000000010000440        0x0 obj/tower_gen_monitor_blinker.o
 .data          0x0000000010000440        0x0 obj/tower_state_monitor_dma.o
 .data          0x0000000010000440        0x0 obj/tower_gen_monitor_dma.o
 .data          0x0000000010000440        0x0 obj/tower_state_monitor_led.o
 .data          0x0000000010000440        0x0 obj/tower_gen_monitor_led.o
 .data          0x0000000010000440        0x0 obj/tower_state_monitor_randReporter.o
 .data          0x0000000010000440        0x0 obj/tower_gen_monitor_randReporter.o
 .data          0x0000000010000440        0x0 obj/tower_state_monitor_rngPeripheral.o
 .data          0x0000000010000440        0x0 obj/tower_gen_monitor_rngPeripheral.o
 .data          0x0000000010000440        0x0 obj/tower_init.o
 .data          0x0000000010000440        0x0 obj/stm32_main.o
 .data          0x0000000010000440        0x0 obj/tower_time.o
 .data          0x0000000010000440        0x0 obj/stm32_freertos_init.o
 .data          0x0000000010000440        0x0 obj/vector_table.o
 .data          0x0000000010000440        0x0 obj/stm32_freertos_user_assert.o
 .data          0x0000000010000440        0x0 /usr/lib/gcc/arm-none-eabi/10.3.1/thumb/v7e-m+fp/hard/libgcc.a(_aeabi_ldivmod.o)
 .data          0x0000000010000440        0x0 /usr/lib/gcc/arm-none-eabi/10.3.1/thumb/v7e-m+fp/hard/libgcc.a(_aeabi_uldivmod.o)
 .data          0x0000000010000440        0x0 /usr/lib/gcc/arm-none-eabi/10.3.1/thumb/v7e-m+fp/hard/libgcc.a(_udivmoddi4.o)
 .data          0x0000000010000440        0x0 /usr/lib/gcc/arm-none-eabi/10.3.1/thumb/v7e-m+fp/hard/libgcc.a(_dvmd_tls.o)
 .data          0x0000000010000440        0x0 /usr/lib/gcc/arm-none-eabi/10.3.1/../../../arm-none-eabi/lib/thumb/v7e-m+fp/hard/libc.a(lib_a-memcmp.o)
 .data          0x0000000010000440        0x0 /usr/lib/gcc/arm-none-eabi/10.3.1/../../../arm-none-eabi/lib/thumb/v7e-m+fp/hard/libc.a(lib_a-memcpy.o)
 .data          0x0000000010000440        0x0 /usr/lib/gcc/arm-none-eabi/10.3.1/thumb/v7e-m+fp/hard/crtend.o
 .data          0x0000000010000440        0x0 /usr/lib/gcc/arm-none-eabi/10.3.1/thumb/v7e-m+fp/hard/crtn.o
 *(.gnu.linkonce.d.*)
                0x0000000010000440                _edata = ABSOLUTE (.)

.fini_array     0x0000000010000440        0x4 load address 0x0000000008003ac0
 .fini_array    0x0000000010000440        0x4 /usr/lib/gcc/arm-none-eabi/10.3.1/thumb/v7e-m+fp/hard/crtbegin.o

.tm_clone_table
                0x0000000010000444        0x0 load address 0x0000000008003ac4
 .tm_clone_table
                0x0000000010000444        0x0 /usr/lib/gcc/arm-none-eabi/10.3.1/thumb/v7e-m+fp/hard/crtbegin.o
 .tm_clone_table
                0x0000000010000444        0x0 /usr/lib/gcc/arm-none-eabi/10.3.1/thumb/v7e-m+fp/hard/crtend.o

.igot.plt       0x0000000010000444        0x0 load address 0x0000000008003ac4
 .igot.plt      0x0000000010000444        0x0 /usr/lib/gcc/arm-none-eabi/10.3.1/thumb/v7e-m+fp/hard/crtbegin.o
                0x0000000010000444                . = ALIGN (0x4)

.bss            0x0000000020000000    0x18394
                0x0000000020000000                _sbss = ABSOLUTE (.)
                0x0000000020000000                __bss_start__ = ABSOLUTE (_sbss)
 *(.bss .bss.*)
 .bss           0x0000000020000000        0x0 /usr/lib/gcc/arm-none-eabi/10.3.1/thumb/v7e-m+fp/hard/crti.o
 .bss           0x0000000020000000       0x1c /usr/lib/gcc/arm-none-eabi/10.3.1/thumb/v7e-m+fp/hard/crtbegin.o
 .bss           0x000000002000001c        0x0 /usr/lib/gcc/arm-none-eabi/10.3.1/../../../arm-none-eabi/lib/thumb/v7e-m+fp/hard/crt0.o
 .bss           0x000000002000001c        0x0 /usr/lib/gcc/arm-none-eabi/10.3.1/../../../arm-none-eabi/lib/thumb/v7e-m+fp/hard/libc.a(lib_a-atexit.o)
 .bss           0x000000002000001c        0x0 /usr/lib/gcc/arm-none-eabi/10.3.1/../../../arm-none-eabi/lib/thumb/v7e-m+fp/hard/libc.a(lib_a-exit.o)
 .bss           0x000000002000001c        0x0 /usr/lib/gcc/arm-none-eabi/10.3.1/../../../arm-none-eabi/lib/thumb/v7e-m+fp/hard/libc.a(lib_a-fini.o)
 .bss           0x000000002000001c        0x0 /usr/lib/gcc/arm-none-eabi/10.3.1/../../../arm-none-eabi/lib/thumb/v7e-m+fp/hard/libc.a(lib_a-impure.o)
 .bss           0x000000002000001c        0x0 /usr/lib/gcc/arm-none-eabi/10.3.1/../../../arm-none-eabi/lib/thumb/v7e-m+fp/hard/libc.a(lib_a-init.o)
 .bss           0x000000002000001c        0x0 /usr/lib/gcc/arm-none-eabi/10.3.1/../../../arm-none-eabi/lib/thumb/v7e-m+fp/hard/libc.a(lib_a-memset.o)
 .bss           0x000000002000001c        0x0 /usr/lib/gcc/arm-none-eabi/10.3.1/../../../arm-none-eabi/lib/thumb/v7e-m+fp/hard/libc.a(lib_a-__atexit.o)
 .bss           0x000000002000001c        0x0 /usr/lib/gcc/arm-none-eabi/10.3.1/../../../arm-none-eabi/lib/thumb/v7e-m+fp/hard/libc.a(lib_a-__call_atexit.o)
 .bss           0x000000002000001c        0x0 obj/freertos_atomic_wrapper.o
 .bss           0x000000002000001c        0x0 obj/freertos_semaphore_wrapper.o
 .bss           0x000000002000001c        0x0 obj/freertos_mutex_wrapper.o
 .bss           0x000000002000001c        0x0 obj/freertos_task_wrapper.o
 .bss           0x000000002000001c        0x0 obj/freertos_time_wrapper.o
 .bss           0x000000002000001c        0x0 obj/list.o
 .bss           0x000000002000001c        0x0 obj/queue.o
 .bss           0x000000002000001c      0x110 obj/tasks.o
                0x0000000020000048                pxCurrentTCB
 .bss           0x000000002000012c        0x0 obj/timers.o
 .bss           0x000000002000012c        0x8 obj/port.o
 .bss           0x0000000020000134    0x18008 obj/heap_1.o
 .bss           0x000000002001813c        0x4 obj/syscalls.o
 .bss           0x0000000020018140        0x0 obj/rngTestTypes.o
 .bss           0x0000000020018140        0x0 obj/tower_user_thread_signal_USART2_IRQHandler.o
 .bss           0x0000000020018140        0x8 obj/tower_gen_thread_signal_USART2_IRQHandler.o
                0x0000000020018140                signal_semaphore_thread_signal_USART2_IRQHandler
 .bss           0x0000000020018148        0x0 obj/tower_user_thread_period_1ms.o
 .bss           0x0000000020018148       0x88 obj/tower_gen_thread_period_1ms.o
 .bss           0x00000000200181d0        0x0 obj/tower_user_thread_period_5ms.o
 .bss           0x00000000200181d0       0x90 obj/tower_gen_thread_period_5ms.o
 .bss           0x0000000020018260        0x0 obj/tower_user_thread_period_333ms.o
 .bss           0x0000000020018260        0x5 obj/tower_gen_thread_period_333ms.o
 .bss           0x0000000020018265        0x0 obj/tower_user_thread_init.o
 .bss           0x0000000020018265        0x0 obj/tower_gen_thread_init.o
 .bss           0x0000000020018265        0x0 obj/tower_state_monitor_blinker.o
 *fill*         0x0000000020018265        0x3 
 .bss           0x0000000020018268        0x4 obj/tower_gen_monitor_blinker.o
                0x0000000020018268                lock_blinker
 .bss           0x000000002001826c       0x90 obj/tower_state_monitor_dma.o
                0x000000002001826c                req_pos
                0x0000000020018270                req_buf
                0x00000000200182f4                uart2_rx_success
                0x00000000200182f8                uart2_rx_overruns
 .bss           0x00000000200182fc        0x4 obj/tower_gen_monitor_dma.o
                0x00000000200182fc                lock_dma
 .bss           0x0000000020018300        0x0 obj/tower_state_monitor_led.o
 .bss           0x0000000020018300        0x4 obj/tower_gen_monitor_led.o
                0x0000000020018300                lock_led
 .bss           0x0000000020018304       0x88 obj/tower_state_monitor_randReporter.o
                0x0000000020018304                initialized
                0x0000000020018308                out_req
 .bss           0x000000002001838c        0x4 obj/tower_gen_monitor_randReporter.o
                0x000000002001838c                lock_randReporter
 .bss           0x0000000020018390        0x0 obj/tower_state_monitor_rngPeripheral.o
 .bss           0x0000000020018390        0x4 obj/tower_gen_monitor_rngPeripheral.o
                0x0000000020018390                lock_rngPeripheral
 .bss           0x0000000020018394        0x0 obj/tower_init.o
 .bss           0x0000000020018394        0x0 obj/stm32_main.o
 .bss           0x0000000020018394        0x0 obj/tower_time.o
 .bss           0x0000000020018394        0x0 obj/stm32_freertos_init.o
 .bss           0x0000000020018394        0x0 obj/vector_table.o
 .bss           0x0000000020018394        0x0 obj/stm32_freertos_user_assert.o
 .bss           0x0000000020018394        0x0 /usr/lib/gcc/arm-none-eabi/10.3.1/thumb/v7e-m+fp/hard/libgcc.a(_aeabi_ldivmod.o)
 .bss           0x0000000020018394        0x0 /usr/lib/gcc/arm-none-eabi/10.3.1/thumb/v7e-m+fp/hard/libgcc.a(_aeabi_uldivmod.o)
 .bss           0x0000000020018394        0x0 /usr/lib/gcc/arm-none-eabi/10.3.1/thumb/v7e-m+fp/hard/libgcc.a(_udivmoddi4.o)
 .bss           0x0000000020018394        0x0 /usr/lib/gcc/arm-none-eabi/10.3.1/thumb/v7e-m+fp/hard/libgcc.a(_dvmd_tls.o)
 .bss           0x0000000020018394        0x0 /usr/lib/gcc/arm-none-eabi/10.3.1/../../../arm-none-eabi/lib/thumb/v7e-m+fp/hard/libc.a(lib_a-memcmp.o)
 .bss           0x0000000020018394        0x0 /usr/lib/gcc/arm-none-eabi/10.3.1/../../../arm-none-eabi/lib/thumb/v7e-m+fp/hard/libc.a(lib_a-memcpy.o)
 .bss           0x0000000020018394        0x0 /usr/lib/gcc/arm-none-eabi/10.3.1/thumb/v7e-m+fp/hard/crtend.o
 .bss           0x0000000020018394        0x0 /usr/lib/gcc/arm-none-eabi/10.3.1/thumb/v7e-m+fp/hard/crtn.o
 *(.gnu.linkonce.b.*)
 *(COMMON)
                0x0000000020018394                . = ALIGN (0x4)
                0x0000000020018394                _ebss = ABSOLUTE (.)
                0x0000000020018394                __bss_end__ = ABSOLUTE (_ebss)

._user_heap_stack
                0x0000000010000444      0x400
                0x0000000010000444                . = ALIGN (0x4)
                [!provide]                        PROVIDE (end = .)
                0x0000000010000444                PROVIDE (_end = .)
                0x0000000010000444                . = (. + _min_heap_size)
                0x0000000010000844                . = (. + _min_stack_size)
 *fill*         0x0000000010000444      0x400 
                0x0000000010000844                . = ALIGN (0x4)

.stab
 *(.stab)

.stabstr
 *(.stabstr)

.stab.excl
 *(.stab.excl)

.stab.exclstr
 *(.stab.exclstr)

.stab.index
 *(.stab.index)

.stab.indexstr
 *(.stab.indexstr)

.comment        0x0000000000000000       0x33
 *(.comment)
 .comment       0x0000000000000000       0x33 /usr/lib/gcc/arm-none-eabi/10.3.1/thumb/v7e-m+fp/hard/crtbegin.o
                                         0x34 (size before relaxing)
 .comment       0x0000000000000033       0x34 /usr/lib/gcc/arm-none-eabi/10.3.1/../../../arm-none-eabi/lib/thumb/v7e-m+fp/hard/libc.a(lib_a-atexit.o)
 .comment       0x0000000000000033       0x34 /usr/lib/gcc/arm-none-eabi/10.3.1/../../../arm-none-eabi/lib/thumb/v7e-m+fp/hard/libc.a(lib_a-exit.o)
 .comment       0x0000000000000033       0x34 /usr/lib/gcc/arm-none-eabi/10.3.1/../../../arm-none-eabi/lib/thumb/v7e-m+fp/hard/libc.a(lib_a-fini.o)
 .comment       0x0000000000000033       0x34 /usr/lib/gcc/arm-none-eabi/10.3.1/../../../arm-none-eabi/lib/thumb/v7e-m+fp/hard/libc.a(lib_a-impure.o)
 .comment       0x0000000000000033       0x34 /usr/lib/gcc/arm-none-eabi/10.3.1/../../../arm-none-eabi/lib/thumb/v7e-m+fp/hard/libc.a(lib_a-init.o)
 .comment       0x0000000000000033       0x34 /usr/lib/gcc/arm-none-eabi/10.3.1/../../../arm-none-eabi/lib/thumb/v7e-m+fp/hard/libc.a(lib_a-memset.o)
 .comment       0x0000000000000033       0x34 /usr/lib/gcc/arm-none-eabi/10.3.1/../../../arm-none-eabi/lib/thumb/v7e-m+fp/hard/libc.a(lib_a-__atexit.o)
 .comment       0x0000000000000033       0x34 /usr/lib/gcc/arm-none-eabi/10.3.1/../../../arm-none-eabi/lib/thumb/v7e-m+fp/hard/libc.a(lib_a-__call_atexit.o)
 .comment       0x0000000000000033       0x34 obj/freertos_atomic_wrapper.o
 .comment       0x0000000000000033       0x34 obj/freertos_semaphore_wrapper.o
 .comment       0x0000000000000033       0x34 obj/freertos_mutex_wrapper.o
 .comment       0x0000000000000033       0x34 obj/freertos_task_wrapper.o
 .comment       0x0000000000000033       0x34 obj/freertos_time_wrapper.o
 .comment       0x0000000000000033       0x34 obj/list.o
 .comment       0x0000000000000033       0x34 obj/queue.o
 .comment       0x0000000000000033       0x34 obj/tasks.o
 .comment       0x0000000000000033       0x34 obj/timers.o
 .comment       0x0000000000000033       0x34 obj/port.o
 .comment       0x0000000000000033       0x34 obj/heap_1.o
 .comment       0x0000000000000033       0x34 obj/syscalls.o
 .comment       0x0000000000000033       0x34 obj/rngTestTypes.o
 .comment       0x0000000000000033       0x34 obj/tower_user_thread_signal_USART2_IRQHandler.o
 .comment       0x0000000000000033       0x34 obj/tower_gen_thread_signal_USART2_IRQHandler.o
 .comment       0x0000000000000033       0x34 obj/tower_user_thread_period_1ms.o
 .comment       0x0000000000000033       0x34 obj/tower_gen_thread_period_1ms.o
 .comment       0x0000000000000033       0x34 obj/tower_user_thread_period_5ms.o
 .comment       0x0000000000000033       0x34 obj/tower_gen_thread_period_5ms.o
 .comment       0x0000000000000033       0x34 obj/tower_user_thread_period_333ms.o
 .comment       0x0000000000000033       0x34 obj/tower_gen_thread_period_333ms.o
 .comment       0x0000000000000033       0x34 obj/tower_user_thread_init.o
 .comment       0x0000000000000033       0x34 obj/tower_gen_thread_init.o
 .comment       0x0000000000000033       0x34 obj/tower_state_monitor_blinker.o
 .comment       0x0000000000000033       0x34 obj/tower_gen_monitor_blinker.o
 .comment       0x0000000000000033       0x34 obj/tower_state_monitor_dma.o
 .comment       0x0000000000000033       0x34 obj/tower_gen_monitor_dma.o
 .comment       0x0000000000000033       0x34 obj/tower_state_monitor_led.o
 .comment       0x0000000000000033       0x34 obj/tower_gen_monitor_led.o
 .comment       0x0000000000000033       0x34 obj/tower_state_monitor_randReporter.o
 .comment       0x0000000000000033       0x34 obj/tower_gen_monitor_randReporter.o
 .comment       0x0000000000000033       0x34 obj/tower_state_monitor_rngPeripheral.o
 .comment       0x0000000000000033       0x34 obj/tower_gen_monitor_rngPeripheral.o
 .comment       0x0000000000000033       0x34 obj/tower_init.o
 .comment       0x0000000000000033       0x34 obj/stm32_main.o
 .comment       0x0000000000000033       0x34 obj/tower_time.o
 .comment       0x0000000000000033       0x34 obj/stm32_freertos_init.o
 .comment       0x0000000000000033       0x34 obj/stm32_freertos_user_assert.o
 .comment       0x0000000000000033       0x34 /usr/lib/gcc/arm-none-eabi/10.3.1/thumb/v7e-m+fp/hard/libgcc.a(_udivmoddi4.o)
 .comment       0x0000000000000033       0x34 /usr/lib/gcc/arm-none-eabi/10.3.1/../../../arm-none-eabi/lib/thumb/v7e-m+fp/hard/libc.a(lib_a-memcmp.o)
 .comment       0x0000000000000033       0x34 /usr/lib/gcc/arm-none-eabi/10.3.1/thumb/v7e-m+fp/hard/crtend.o

.ARM.attributes
                0x0000000000000000       0x30
 .ARM.attributes
                0x0000000000000000       0x1e /usr/lib/gcc/arm-none-eabi/10.3.1/thumb/v7e-m+fp/hard/crti.o
 .ARM.attributes
                0x000000000000001e       0x34 /usr/lib/gcc/arm-none-eabi/10.3.1/thumb/v7e-m+fp/hard/crtbegin.o
 .ARM.attributes
                0x0000000000000052       0x1c /usr/lib/gcc/arm-none-eabi/10.3.1/../../../arm-none-eabi/lib/thumb/v7e-m+fp/hard/crt0.o
 .ARM.attributes
                0x000000000000006e       0x34 obj/freertos_atomic_wrapper.o
 .ARM.attributes
                0x00000000000000a2       0x34 obj/freertos_semaphore_wrapper.o
 .ARM.attributes
                0x00000000000000d6       0x34 obj/freertos_mutex_wrapper.o
 .ARM.attributes
                0x000000000000010a       0x34 obj/freertos_task_wrapper.o
 .ARM.attributes
                0x000000000000013e       0x34 obj/freertos_time_wrapper.o
 .ARM.attributes
                0x0000000000000172       0x34 obj/list.o
 .ARM.attributes
                0x00000000000001a6       0x34 obj/queue.o
 .ARM.attributes
                0x00000000000001da       0x34 obj/tasks.o
 .ARM.attributes
                0x000000000000020e       0x39 obj/timers.o
 .ARM.attributes
                0x0000000000000247       0x34 obj/port.o
 .ARM.attributes
                0x000000000000027b       0x34 obj/heap_1.o
 .ARM.attributes
                0x00000000000002af       0x34 obj/syscalls.o
 .ARM.attributes
                0x00000000000002e3       0x39 obj/rngTestTypes.o
 .ARM.attributes
                0x000000000000031c       0x34 obj/tower_user_thread_signal_USART2_IRQHandler.o
 .ARM.attributes
                0x0000000000000350       0x34 obj/tower_gen_thread_signal_USART2_IRQHandler.o
 .ARM.attributes
                0x0000000000000384       0x34 obj/tower_user_thread_period_1ms.o
 .ARM.attributes
                0x00000000000003b8       0x34 obj/tower_gen_thread_period_1ms.o
 .ARM.attributes
                0x00000000000003ec       0x34 obj/tower_user_thread_period_5ms.o
 .ARM.attributes
                0x0000000000000420       0x34 obj/tower_gen_thread_period_5ms.o
 .ARM.attributes
                0x0000000000000454       0x34 obj/tower_user_thread_period_333ms.o
 .ARM.attributes
                0x0000000000000488       0x34 obj/tower_gen_thread_period_333ms.o
 .ARM.attributes
                0x00000000000004bc       0x34 obj/tower_user_thread_init.o
 .ARM.attributes
                0x00000000000004f0       0x34 obj/tower_gen_thread_init.o
 .ARM.attributes
                0x0000000000000524       0x39 obj/tower_state_monitor_blinker.o
 .ARM.attributes
                0x000000000000055d       0x34 obj/tower_gen_monitor_blinker.o
 .ARM.attributes
                0x0000000000000591       0x39 obj/tower_state_monitor_dma.o
 .ARM.attributes
                0x00000000000005ca       0x34 obj/tower_gen_monitor_dma.o
 .ARM.attributes
                0x00000000000005fe       0x39 obj/tower_state_monitor_led.o
 .ARM.attributes
                0x0000000000000637       0x34 obj/tower_gen_monitor_led.o
 .ARM.attributes
                0x000000000000066b       0x39 obj/tower_state_monitor_randReporter.o
 .ARM.attributes
                0x00000000000006a4       0x34 obj/tower_gen_monitor_randReporter.o
 .ARM.attributes
                0x00000000000006d8       0x39 obj/tower_state_monitor_rngPeripheral.o
 .ARM.attributes
                0x0000000000000711       0x34 obj/tower_gen_monitor_rngPeripheral.o
 .ARM.attributes
                0x0000000000000745       0x34 obj/tower_init.o
 .ARM.attributes
                0x0000000000000779       0x34 obj/stm32_main.o
 .ARM.attributes
                0x00000000000007ad       0x34 obj/tower_time.o
 .ARM.attributes
                0x00000000000007e1       0x34 obj/stm32_freertos_init.o
 .ARM.attributes
                0x0000000000000815       0x21 obj/vector_table.o
 .ARM.attributes
                0x0000000000000836       0x34 obj/stm32_freertos_user_assert.o
 .ARM.attributes
                0x000000000000086a       0x1e /usr/lib/gcc/arm-none-eabi/10.3.1/thumb/v7e-m+fp/hard/libgcc.a(_aeabi_ldivmod.o)
 .ARM.attributes
                0x0000000000000888       0x1e /usr/lib/gcc/arm-none-eabi/10.3.1/thumb/v7e-m+fp/hard/libgcc.a(_aeabi_uldivmod.o)
 .ARM.attributes
                0x00000000000008a6       0x34 /usr/lib/gcc/arm-none-eabi/10.3.1/thumb/v7e-m+fp/hard/libgcc.a(_udivmoddi4.o)
 .ARM.attributes
                0x00000000000008da       0x1e /usr/lib/gcc/arm-none-eabi/10.3.1/thumb/v7e-m+fp/hard/libgcc.a(_dvmd_tls.o)
 .ARM.attributes
                0x00000000000008f8       0x34 /usr/lib/gcc/arm-none-eabi/10.3.1/../../../arm-none-eabi/lib/thumb/v7e-m+fp/hard/libc.a(lib_a-memcmp.o)
 .ARM.attributes
                0x000000000000092c       0x1c /usr/lib/gcc/arm-none-eabi/10.3.1/../../../arm-none-eabi/lib/thumb/v7e-m+fp/hard/libc.a(lib_a-memcpy.o)
 .ARM.attributes
                0x0000000000000948       0x32 /usr/lib/gcc/arm-none-eabi/10.3.1/thumb/v7e-m+fp/hard/crtend.o
 .ARM.attributes
                0x000000000000097a       0x1e /usr/lib/gcc/arm-none-eabi/10.3.1/thumb/v7e-m+fp/hard/crtn.o

.debug_abbrev   0x0000000000000000     0x3a5e
 *(.debug_abbrev)
 .debug_abbrev  0x0000000000000000       0x14 /usr/lib/gcc/arm-none-eabi/10.3.1/../../../arm-none-eabi/lib/thumb/v7e-m+fp/hard/crt0.o
 .debug_abbrev  0x0000000000000014       0xb7 /usr/lib/gcc/arm-none-eabi/10.3.1/../../../arm-none-eabi/lib/thumb/v7e-m+fp/hard/libc.a(lib_a-atexit.o)
 .debug_abbrev  0x00000000000000cb      0x20c /usr/lib/gcc/arm-none-eabi/10.3.1/../../../arm-none-eabi/lib/thumb/v7e-m+fp/hard/libc.a(lib_a-exit.o)
 .debug_abbrev  0x00000000000002d7       0xcf /usr/lib/gcc/arm-none-eabi/10.3.1/../../../arm-none-eabi/lib/thumb/v7e-m+fp/hard/libc.a(lib_a-fini.o)
 .debug_abbrev  0x00000000000003a6      0x1b8 /usr/lib/gcc/arm-none-eabi/10.3.1/../../../arm-none-eabi/lib/thumb/v7e-m+fp/hard/libc.a(lib_a-impure.o)
 .debug_abbrev  0x000000000000055e       0xcc /usr/lib/gcc/arm-none-eabi/10.3.1/../../../arm-none-eabi/lib/thumb/v7e-m+fp/hard/libc.a(lib_a-init.o)
 .debug_abbrev  0x000000000000062a       0xb4 /usr/lib/gcc/arm-none-eabi/10.3.1/../../../arm-none-eabi/lib/thumb/v7e-m+fp/hard/libc.a(lib_a-memset.o)
 .debug_abbrev  0x00000000000006de      0x23f /usr/lib/gcc/arm-none-eabi/10.3.1/../../../arm-none-eabi/lib/thumb/v7e-m+fp/hard/libc.a(lib_a-__atexit.o)
 .debug_abbrev  0x000000000000091d      0x2b2 /usr/lib/gcc/arm-none-eabi/10.3.1/../../../arm-none-eabi/lib/thumb/v7e-m+fp/hard/libc.a(lib_a-__call_atexit.o)
 .debug_abbrev  0x0000000000000bcf       0x6a obj/freertos_atomic_wrapper.o
 .debug_abbrev  0x0000000000000c39      0x107 obj/freertos_semaphore_wrapper.o
 .debug_abbrev  0x0000000000000d40       0xeb obj/freertos_mutex_wrapper.o
 .debug_abbrev  0x0000000000000e2b      0x138 obj/freertos_task_wrapper.o
 .debug_abbrev  0x0000000000000f63       0xea obj/freertos_time_wrapper.o
 .debug_abbrev  0x000000000000104d      0x102 obj/list.o
 .debug_abbrev  0x000000000000114f      0x2fb obj/queue.o
 .debug_abbrev  0x000000000000144a      0x417 obj/tasks.o
 .debug_abbrev  0x0000000000001861       0x29 obj/timers.o
 .debug_abbrev  0x000000000000188a      0x256 obj/port.o
 .debug_abbrev  0x0000000000001ae0      0x175 obj/heap_1.o
 .debug_abbrev  0x0000000000001c55      0x17b obj/syscalls.o
 .debug_abbrev  0x0000000000001dd0       0x29 obj/rngTestTypes.o
 .debug_abbrev  0x0000000000001df9      0x1b8 obj/tower_user_thread_signal_USART2_IRQHandler.o
 .debug_abbrev  0x0000000000001fb1      0x1da obj/tower_gen_thread_signal_USART2_IRQHandler.o
 .debug_abbrev  0x000000000000218b      0x1a2 obj/tower_user_thread_period_1ms.o
 .debug_abbrev  0x000000000000232d      0x1a8 obj/tower_gen_thread_period_1ms.o
 .debug_abbrev  0x00000000000024d5      0x1ca obj/tower_user_thread_period_5ms.o
 .debug_abbrev  0x000000000000269f      0x1b9 obj/tower_gen_thread_period_5ms.o
 .debug_abbrev  0x0000000000002858      0x18d obj/tower_user_thread_period_333ms.o
 .debug_abbrev  0x00000000000029e5      0x196 obj/tower_gen_thread_period_333ms.o
 .debug_abbrev  0x0000000000002b7b      0x17d obj/tower_user_thread_init.o
 .debug_abbrev  0x0000000000002cf8      0x120 obj/tower_gen_thread_init.o
 .debug_abbrev  0x0000000000002e18       0x13 obj/tower_state_monitor_blinker.o
 .debug_abbrev  0x0000000000002e2b       0xd0 obj/tower_gen_monitor_blinker.o
 .debug_abbrev  0x0000000000002efb       0x8e obj/tower_state_monitor_dma.o
 .debug_abbrev  0x0000000000002f89       0xd0 obj/tower_gen_monitor_dma.o
 .debug_abbrev  0x0000000000003059       0x13 obj/tower_state_monitor_led.o
 .debug_abbrev  0x000000000000306c       0xd0 obj/tower_gen_monitor_led.o
 .debug_abbrev  0x000000000000313c       0x8e obj/tower_state_monitor_randReporter.o
 .debug_abbrev  0x00000000000031ca       0xd0 obj/tower_gen_monitor_randReporter.o
 .debug_abbrev  0x000000000000329a       0x13 obj/tower_state_monitor_rngPeripheral.o
 .debug_abbrev  0x00000000000032ad       0xd0 obj/tower_gen_monitor_rngPeripheral.o
 .debug_abbrev  0x000000000000337d       0xd9 obj/tower_init.o
 .debug_abbrev  0x0000000000003456      0x19d obj/stm32_main.o
 .debug_abbrev  0x00000000000035f3       0x99 obj/tower_time.o
 .debug_abbrev  0x000000000000368c      0x14d obj/stm32_freertos_init.o
 .debug_abbrev  0x00000000000037d9       0x14 obj/vector_table.o
 .debug_abbrev  0x00000000000037ed       0x31 obj/stm32_freertos_user_assert.o
 .debug_abbrev  0x000000000000381e       0x14 /usr/lib/gcc/arm-none-eabi/10.3.1/thumb/v7e-m+fp/hard/libgcc.a(_aeabi_ldivmod.o)
 .debug_abbrev  0x0000000000003832       0x14 /usr/lib/gcc/arm-none-eabi/10.3.1/thumb/v7e-m+fp/hard/libgcc.a(_aeabi_uldivmod.o)
 .debug_abbrev  0x0000000000003846      0x163 /usr/lib/gcc/arm-none-eabi/10.3.1/thumb/v7e-m+fp/hard/libgcc.a(_udivmoddi4.o)
 .debug_abbrev  0x00000000000039a9       0x14 /usr/lib/gcc/arm-none-eabi/10.3.1/thumb/v7e-m+fp/hard/libgcc.a(_dvmd_tls.o)
 .debug_abbrev  0x00000000000039bd       0x8d /usr/lib/gcc/arm-none-eabi/10.3.1/../../../arm-none-eabi/lib/thumb/v7e-m+fp/hard/libc.a(lib_a-memcmp.o)
 .debug_abbrev  0x0000000000003a4a       0x14 /usr/lib/gcc/arm-none-eabi/10.3.1/../../../arm-none-eabi/lib/thumb/v7e-m+fp/hard/libc.a(lib_a-memcpy.o)

.debug_info     0x0000000000000000     0xd7b4
 *(.debug_info)
 .debug_info    0x0000000000000000       0x26 /usr/lib/gcc/arm-none-eabi/10.3.1/../../../arm-none-eabi/lib/thumb/v7e-m+fp/hard/crt0.o
 .debug_info    0x0000000000000026      0x100 /usr/lib/gcc/arm-none-eabi/10.3.1/../../../arm-none-eabi/lib/thumb/v7e-m+fp/hard/libc.a(lib_a-atexit.o)
 .debug_info    0x0000000000000126      0x969 /usr/lib/gcc/arm-none-eabi/10.3.1/../../../arm-none-eabi/lib/thumb/v7e-m+fp/hard/libc.a(lib_a-exit.o)
 .debug_info    0x0000000000000a8f      0x102 /usr/lib/gcc/arm-none-eabi/10.3.1/../../../arm-none-eabi/lib/thumb/v7e-m+fp/hard/libc.a(lib_a-fini.o)
 .debug_info    0x0000000000000b91      0x92a /usr/lib/gcc/arm-none-eabi/10.3.1/../../../arm-none-eabi/lib/thumb/v7e-m+fp/hard/libc.a(lib_a-impure.o)
 .debug_info    0x00000000000014bb      0x11a /usr/lib/gcc/arm-none-eabi/10.3.1/../../../arm-none-eabi/lib/thumb/v7e-m+fp/hard/libc.a(lib_a-init.o)
 .debug_info    0x00000000000015d5      0x137 /usr/lib/gcc/arm-none-eabi/10.3.1/../../../arm-none-eabi/lib/thumb/v7e-m+fp/hard/libc.a(lib_a-memset.o)
 .debug_info    0x000000000000170c      0x9b0 /usr/lib/gcc/arm-none-eabi/10.3.1/../../../arm-none-eabi/lib/thumb/v7e-m+fp/hard/libc.a(lib_a-__atexit.o)
 .debug_info    0x00000000000020bc      0xa3d /usr/lib/gcc/arm-none-eabi/10.3.1/../../../arm-none-eabi/lib/thumb/v7e-m+fp/hard/libc.a(lib_a-__call_atexit.o)
 .debug_info    0x0000000000002af9       0xc8 obj/freertos_atomic_wrapper.o
 .debug_info    0x0000000000002bc1      0x270 obj/freertos_semaphore_wrapper.o
 .debug_info    0x0000000000002e31      0x1f6 obj/freertos_mutex_wrapper.o
 .debug_info    0x0000000000003027      0x1f6 obj/freertos_task_wrapper.o
 .debug_info    0x000000000000321d      0x189 obj/freertos_time_wrapper.o
 .debug_info    0x00000000000033a6      0x2c6 obj/list.o
 .debug_info    0x000000000000366c     0x1642 obj/queue.o
 .debug_info    0x0000000000004cae     0x25be obj/tasks.o
 .debug_info    0x000000000000726c       0x6f obj/timers.o
 .debug_info    0x00000000000072db      0x50a obj/port.o
 .debug_info    0x00000000000077e5      0x1dc obj/heap_1.o
 .debug_info    0x00000000000079c1      0x4d7 obj/syscalls.o
 .debug_info    0x0000000000007e98       0x7d obj/rngTestTypes.o
 .debug_info    0x0000000000007f15      0x574 obj/tower_user_thread_signal_USART2_IRQHandler.o
 .debug_info    0x0000000000008489      0x407 obj/tower_gen_thread_signal_USART2_IRQHandler.o
 .debug_info    0x0000000000008890      0x437 obj/tower_user_thread_period_1ms.o
 .debug_info    0x0000000000008cc7      0x41c obj/tower_gen_thread_period_1ms.o
 .debug_info    0x00000000000090e3      0x4b5 obj/tower_user_thread_period_5ms.o
 .debug_info    0x0000000000009598      0x52a obj/tower_gen_thread_period_5ms.o
 .debug_info    0x0000000000009ac2      0x383 obj/tower_user_thread_period_333ms.o
 .debug_info    0x0000000000009e45      0x39b obj/tower_gen_thread_period_333ms.o
 .debug_info    0x000000000000a1e0      0xea5 obj/tower_user_thread_init.o
 .debug_info    0x000000000000b085      0x2eb obj/tower_gen_thread_init.o
 .debug_info    0x000000000000b370       0x21 obj/tower_state_monitor_blinker.o
 .debug_info    0x000000000000b391      0x174 obj/tower_gen_monitor_blinker.o
 .debug_info    0x000000000000b505      0x141 obj/tower_state_monitor_dma.o
 .debug_info    0x000000000000b646      0x174 obj/tower_gen_monitor_dma.o
 .debug_info    0x000000000000b7ba       0x21 obj/tower_state_monitor_led.o
 .debug_info    0x000000000000b7db      0x174 obj/tower_gen_monitor_led.o
 .debug_info    0x000000000000b94f      0x108 obj/tower_state_monitor_randReporter.o
 .debug_info    0x000000000000ba57      0x174 obj/tower_gen_monitor_randReporter.o
 .debug_info    0x000000000000bbcb       0x21 obj/tower_state_monitor_rngPeripheral.o
 .debug_info    0x000000000000bbec      0x174 obj/tower_gen_monitor_rngPeripheral.o
 .debug_info    0x000000000000bd60      0x221 obj/tower_init.o
 .debug_info    0x000000000000bf81      0xb46 obj/stm32_main.o
 .debug_info    0x000000000000cac7      0x158 obj/tower_time.o
 .debug_info    0x000000000000cc1f      0x24c obj/stm32_freertos_init.o
 .debug_info    0x000000000000ce6b       0x26 obj/vector_table.o
 .debug_info    0x000000000000ce91       0x3c obj/stm32_freertos_user_assert.o
 .debug_info    0x000000000000cecd       0x26 /usr/lib/gcc/arm-none-eabi/10.3.1/thumb/v7e-m+fp/hard/libgcc.a(_aeabi_ldivmod.o)
 .debug_info    0x000000000000cef3       0x26 /usr/lib/gcc/arm-none-eabi/10.3.1/thumb/v7e-m+fp/hard/libgcc.a(_aeabi_uldivmod.o)
 .debug_info    0x000000000000cf19      0x717 /usr/lib/gcc/arm-none-eabi/10.3.1/thumb/v7e-m+fp/hard/libgcc.a(_udivmoddi4.o)
 .debug_info    0x000000000000d630       0x26 /usr/lib/gcc/arm-none-eabi/10.3.1/thumb/v7e-m+fp/hard/libgcc.a(_dvmd_tls.o)
 .debug_info    0x000000000000d656      0x138 /usr/lib/gcc/arm-none-eabi/10.3.1/../../../arm-none-eabi/lib/thumb/v7e-m+fp/hard/libc.a(lib_a-memcmp.o)
 .debug_info    0x000000000000d78e       0x26 /usr/lib/gcc/arm-none-eabi/10.3.1/../../../arm-none-eabi/lib/thumb/v7e-m+fp/hard/libc.a(lib_a-memcpy.o)

.debug_line     0x0000000000000000     0xc661
 *(.debug_line)
 .debug_line    0x0000000000000000       0x87 /usr/lib/gcc/arm-none-eabi/10.3.1/../../../arm-none-eabi/lib/thumb/v7e-m+fp/hard/crt0.o
 .debug_line    0x0000000000000087       0xc0 /usr/lib/gcc/arm-none-eabi/10.3.1/../../../arm-none-eabi/lib/thumb/v7e-m+fp/hard/libc.a(lib_a-atexit.o)
 .debug_line    0x0000000000000147      0x179 /usr/lib/gcc/arm-none-eabi/10.3.1/../../../arm-none-eabi/lib/thumb/v7e-m+fp/hard/libc.a(lib_a-exit.o)
 .debug_line    0x00000000000002c0       0xed /usr/lib/gcc/arm-none-eabi/10.3.1/../../../arm-none-eabi/lib/thumb/v7e-m+fp/hard/libc.a(lib_a-fini.o)
 .debug_line    0x00000000000003ad       0xe4 /usr/lib/gcc/arm-none-eabi/10.3.1/../../../arm-none-eabi/lib/thumb/v7e-m+fp/hard/libc.a(lib_a-impure.o)
 .debug_line    0x0000000000000491      0x138 /usr/lib/gcc/arm-none-eabi/10.3.1/../../../arm-none-eabi/lib/thumb/v7e-m+fp/hard/libc.a(lib_a-init.o)
 .debug_line    0x00000000000005c9      0x1bf /usr/lib/gcc/arm-none-eabi/10.3.1/../../../arm-none-eabi/lib/thumb/v7e-m+fp/hard/libc.a(lib_a-memset.o)
 .debug_line    0x0000000000000788      0x19e /usr/lib/gcc/arm-none-eabi/10.3.1/../../../arm-none-eabi/lib/thumb/v7e-m+fp/hard/libc.a(lib_a-__atexit.o)
 .debug_line    0x0000000000000926      0x28d /usr/lib/gcc/arm-none-eabi/10.3.1/../../../arm-none-eabi/lib/thumb/v7e-m+fp/hard/libc.a(lib_a-__call_atexit.o)
 .debug_line    0x0000000000000bb3      0x133 obj/freertos_atomic_wrapper.o
 .debug_line    0x0000000000000ce6      0x252 obj/freertos_semaphore_wrapper.o
 .debug_line    0x0000000000000f38      0x1fa obj/freertos_mutex_wrapper.o
 .debug_line    0x0000000000001132      0x323 obj/freertos_task_wrapper.o
 .debug_line    0x0000000000001455      0x16c obj/freertos_time_wrapper.o
 .debug_line    0x00000000000015c1      0x35a obj/list.o
 .debug_line    0x000000000000191b     0x11ec obj/queue.o
 .debug_line    0x0000000000002b07     0x1f4d obj/tasks.o
 .debug_line    0x0000000000004a54      0x21b obj/timers.o
 .debug_line    0x0000000000004c6f      0x47f obj/port.o
 .debug_line    0x00000000000050ee      0x2e0 obj/heap_1.o
 .debug_line    0x00000000000053ce      0x2eb obj/syscalls.o
 .debug_line    0x00000000000056b9      0x221 obj/rngTestTypes.o
 .debug_line    0x00000000000058da      0x5fc obj/tower_user_thread_signal_USART2_IRQHandler.o
 .debug_line    0x0000000000005ed6      0x56e obj/tower_gen_thread_signal_USART2_IRQHandler.o
 .debug_line    0x0000000000006444      0x731 obj/tower_user_thread_period_1ms.o
 .debug_line    0x0000000000006b75      0x52a obj/tower_gen_thread_period_1ms.o
 .debug_line    0x000000000000709f      0x5c7 obj/tower_user_thread_period_5ms.o
 .debug_line    0x0000000000007666      0x5d0 obj/tower_gen_thread_period_5ms.o
 .debug_line    0x0000000000007c36      0x511 obj/tower_user_thread_period_333ms.o
 .debug_line    0x0000000000008147      0x51a obj/tower_gen_thread_period_333ms.o
 .debug_line    0x0000000000008661      0x9fd obj/tower_user_thread_init.o
 .debug_line    0x000000000000905e      0x47a obj/tower_gen_thread_init.o
 .debug_line    0x00000000000094d8       0x3e obj/tower_state_monitor_blinker.o
 .debug_line    0x0000000000009516      0x329 obj/tower_gen_monitor_blinker.o
 .debug_line    0x000000000000983f      0x25e obj/tower_state_monitor_dma.o
 .debug_line    0x0000000000009a9d      0x321 obj/tower_gen_monitor_dma.o
 .debug_line    0x0000000000009dbe       0x3a obj/tower_state_monitor_led.o
 .debug_line    0x0000000000009df8      0x321 obj/tower_gen_monitor_led.o
 .debug_line    0x000000000000a119      0x25b obj/tower_state_monitor_randReporter.o
 .debug_line    0x000000000000a374      0x333 obj/tower_gen_monitor_randReporter.o
 .debug_line    0x000000000000a6a7       0x44 obj/tower_state_monitor_rngPeripheral.o
 .debug_line    0x000000000000a6eb      0x335 obj/tower_gen_monitor_rngPeripheral.o
 .debug_line    0x000000000000aa20      0x62c obj/tower_init.o
 .debug_line    0x000000000000b04c      0x65f obj/stm32_main.o
 .debug_line    0x000000000000b6ab      0x26f obj/tower_time.o
 .debug_line    0x000000000000b91a      0x392 obj/stm32_freertos_init.o
 .debug_line    0x000000000000bcac       0x3e obj/vector_table.o
 .debug_line    0x000000000000bcea       0x53 obj/stm32_freertos_user_assert.o
 .debug_line    0x000000000000bd3d       0x7e /usr/lib/gcc/arm-none-eabi/10.3.1/thumb/v7e-m+fp/hard/libgcc.a(_aeabi_ldivmod.o)
 .debug_line    0x000000000000bdbb       0x60 /usr/lib/gcc/arm-none-eabi/10.3.1/thumb/v7e-m+fp/hard/libgcc.a(_aeabi_uldivmod.o)
 .debug_line    0x000000000000be1b      0x5ae /usr/lib/gcc/arm-none-eabi/10.3.1/thumb/v7e-m+fp/hard/libgcc.a(_udivmoddi4.o)
 .debug_line    0x000000000000c3c9       0x60 /usr/lib/gcc/arm-none-eabi/10.3.1/thumb/v7e-m+fp/hard/libgcc.a(_dvmd_tls.o)
 .debug_line    0x000000000000c429      0x17a /usr/lib/gcc/arm-none-eabi/10.3.1/../../../arm-none-eabi/lib/thumb/v7e-m+fp/hard/libc.a(lib_a-memcmp.o)
 .debug_line    0x000000000000c5a3       0xbe /usr/lib/gcc/arm-none-eabi/10.3.1/../../../arm-none-eabi/lib/thumb/v7e-m+fp/hard/libc.a(lib_a-memcpy.o)

.debug_pubnames
 *(.debug_pubnames)

.debug_aranges  0x0000000000000000      0x690
 *(.debug_aranges)
 .debug_aranges
                0x0000000000000000       0x20 /usr/lib/gcc/arm-none-eabi/10.3.1/../../../arm-none-eabi/lib/thumb/v7e-m+fp/hard/crt0.o
 .debug_aranges
                0x0000000000000020       0x20 /usr/lib/gcc/arm-none-eabi/10.3.1/../../../arm-none-eabi/lib/thumb/v7e-m+fp/hard/libc.a(lib_a-atexit.o)
 .debug_aranges
                0x0000000000000040       0x20 /usr/lib/gcc/arm-none-eabi/10.3.1/../../../arm-none-eabi/lib/thumb/v7e-m+fp/hard/libc.a(lib_a-exit.o)
 .debug_aranges
                0x0000000000000060       0x20 /usr/lib/gcc/arm-none-eabi/10.3.1/../../../arm-none-eabi/lib/thumb/v7e-m+fp/hard/libc.a(lib_a-fini.o)
 .debug_aranges
                0x0000000000000080       0x18 /usr/lib/gcc/arm-none-eabi/10.3.1/../../../arm-none-eabi/lib/thumb/v7e-m+fp/hard/libc.a(lib_a-impure.o)
 .debug_aranges
                0x0000000000000098       0x20 /usr/lib/gcc/arm-none-eabi/10.3.1/../../../arm-none-eabi/lib/thumb/v7e-m+fp/hard/libc.a(lib_a-init.o)
 .debug_aranges
                0x00000000000000b8       0x20 /usr/lib/gcc/arm-none-eabi/10.3.1/../../../arm-none-eabi/lib/thumb/v7e-m+fp/hard/libc.a(lib_a-memset.o)
 .debug_aranges
                0x00000000000000d8       0x20 /usr/lib/gcc/arm-none-eabi/10.3.1/../../../arm-none-eabi/lib/thumb/v7e-m+fp/hard/libc.a(lib_a-__atexit.o)
 .debug_aranges
                0x00000000000000f8       0x28 /usr/lib/gcc/arm-none-eabi/10.3.1/../../../arm-none-eabi/lib/thumb/v7e-m+fp/hard/libc.a(lib_a-__call_atexit.o)
 .debug_aranges
                0x0000000000000120       0x20 obj/freertos_atomic_wrapper.o
 .debug_aranges
                0x0000000000000140       0x20 obj/freertos_semaphore_wrapper.o
 .debug_aranges
                0x0000000000000160       0x20 obj/freertos_mutex_wrapper.o
 .debug_aranges
                0x0000000000000180       0x20 obj/freertos_task_wrapper.o
 .debug_aranges
                0x00000000000001a0       0x20 obj/freertos_time_wrapper.o
 .debug_aranges
                0x00000000000001c0       0x20 obj/list.o
 .debug_aranges
                0x00000000000001e0       0x20 obj/queue.o
 .debug_aranges
                0x0000000000000200       0x20 obj/tasks.o
 .debug_aranges
                0x0000000000000220       0x18 obj/timers.o
 .debug_aranges
                0x0000000000000238       0x20 obj/port.o
 .debug_aranges
                0x0000000000000258       0x20 obj/heap_1.o
 .debug_aranges
                0x0000000000000278       0x20 obj/syscalls.o
 .debug_aranges
                0x0000000000000298       0x18 obj/rngTestTypes.o
 .debug_aranges
                0x00000000000002b0       0x20 obj/tower_user_thread_signal_USART2_IRQHandler.o
 .debug_aranges
                0x00000000000002d0       0x20 obj/tower_gen_thread_signal_USART2_IRQHandler.o
 .debug_aranges
                0x00000000000002f0       0x20 obj/tower_user_thread_period_1ms.o
 .debug_aranges
                0x0000000000000310       0x20 obj/tower_gen_thread_period_1ms.o
 .debug_aranges
                0x0000000000000330       0x20 obj/tower_user_thread_period_5ms.o
 .debug_aranges
                0x0000000000000350       0x20 obj/tower_gen_thread_period_5ms.o
 .debug_aranges
                0x0000000000000370       0x20 obj/tower_user_thread_period_333ms.o
 .debug_aranges
                0x0000000000000390       0x20 obj/tower_gen_thread_period_333ms.o
 .debug_aranges
                0x00000000000003b0       0x20 obj/tower_user_thread_init.o
 .debug_aranges
                0x00000000000003d0       0x20 obj/tower_gen_thread_init.o
 .debug_aranges
                0x00000000000003f0       0x18 obj/tower_state_monitor_blinker.o
 .debug_aranges
                0x0000000000000408       0x20 obj/tower_gen_monitor_blinker.o
 .debug_aranges
                0x0000000000000428       0x18 obj/tower_state_monitor_dma.o
 .debug_aranges
                0x0000000000000440       0x20 obj/tower_gen_monitor_dma.o
 .debug_aranges
                0x0000000000000460       0x18 obj/tower_state_monitor_led.o
 .debug_aranges
                0x0000000000000478       0x20 obj/tower_gen_monitor_led.o
 .debug_aranges
                0x0000000000000498       0x18 obj/tower_state_monitor_randReporter.o
 .debug_aranges
                0x00000000000004b0       0x20 obj/tower_gen_monitor_randReporter.o
 .debug_aranges
                0x00000000000004d0       0x18 obj/tower_state_monitor_rngPeripheral.o
 .debug_aranges
                0x00000000000004e8       0x20 obj/tower_gen_monitor_rngPeripheral.o
 .debug_aranges
                0x0000000000000508       0x20 obj/tower_init.o
 .debug_aranges
                0x0000000000000528       0x20 obj/stm32_main.o
 .debug_aranges
                0x0000000000000548       0x20 obj/tower_time.o
 .debug_aranges
                0x0000000000000568       0x28 obj/stm32_freertos_init.o
 .debug_aranges
                0x0000000000000590       0x20 obj/vector_table.o
 .debug_aranges
                0x00000000000005b0       0x20 obj/stm32_freertos_user_assert.o
 .debug_aranges
                0x00000000000005d0       0x20 /usr/lib/gcc/arm-none-eabi/10.3.1/thumb/v7e-m+fp/hard/libgcc.a(_aeabi_ldivmod.o)
 .debug_aranges
                0x00000000000005f0       0x20 /usr/lib/gcc/arm-none-eabi/10.3.1/thumb/v7e-m+fp/hard/libgcc.a(_aeabi_uldivmod.o)
 .debug_aranges
                0x0000000000000610       0x20 /usr/lib/gcc/arm-none-eabi/10.3.1/thumb/v7e-m+fp/hard/libgcc.a(_udivmoddi4.o)
 .debug_aranges
                0x0000000000000630       0x20 /usr/lib/gcc/arm-none-eabi/10.3.1/thumb/v7e-m+fp/hard/libgcc.a(_dvmd_tls.o)
 .debug_aranges
                0x0000000000000650       0x20 /usr/lib/gcc/arm-none-eabi/10.3.1/../../../arm-none-eabi/lib/thumb/v7e-m+fp/hard/libc.a(lib_a-memcmp.o)
 .debug_aranges
                0x0000000000000670       0x20 /usr/lib/gcc/arm-none-eabi/10.3.1/../../../arm-none-eabi/lib/thumb/v7e-m+fp/hard/libc.a(lib_a-memcpy.o)

/DISCARD/
 libc.a(*)
 libm.a(*)
 libgcc.a(*)
LOAD obj/freertos_atomic_wrapper.o
LOAD obj/freertos_semaphore_wrapper.o
LOAD obj/freertos_mutex_wrapper.o
LOAD obj/freertos_task_wrapper.o
LOAD obj/freertos_time_wrapper.o
LOAD obj/list.o
LOAD obj/queue.o
LOAD obj/tasks.o
LOAD obj/timers.o
LOAD obj/port.o
LOAD obj/heap_1.o
LOAD obj/syscalls.o
LOAD obj/rngTestTypes.o
LOAD obj/tower_user_thread_signal_USART2_IRQHandler.o
LOAD obj/tower_gen_thread_signal_USART2_IRQHandler.o
LOAD obj/tower_user_thread_period_1ms.o
LOAD obj/tower_gen_thread_period_1ms.o
LOAD obj/tower_user_thread_period_5ms.o
LOAD obj/tower_gen_thread_period_5ms.o
LOAD obj/tower_user_thread_period_333ms.o
LOAD obj/tower_gen_thread_period_333ms.o
LOAD obj/tower_user_thread_init.o
LOAD obj/tower_gen_thread_init.o
LOAD obj/tower_state_monitor_blinker.o
LOAD obj/tower_gen_monitor_blinker.o
LOAD obj/tower_state_monitor_dma.o
LOAD obj/tower_gen_monitor_dma.o
LOAD obj/tower_state_monitor_led.o
LOAD obj/tower_gen_monitor_led.o
LOAD obj/tower_state_monitor_randReporter.o
LOAD obj/tower_gen_monitor_randReporter.o
LOAD obj/tower_state_monitor_rngPeripheral.o
LOAD obj/tower_gen_monitor_rngPeripheral.o
LOAD obj/tower_init.o
LOAD obj/stm32_main.o
LOAD obj/tower_time.o
LOAD obj/stm32_freertos_init.o
LOAD obj/vector_table.o
LOAD obj/stm32_freertos_user_assert.o
LOAD /usr/lib/gcc/arm-none-eabi/10.3.1/../../../arm-none-eabi/lib/thumb/v7e-m+fp/hard/libm.a
START GROUP
LOAD /usr/lib/gcc/arm-none-eabi/10.3.1/thumb/v7e-m+fp/hard/libgcc.a
LOAD /usr/lib/gcc/arm-none-eabi/10.3.1/../../../arm-none-eabi/lib/thumb/v7e-m+fp/hard/libc.a
END GROUP
LOAD /usr/lib/gcc/arm-none-eabi/10.3.1/thumb/v7e-m+fp/hard/crtend.o
LOAD /usr/lib/gcc/arm-none-eabi/10.3.1/thumb/v7e-m+fp/hard/crtn.o
OUTPUT(image elf32-littlearm)
LOAD linker stubs
LOAD /usr/lib/gcc/arm-none-eabi/10.3.1/../../../arm-none-eabi/lib/thumb/v7e-m+fp/hard/libc.a
LOAD /usr/lib/gcc/arm-none-eabi/10.3.1/../../../arm-none-eabi/lib/thumb/v7e-m+fp/hard/libm.a
LOAD /usr/lib/gcc/arm-none-eabi/10.3.1/thumb/v7e-m+fp/hard/libgcc.a

.debug_str      0x0000000000000000    0x1190d
 .debug_str     0x0000000000000000       0x98 /usr/lib/gcc/arm-none-eabi/10.3.1/../../../arm-none-eabi/lib/thumb/v7e-m+fp/hard/crt0.o
 .debug_str     0x0000000000000098     0x5bb8 obj/freertos_atomic_wrapper.o
                                       0x5d8a (size before relaxing)
 .debug_str     0x0000000000005c50     0x1405 obj/freertos_semaphore_wrapper.o
                                       0x7174 (size before relaxing)
 .debug_str     0x0000000000007055       0xb6 obj/freertos_mutex_wrapper.o
                                       0x70d8 (size before relaxing)
 .debug_str     0x000000000000710b     0x4906 obj/freertos_task_wrapper.o
                                       0xa7d9 (size before relaxing)
 .debug_str     0x000000000000ba11       0xf3 obj/freertos_time_wrapper.o
                                       0x698b (size before relaxing)
 .debug_str     0x000000000000bb04      0x1ff obj/list.o
                                       0x911e (size before relaxing)
 .debug_str     0x000000000000bd03      0x705 obj/queue.o
                                       0xa6d2 (size before relaxing)
 .debug_str     0x000000000000c408     0x1972 obj/tasks.o
                                       0xb191 (size before relaxing)
 .debug_str     0x000000000000dd7a        0x9 obj/timers.o
                                       0xa5de (size before relaxing)
 .debug_str     0x000000000000dd83      0x67e obj/port.o
                                       0x7099 (size before relaxing)
 .debug_str     0x000000000000e401       0xb5 obj/heap_1.o
                                       0x9533 (size before relaxing)
 .debug_str     0x000000000000e4b6     0x185d obj/syscalls.o
                                       0x740c (size before relaxing)
 .debug_str     0x000000000000fd13       0x23 obj/rngTestTypes.o
                                       0x78f8 (size before relaxing)
 .debug_str     0x000000000000fd36      0x37e obj/tower_user_thread_signal_USART2_IRQHandler.o
                                       0xb15c (size before relaxing)
 .debug_str     0x00000000000100b4      0x1ec obj/tower_gen_thread_signal_USART2_IRQHandler.o
                                       0xb27e (size before relaxing)
 .debug_str     0x00000000000102a0      0x171 obj/tower_user_thread_period_1ms.o
                                       0xb0d8 (size before relaxing)
 .debug_str     0x0000000000010411      0x101 obj/tower_gen_thread_period_1ms.o
                                       0xb1a3 (size before relaxing)
 .debug_str     0x0000000000010512      0x1e6 obj/tower_user_thread_period_5ms.o
                                       0xb13c (size before relaxing)
 .debug_str     0x00000000000106f8      0x1ae obj/tower_gen_thread_period_5ms.o
                                       0xb307 (size before relaxing)
 .debug_str     0x00000000000108a6      0x194 obj/tower_user_thread_period_333ms.o
                                       0xafc7 (size before relaxing)
 .debug_str     0x0000000000010a3a      0x13d obj/tower_gen_thread_period_333ms.o
                                       0xb11f (size before relaxing)
 .debug_str     0x0000000000010b77      0x198 obj/tower_user_thread_init.o
                                       0xb0b5 (size before relaxing)
 .debug_str     0x0000000000010d0f       0xb0 obj/tower_gen_thread_init.o
                                       0xb04d (size before relaxing)
 .debug_str     0x0000000000010dbf       0x1e obj/tower_state_monitor_blinker.o
                                       0x2ce8 (size before relaxing)
 .debug_str     0x0000000000010ddd       0x31 obj/tower_gen_monitor_blinker.o
                                       0xae49 (size before relaxing)
 .debug_str     0x0000000000010e0e       0x1a obj/tower_state_monitor_dma.o
                                       0x79e0 (size before relaxing)
 .debug_str     0x0000000000010e28       0x29 obj/tower_gen_monitor_dma.o
                                       0xae31 (size before relaxing)
 .debug_str     0x0000000000010e51       0x1a obj/tower_state_monitor_led.o
                                       0x2ce4 (size before relaxing)
 .debug_str     0x0000000000010e6b       0x29 obj/tower_gen_monitor_led.o
                                       0xae31 (size before relaxing)
 .debug_str     0x0000000000010e94       0x23 obj/tower_state_monitor_randReporter.o
                                       0x79af (size before relaxing)
 .debug_str     0x0000000000010eb7       0x3b obj/tower_gen_monitor_randReporter.o
                                       0xae67 (size before relaxing)
 .debug_str     0x0000000000010ef2       0x24 obj/tower_state_monitor_rngPeripheral.o
                                       0x2cee (size before relaxing)
 .debug_str     0x0000000000010f16       0x3d obj/tower_gen_monitor_rngPeripheral.o
                                       0xae6d (size before relaxing)
 .debug_str     0x0000000000010f53       0x2b obj/tower_init.o
                                       0xb215 (size before relaxing)
 .debug_str     0x0000000000010f7e       0xfd obj/stm32_main.o
                                       0x7ad0 (size before relaxing)
 .debug_str     0x000000000001107b       0x2a obj/tower_time.o
                                       0x79aa (size before relaxing)
 .debug_str     0x00000000000110a5       0x79 obj/stm32_freertos_init.o
                                       0xa826 (size before relaxing)
 .debug_str     0x000000000001111e       0x1b obj/vector_table.o
                                         0x6d (size before relaxing)
 .debug_str     0x0000000000011139       0x1d obj/stm32_freertos_user_assert.o
                                       0x2cfe (size before relaxing)
 .debug_str     0x0000000000011156       0x9a /usr/lib/gcc/arm-none-eabi/10.3.1/thumb/v7e-m+fp/hard/libgcc.a(_aeabi_ldivmod.o)
                                         0xa6 (size before relaxing)
 .debug_str     0x00000000000111f0       0xa6 /usr/lib/gcc/arm-none-eabi/10.3.1/thumb/v7e-m+fp/hard/libgcc.a(_aeabi_uldivmod.o)
 .debug_str     0x00000000000111f0      0x544 /usr/lib/gcc/arm-none-eabi/10.3.1/thumb/v7e-m+fp/hard/libgcc.a(_udivmoddi4.o)
                                        0x647 (size before relaxing)
 .debug_str     0x0000000000011734       0x30 /usr/lib/gcc/arm-none-eabi/10.3.1/thumb/v7e-m+fp/hard/libgcc.a(_dvmd_tls.o)
                                         0xaa (size before relaxing)
 .debug_str     0x0000000000011764      0x104 /usr/lib/gcc/arm-none-eabi/10.3.1/../../../arm-none-eabi/lib/thumb/v7e-m+fp/hard/libc.a(lib_a-memcmp.o)
                                        0x1a7 (size before relaxing)
 .debug_str     0x0000000000011868       0xa5 /usr/lib/gcc/arm-none-eabi/10.3.1/../../../arm-none-eabi/lib/thumb/v7e-m+fp/hard/libc.a(lib_a-memcpy.o)
                                         0xb1 (size before relaxing)

.debug_macro    0x0000000000000000     0x67f9
 .debug_macro   0x0000000000000000       0x79 obj/freertos_atomic_wrapper.o
 .debug_macro   0x0000000000000079      0xa78 obj/freertos_atomic_wrapper.o
 .debug_macro   0x0000000000000af1      0x16d obj/freertos_atomic_wrapper.o
 .debug_macro   0x0000000000000c5e      0x34e obj/freertos_atomic_wrapper.o
 .debug_macro   0x0000000000000fac      0x113 obj/freertos_atomic_wrapper.o
 .debug_macro   0x00000000000010bf       0x52 obj/freertos_atomic_wrapper.o
 .debug_macro   0x0000000000001111       0xe4 obj/freertos_atomic_wrapper.o
 .debug_macro   0x00000000000011f5       0x10 obj/freertos_atomic_wrapper.o
 .debug_macro   0x0000000000001205       0x1f obj/freertos_atomic_wrapper.o
 .debug_macro   0x0000000000001224      0x38b obj/freertos_atomic_wrapper.o
 .debug_macro   0x00000000000015af       0x9a obj/freertos_semaphore_wrapper.o
 .debug_macro   0x0000000000001649       0x2e obj/freertos_semaphore_wrapper.o
 .debug_macro   0x0000000000001677       0xb0 obj/freertos_semaphore_wrapper.o
 .debug_macro   0x0000000000001727       0x7f obj/freertos_semaphore_wrapper.o
 .debug_macro   0x00000000000017a6       0x9a obj/freertos_mutex_wrapper.o
 .debug_macro   0x0000000000001840      0x1b2 obj/freertos_task_wrapper.o
 .debug_macro   0x00000000000019f2       0xc0 obj/freertos_task_wrapper.o
 .debug_macro   0x0000000000001ab2       0x70 obj/freertos_task_wrapper.o
 .debug_macro   0x0000000000001b22       0x22 obj/freertos_task_wrapper.o
 .debug_macro   0x0000000000001b44       0x52 obj/freertos_task_wrapper.o
 .debug_macro   0x0000000000001b96       0x18 obj/freertos_task_wrapper.o
 .debug_macro   0x0000000000001bae       0x94 obj/freertos_task_wrapper.o
 .debug_macro   0x0000000000001c42       0x35 obj/freertos_task_wrapper.o
 .debug_macro   0x0000000000001c77       0x34 obj/freertos_task_wrapper.o
 .debug_macro   0x0000000000001cab       0x16 obj/freertos_task_wrapper.o
 .debug_macro   0x0000000000001cc1       0x43 obj/freertos_task_wrapper.o
 .debug_macro   0x0000000000001d04       0x57 obj/freertos_task_wrapper.o
 .debug_macro   0x0000000000001d5b       0x34 obj/freertos_task_wrapper.o
 .debug_macro   0x0000000000001d8f       0x10 obj/freertos_task_wrapper.o
 .debug_macro   0x0000000000001d9f       0x52 obj/freertos_task_wrapper.o
 .debug_macro   0x0000000000001df1      0x182 obj/freertos_task_wrapper.o
 .debug_macro   0x0000000000001f73      0x356 obj/freertos_task_wrapper.o
 .debug_macro   0x00000000000022c9      0x1a9 obj/freertos_task_wrapper.o
 .debug_macro   0x0000000000002472       0x16 obj/freertos_task_wrapper.o
 .debug_macro   0x0000000000002488       0x35 obj/freertos_task_wrapper.o
 .debug_macro   0x00000000000024bd      0x10c obj/freertos_task_wrapper.o
 .debug_macro   0x00000000000025c9       0x22 obj/freertos_task_wrapper.o
 .debug_macro   0x00000000000025eb       0x5e obj/freertos_task_wrapper.o
 .debug_macro   0x0000000000002649      0x188 obj/freertos_task_wrapper.o
 .debug_macro   0x00000000000027d1       0x91 obj/freertos_time_wrapper.o
 .debug_macro   0x0000000000002862      0x156 obj/list.o
 .debug_macro   0x00000000000029b8       0x16 obj/list.o
 .debug_macro   0x00000000000029ce      0x10e obj/list.o
 .debug_macro   0x0000000000002adc       0x86 obj/list.o
 .debug_macro   0x0000000000002b62       0x16 obj/list.o
 .debug_macro   0x0000000000002b78       0x29 obj/list.o
 .debug_macro   0x0000000000002ba1      0x1dc obj/queue.o
 .debug_macro   0x0000000000002d7d      0x20e obj/tasks.o
 .debug_macro   0x0000000000002f8b       0x97 obj/tasks.o
 .debug_macro   0x0000000000003022       0x17 obj/tasks.o
 .debug_macro   0x0000000000003039      0x183 obj/timers.o
 .debug_macro   0x00000000000031bc      0x138 obj/port.o
 .debug_macro   0x00000000000032f4      0x177 obj/heap_1.o
 .debug_macro   0x000000000000346b      0x1dd obj/syscalls.o
 .debug_macro   0x0000000000003648       0x16 obj/syscalls.o
 .debug_macro   0x000000000000365e       0x97 obj/syscalls.o
 .debug_macro   0x00000000000036f5       0xf6 obj/syscalls.o
 .debug_macro   0x00000000000037eb       0x10 obj/syscalls.o
 .debug_macro   0x00000000000037fb       0x10 obj/syscalls.o
 .debug_macro   0x000000000000380b       0x6a obj/syscalls.o
 .debug_macro   0x0000000000003875       0x1c obj/syscalls.o
 .debug_macro   0x0000000000003891       0x52 obj/syscalls.o
 .debug_macro   0x00000000000038e3       0x22 obj/syscalls.o
 .debug_macro   0x0000000000003905       0x10 obj/syscalls.o
 .debug_macro   0x0000000000003915       0x40 obj/syscalls.o
 .debug_macro   0x0000000000003955       0xd5 obj/syscalls.o
 .debug_macro   0x0000000000003a2a       0x1c obj/syscalls.o
 .debug_macro   0x0000000000003a46       0x3d obj/syscalls.o
 .debug_macro   0x0000000000003a83       0x16 obj/syscalls.o
 .debug_macro   0x0000000000003a99      0x16f obj/syscalls.o
 .debug_macro   0x0000000000003c08       0x4c obj/syscalls.o
 .debug_macro   0x0000000000003c54       0x16 obj/syscalls.o
 .debug_macro   0x0000000000003c6a       0x10 obj/syscalls.o
 .debug_macro   0x0000000000003c7a       0x10 obj/syscalls.o
 .debug_macro   0x0000000000003c8a       0x35 obj/syscalls.o
 .debug_macro   0x0000000000003cbf      0x12c obj/syscalls.o
 .debug_macro   0x0000000000003deb      0x14a obj/rngTestTypes.o
 .debug_macro   0x0000000000003f35      0x22e obj/tower_user_thread_signal_USART2_IRQHandler.o
 .debug_macro   0x0000000000004163      0x22e obj/tower_gen_thread_signal_USART2_IRQHandler.o
 .debug_macro   0x0000000000004391      0x224 obj/tower_user_thread_period_1ms.o
 .debug_macro   0x00000000000045b5      0x224 obj/tower_gen_thread_period_1ms.o
 .debug_macro   0x00000000000047d9      0x238 obj/tower_user_thread_period_5ms.o
 .debug_macro   0x0000000000004a11      0x238 obj/tower_gen_thread_period_5ms.o
 .debug_macro   0x0000000000004c49      0x224 obj/tower_user_thread_period_333ms.o
 .debug_macro   0x0000000000004e6d      0x224 obj/tower_gen_thread_period_333ms.o
 .debug_macro   0x0000000000005091      0x22e obj/tower_user_thread_init.o
 .debug_macro   0x00000000000052bf      0x22e obj/tower_gen_thread_init.o
 .debug_macro   0x00000000000054ed       0x11 obj/tower_state_monitor_blinker.o
 .debug_macro   0x00000000000054fe      0x1c6 obj/tower_gen_monitor_blinker.o
 .debug_macro   0x00000000000056c4      0x15e obj/tower_state_monitor_dma.o
 .debug_macro   0x0000000000005822      0x1c6 obj/tower_gen_monitor_dma.o
 .debug_macro   0x00000000000059e8       0x11 obj/tower_state_monitor_led.o
 .debug_macro   0x00000000000059f9      0x1c6 obj/tower_gen_monitor_led.o
 .debug_macro   0x0000000000005bbf      0x154 obj/tower_state_monitor_randReporter.o
 .debug_macro   0x0000000000005d13      0x1c6 obj/tower_gen_monitor_randReporter.o
 .debug_macro   0x0000000000005ed9       0x11 obj/tower_state_monitor_rngPeripheral.o
 .debug_macro   0x0000000000005eea      0x1c6 obj/tower_gen_monitor_rngPeripheral.o
 .debug_macro   0x00000000000060b0      0x2d4 obj/tower_init.o
 .debug_macro   0x0000000000006384      0x15e obj/stm32_main.o
 .debug_macro   0x00000000000064e2      0x154 obj/tower_time.o
 .debug_macro   0x0000000000006636      0x1b2 obj/stm32_freertos_init.o
 .debug_macro   0x00000000000067e8       0x11 obj/stm32_freertos_user_assert.o

.debug_frame    0x0000000000000000     0x10d8
 .debug_frame   0x0000000000000000       0x30 obj/freertos_atomic_wrapper.o
 .debug_frame   0x0000000000000030       0x88 obj/freertos_semaphore_wrapper.o
 .debug_frame   0x00000000000000b8       0x70 obj/freertos_mutex_wrapper.o
 .debug_frame   0x0000000000000128       0x30 obj/freertos_task_wrapper.o
 .debug_frame   0x0000000000000158       0x50 obj/freertos_time_wrapper.o
 .debug_frame   0x00000000000001a8       0x6c obj/list.o
 .debug_frame   0x0000000000000214      0x218 obj/queue.o
 .debug_frame   0x000000000000042c      0x4d4 obj/tasks.o
 .debug_frame   0x0000000000000900       0xf0 obj/port.o
 .debug_frame   0x00000000000009f0       0x5c obj/heap_1.o
 .debug_frame   0x0000000000000a4c       0xb0 obj/syscalls.o
 .debug_frame   0x0000000000000afc       0x2c obj/tower_user_thread_signal_USART2_IRQHandler.o
 .debug_frame   0x0000000000000b28       0x50 obj/tower_gen_thread_signal_USART2_IRQHandler.o
 .debug_frame   0x0000000000000b78       0x40 obj/tower_user_thread_period_1ms.o
 .debug_frame   0x0000000000000bb8       0x44 obj/tower_gen_thread_period_1ms.o
 .debug_frame   0x0000000000000bfc       0x5c obj/tower_user_thread_period_5ms.o
 .debug_frame   0x0000000000000c58       0x5c obj/tower_gen_thread_period_5ms.o
 .debug_frame   0x0000000000000cb4       0x3c obj/tower_user_thread_period_333ms.o
 .debug_frame   0x0000000000000cf0       0x40 obj/tower_gen_thread_period_333ms.o
 .debug_frame   0x0000000000000d30       0x48 obj/tower_user_thread_init.o
 .debug_frame   0x0000000000000d78       0x28 obj/tower_gen_thread_init.o
 .debug_frame   0x0000000000000da0       0x40 obj/tower_gen_monitor_blinker.o
 .debug_frame   0x0000000000000de0       0x40 obj/tower_gen_monitor_dma.o
 .debug_frame   0x0000000000000e20       0x40 obj/tower_gen_monitor_led.o
 .debug_frame   0x0000000000000e60       0x40 obj/tower_gen_monitor_randReporter.o
 .debug_frame   0x0000000000000ea0       0x40 obj/tower_gen_monitor_rngPeripheral.o
 .debug_frame   0x0000000000000ee0       0x2c obj/tower_init.o
 .debug_frame   0x0000000000000f0c       0x30 obj/stm32_main.o
 .debug_frame   0x0000000000000f3c       0x28 obj/tower_time.o
 .debug_frame   0x0000000000000f64       0x84 obj/stm32_freertos_init.o
 .debug_frame   0x0000000000000fe8       0x20 obj/stm32_freertos_user_assert.o
 .debug_frame   0x0000000000001008       0x44 /usr/lib/gcc/arm-none-eabi/10.3.1/thumb/v7e-m+fp/hard/libgcc.a(_aeabi_ldivmod.o)
 .debug_frame   0x000000000000104c       0x2c /usr/lib/gcc/arm-none-eabi/10.3.1/thumb/v7e-m+fp/hard/libgcc.a(_aeabi_uldivmod.o)
 .debug_frame   0x0000000000001078       0x34 /usr/lib/gcc/arm-none-eabi/10.3.1/thumb/v7e-m+fp/hard/libgcc.a(_udivmoddi4.o)
 .debug_frame   0x00000000000010ac       0x2c /usr/lib/gcc/arm-none-eabi/10.3.1/../../../arm-none-eabi/lib/thumb/v7e-m+fp/hard/libc.a(lib_a-memcmp.o)

.debug_loc      0x0000000000000000     0x5fdd
 .debug_loc     0x0000000000000000       0xae obj/freertos_semaphore_wrapper.o
 .debug_loc     0x00000000000000ae       0x89 obj/freertos_mutex_wrapper.o
 .debug_loc     0x0000000000000137       0xc8 obj/freertos_task_wrapper.o
 .debug_loc     0x00000000000001ff       0x6f obj/freertos_time_wrapper.o
 .debug_loc     0x000000000000026e       0xaf obj/list.o
 .debug_loc     0x000000000000031d      0xd41 obj/queue.o
 .debug_loc     0x000000000000105e     0x15fc obj/tasks.o
 .debug_loc     0x000000000000265a       0xc4 obj/port.o
 .debug_loc     0x000000000000271e       0x98 obj/heap_1.o
 .debug_loc     0x00000000000027b6      0x13a obj/syscalls.o
 .debug_loc     0x00000000000028f0      0x381 obj/tower_user_thread_signal_USART2_IRQHandler.o
 .debug_loc     0x0000000000002c71      0x116 obj/tower_gen_thread_signal_USART2_IRQHandler.o
 .debug_loc     0x0000000000002d87      0x30b obj/tower_user_thread_period_1ms.o
 .debug_loc     0x0000000000003092      0x1d0 obj/tower_gen_thread_period_1ms.o
 .debug_loc     0x0000000000003262      0x26b obj/tower_user_thread_period_5ms.o
 .debug_loc     0x00000000000034cd      0x21c obj/tower_gen_thread_period_5ms.o
 .debug_loc     0x00000000000036e9      0x1ee obj/tower_user_thread_period_333ms.o
 .debug_loc     0x00000000000038d7      0x19e obj/tower_gen_thread_period_333ms.o
 .debug_loc     0x0000000000003a75      0xabe obj/tower_user_thread_init.o
 .debug_loc     0x0000000000004533       0xa3 obj/tower_gen_thread_init.o
 .debug_loc     0x00000000000045d6      0x715 obj/stm32_main.o