Archive member included to satisfy reference by file (symbol)

/usr/lib/gcc/arm-none-eabi/10.3.1/../../../arm-none-eabi/lib/thumb/v7e-m+fp/hard/libc.a(lib_a-atexit.o)
                              /usr/lib/gcc/arm-none-eabi/10.3.1/../../../arm-none-eabi/lib/thumb/v7e-m+fp/hard/crt0.o (atexit)
/usr/lib/gcc/arm-none-eabi/10.3.1/../../../arm-none-eabi/lib/thumb/v7e-m+fp/hard/libc.a(lib_a-exit.o)
                              /usr/lib/gcc/arm-none-eabi/10.3.1/../../../arm-none-eabi/lib/thumb/v7e-m+fp/hard/crt0.o (exit)
/usr/lib/gcc/arm-none-eabi/10.3.1/../../../arm-none-eabi/lib/thumb/v7e-m+fp/hard/libc.a(lib_a-fini.o)
                              /usr/lib/gcc/arm-none-eabi/10.3.1/../../../arm-none-eabi/lib/thumb/v7e-m+fp/hard/crt0.o (__libc_fini_array)
/usr/lib/gcc/arm-none-eabi/10.3.1/../../../arm-none-eabi/lib/thumb/v7e-m+fp/hard/libc.a(lib_a-impure.o)
                              /usr/lib/gcc/arm-none-eabi/10.3.1/../../../arm-none-eabi/lib/thumb/v7e-m+fp/hard/libc.a(lib_a-exit.o) (_global_impure_ptr)
/usr/lib/gcc/arm-none-eabi/10.3.1/../../../arm-none-eabi/lib/thumb/v7e-m+fp/hard/libc.a(lib_a-init.o)
                              /usr/lib/gcc/arm-none-eabi/10.3.1/../../../arm-none-eabi/lib/thumb/v7e-m+fp/hard/crt0.o (__libc_init_array)
/usr/lib/gcc/arm-none-eabi/10.3.1/../../../arm-none-eabi/lib/thumb/v7e-m+fp/hard/libc.a(lib_a-memset.o)
                              /usr/lib/gcc/arm-none-eabi/10.3.1/../../../arm-none-eabi/lib/thumb/v7e-m+fp/hard/crt0.o (memset)
/usr/lib/gcc/arm-none-eabi/10.3.1/../../../arm-none-eabi/lib/thumb/v7e-m+fp/hard/libc.a(lib_a-__atexit.o)
                              /usr/lib/gcc/arm-none-eabi/10.3.1/../../../arm-none-eabi/lib/thumb/v7e-m+fp/hard/libc.a(lib_a-atexit.o) (__register_exitproc)
/usr/lib/gcc/arm-none-eabi/10.3.1/../../../arm-none-eabi/lib/thumb/v7e-m+fp/hard/libc.a(lib_a-__call_atexit.o)
                              /usr/lib/gcc/arm-none-eabi/10.3.1/../../../arm-none-eabi/lib/thumb/v7e-m+fp/hard/libc.a(lib_a-exit.o) (__call_exitprocs)
/usr/lib/gcc/arm-none-eabi/10.3.1/thumb/v7e-m+fp/hard/libgcc.a(_aeabi_ldivmod.o)
                              obj/tower_user_thread_period_250ms.o (__aeabi_ldivmod)
/usr/lib/gcc/arm-none-eabi/10.3.1/thumb/v7e-m+fp/hard/libgcc.a(_aeabi_uldivmod.o)
                              obj/tower_time.o (__aeabi_uldivmod)
/usr/lib/gcc/arm-none-eabi/10.3.1/thumb/v7e-m+fp/hard/libgcc.a(_udivmoddi4.o)
                              /usr/lib/gcc/arm-none-eabi/10.3.1/thumb/v7e-m+fp/hard/libgcc.a(_aeabi_ldivmod.o) (__udivmoddi4)
/usr/lib/gcc/arm-none-eabi/10.3.1/thumb/v7e-m+fp/hard/libgcc.a(_dvmd_tls.o)
                              /usr/lib/gcc/arm-none-eabi/10.3.1/thumb/v7e-m+fp/hard/libgcc.a(_aeabi_ldivmod.o) (__aeabi_ldiv0)
/usr/lib/gcc/arm-none-eabi/10.3.1/../../../arm-none-eabi/lib/thumb/v7e-m+fp/hard/libc.a(lib_a-memcmp.o)
                              obj/tasks.o (memcmp)
/usr/lib/gcc/arm-none-eabi/10.3.1/../../../arm-none-eabi/lib/thumb/v7e-m+fp/hard/libc.a(lib_a-memcpy.o)
                              obj/queue.o (memcpy)

Discarded input sections

 .debug_loc     0x0000000000000000       0x32 /usr/lib/gcc/arm-none-eabi/10.3.1/../../../arm-none-eabi/lib/thumb/v7e-m+fp/hard/libc.a(lib_a-atexit.o)
 .debug_str     0x0000000000000000      0x1e4 /usr/lib/gcc/arm-none-eabi/10.3.1/../../../arm-none-eabi/lib/thumb/v7e-m+fp/hard/libc.a(lib_a-atexit.o)
 .debug_frame   0x0000000000000000       0x20 /usr/lib/gcc/arm-none-eabi/10.3.1/../../../arm-none-eabi/lib/thumb/v7e-m+fp/hard/libc.a(lib_a-atexit.o)
 .ARM.attributes
                0x0000000000000000       0x34 /usr/lib/gcc/arm-none-eabi/10.3.1/../../../arm-none-eabi/lib/thumb/v7e-m+fp/hard/libc.a(lib_a-atexit.o)
 .debug_loc     0x0000000000000000       0x22 /usr/lib/gcc/arm-none-eabi/10.3.1/../../../arm-none-eabi/lib/thumb/v7e-m+fp/hard/libc.a(lib_a-exit.o)
 .debug_str     0x0000000000000000      0x58b /usr/lib/gcc/arm-none-eabi/10.3.1/../../../arm-none-eabi/lib/thumb/v7e-m+fp/hard/libc.a(lib_a-exit.o)
 .debug_frame   0x0000000000000000       0x28 /usr/lib/gcc/arm-none-eabi/10.3.1/../../../arm-none-eabi/lib/thumb/v7e-m+fp/hard/libc.a(lib_a-exit.o)
 .ARM.attributes
                0x0000000000000000       0x34 /usr/lib/gcc/arm-none-eabi/10.3.1/../../../arm-none-eabi/lib/thumb/v7e-m+fp/hard/libc.a(lib_a-exit.o)
 .debug_loc     0x0000000000000000       0x68 /usr/lib/gcc/arm-none-eabi/10.3.1/../../../arm-none-eabi/lib/thumb/v7e-m+fp/hard/libc.a(lib_a-fini.o)
 .debug_str     0x0000000000000000      0x1dc /usr/lib/gcc/arm-none-eabi/10.3.1/../../../arm-none-eabi/lib/thumb/v7e-m+fp/hard/libc.a(lib_a-fini.o)
 .debug_frame   0x0000000000000000       0x34 /usr/lib/gcc/arm-none-eabi/10.3.1/../../../arm-none-eabi/lib/thumb/v7e-m+fp/hard/libc.a(lib_a-fini.o)
 .ARM.attributes
                0x0000000000000000       0x34 /usr/lib/gcc/arm-none-eabi/10.3.1/../../../arm-none-eabi/lib/thumb/v7e-m+fp/hard/libc.a(lib_a-fini.o)
[...]
Memory Configuration

Name             Origin             Length             Attributes
flash            0x0000000008004000 0x00000000001fc000 xr
sram             0x0000000020000000 0x0000000000030000 xrw
ccsram           0x0000000010000000 0x0000000000010000 xrw
*default*        0x0000000000000000 0xffffffffffffffff

Linker script and memory map

LOAD /usr/lib/gcc/arm-none-eabi/10.3.1/thumb/v7e-m+fp/hard/crti.o
LOAD /usr/lib/gcc/arm-none-eabi/10.3.1/thumb/v7e-m+fp/hard/crtbegin.o
LOAD /usr/lib/gcc/arm-none-eabi/10.3.1/../../../arm-none-eabi/lib/thumb/v7e-m+fp/hard/crt0.o
                0x0000000020030000                _estack = 0x20030000
                0x0000000000000000                _min_heap_size = 0x0
                0x0000000000000400                _min_stack_size = 0x400

.isr_vector     0x0000000008004000      0x1ac
                0x0000000008004000                . = ALIGN (0x4)
 *(.isr_vector)
 .isr_vector    0x0000000008004000      0x1ac obj/vector_table.o
                0x0000000008004000                g_vectors
                0x00000000080041ac                . = ALIGN (0x4)

.text           0x00000000080041ac     0x4b58
 *(.text .text.*)
 .text          0x00000000080041ac        0x0 /usr/lib/gcc/arm-none-eabi/10.3.1/thumb/v7e-m+fp/hard/crti.o
 .text          0x00000000080041ac       0x88 /usr/lib/gcc/arm-none-eabi/10.3.1/thumb/v7e-m+fp/hard/crtbegin.o
 .text          0x0000000008004234       0x70 /usr/lib/gcc/arm-none-eabi/10.3.1/../../../arm-none-eabi/lib/thumb/v7e-m+fp/hard/crt0.o
                0x0000000008004234                _stack_init
                0x000000000800423c                _mainCRTStartup
                0x000000000800423c                _start
 .text          0x00000000080042a4        0xc /usr/lib/gcc/arm-none-eabi/10.3.1/../../../arm-none-eabi/lib/thumb/v7e-m+fp/hard/libc.a(lib_a-atexit.o)
                0x00000000080042a4                atexit
 .text          0x00000000080042b0       0x20 /usr/lib/gcc/arm-none-eabi/10.3.1/../../../arm-none-eabi/lib/thumb/v7e-m+fp/hard/libc.a(lib_a-exit.o)
                0x00000000080042b0                exit
 .text          0x00000000080042d0       0x2c /usr/lib/gcc/arm-none-eabi/10.3.1/../../../arm-none-eabi/lib/thumb/v7e-m+fp/hard/libc.a(lib_a-fini.o)
                0x00000000080042d0                __libc_fini_array
 .text          0x00000000080042fc        0x0 /usr/lib/gcc/arm-none-eabi/10.3.1/../../../arm-none-eabi/lib/thumb/v7e-m+fp/hard/libc.a(lib_a-impure.o)
 .text          0x00000000080042fc       0x48 /usr/lib/gcc/arm-none-eabi/10.3.1/../../../arm-none-eabi/lib/thumb/v7e-m+fp/hard/libc.a(lib_a-init.o)
                0x00000000080042fc                __libc_init_array
 .text          0x0000000008004344       0xa4 /usr/lib/gcc/arm-none-eabi/10.3.1/../../../arm-none-eabi/lib/thumb/v7e-m+fp/hard/libc.a(lib_a-memset.o)
                0x0000000008004344                memset
 .text          0x00000000080043e8       0x68 /usr/lib/gcc/arm-none-eabi/10.3.1/../../../arm-none-eabi/lib/thumb/v7e-m+fp/hard/libc.a(lib_a-__atexit.o)
                0x00000000080043e8                __register_exitproc
 .text          0x0000000008004450       0xb8 /usr/lib/gcc/arm-none-eabi/10.3.1/../../../arm-none-eabi/lib/thumb/v7e-m+fp/hard/libc.a(lib_a-__call_atexit.o)
                0x0000000008004450                __call_exitprocs
 .text.startup  0x0000000008004508       0x14 /usr/lib/gcc/arm-none-eabi/10.3.1/../../../arm-none-eabi/lib/thumb/v7e-m+fp/hard/libc.a(lib_a-__call_atexit.o)
 .text          0x000000000800451c        0x8 obj/freertos_atomic_wrapper.o
                0x000000000800451c                ivory_freertos_begin_atomic
                0x0000000008004520                ivory_freertos_end_atomic
 .text          0x0000000008004524       0x80 obj/freertos_semaphore_wrapper.o
                0x0000000008004524                ivory_freertos_binary_semaphore_create
                0x0000000008004540                ivory_freertos_binary_semaphore_takeblocking
                0x000000000800455c                ivory_freertos_binary_semaphore_give
                0x0000000008004576                ivory_freertos_binary_semaphore_give_from_isr
 .text          0x00000000080045a4       0x4e obj/freertos_mutex_wrapper.o
                0x00000000080045a4                ivory_freertos_mutex_create
                0x00000000080045bc                ivory_freertos_mutex_takeblocking
                0x00000000080045d8                ivory_freertos_mutex_give
 .text          0x00000000080045f2       0x2c obj/freertos_task_wrapper.o
                0x00000000080045f2                ivory_freertos_task_create
 .text          0x000000000800461e       0x10 obj/freertos_time_wrapper.o
                0x000000000800461e                ivory_freertos_time_delay
                0x0000000008004622                ivory_freertos_time_delayuntil
                0x0000000008004626                ivory_freertos_time_gettickcount
                0x000000000800462a                ivory_freertos_time_gettickrate_ms
 .text          0x000000000800462e       0x80 obj/list.o
                0x000000000800462e                vListInitialise
                0x0000000008004644                vListInitialiseItem
                0x000000000800464a                vListInsertEnd
                0x0000000008004662                vListInsert
                0x0000000008004690                uxListRemove
 .text          0x00000000080046ae      0x800 obj/queue.o
                0x00000000080047b6                xQueueGenericReset
                0x0000000008004834                xQueueGenericCreate
                0x0000000008004890                xQueueGenericSend
                0x00000000080049e6                xQueueCreateMutex
                0x0000000008004a3c                xQueueGenericSendFromISR
                0x0000000008004af4                xQueueGiveFromISR
                0x0000000008004b7e                xQueueGenericReceive
                0x0000000008004ce4                xQueueReceiveFromISR
                0x0000000008004d72                xQueuePeekFromISR
                0x0000000008004de8                uxQueueMessagesWaiting
                0x0000000008004e12                uxQueueSpacesAvailable
                0x0000000008004e40                uxQueueMessagesWaitingFromISR
                0x0000000008004e58                vQueueDelete
                0x0000000008004e70                xQueueIsQueueEmptyFromISR
                0x0000000008004e8e                xQueueIsQueueFullFromISR
 *fill*         0x0000000008004eae        0x2 
 .text          0x0000000008004eb0     0x1274 obj/tasks.o
                0x0000000008004f44                xTaskGenericCreate
                0x00000000080050fc                vTaskDelete
                0x00000000080051b0                uxTaskPriorityGet
                0x00000000080051d0                uxTaskPriorityGetFromISR
                0x0000000008005200                vTaskPrioritySet
                0x00000000080052dc                vTaskResume
                0x0000000008005364                xTaskResumeFromISR
                0x0000000008005404                vTaskStartScheduler
                0x0000000008005468                vTaskEndScheduler
                0x0000000008005488                vTaskSuspendAll
                0x000000000800549c                xTaskGetTickCount
                0x00000000080054a8                xTaskGetTickCountFromISR
                0x00000000080054b8                uxTaskGetNumberOfTasks
                0x00000000080054c4                xTaskIncrementTick
                0x00000000080055c0                xTaskResumeAll
                0x000000000800569c                vTaskDelayUntil
                0x0000000008005744                vTaskDelay
                0x0000000008005820                vTaskSwitchContext
                0x00000000080058bc                vTaskSuspend
                0x0000000008005970                vTaskPlaceOnEventList
                0x00000000080059d4                vTaskPlaceOnUnorderedEventList
                0x0000000008005a58                xTaskRemoveFromEventList
                0x0000000008005ad4                xTaskRemoveFromUnorderedEventList
                0x0000000008005b58                vTaskSetTimeOutState
                0x0000000008005b80                xTaskCheckForTimeOut
                0x0000000008005bf0                vTaskMissedYield
                0x0000000008005c00                xTaskGetCurrentTaskHandle
                0x0000000008005c0c                vTaskPriorityInherit
                0x0000000008005ca0                xTaskPriorityDisinherit
                0x0000000008005d30                uxTaskResetEventItemValue
                0x0000000008005d48                pvTaskIncrementMutexHeldCount
                0x0000000008005d60                ulTaskNotifyTake
                0x0000000008005df8                xTaskNotifyWait
                0x0000000008005eb4                xTaskNotify
                0x0000000008005f7c                xTaskNotifyFromISR
                0x0000000008006068                vTaskNotifyGiveFromISR
 .text          0x0000000008006124        0x0 obj/timers.o
 .text          0x0000000008006124      0x2d0 obj/port.o
                0x000000000800617c                pxPortInitialiseStack
                0x00000000080061a0                SVCall_Handler
                0x00000000080061c0                vPortEndScheduler
                0x00000000080061e4                vPortEnterCritical
                0x0000000008006224                vPortExitCritical
                0x000000000800624c                PendSV_Handler
                0x00000000080062ac                SysTick_Handler
                0x00000000080062dc                vPortSetupTimerInterrupt
                0x00000000080062f0                xPortStartScheduler
                0x0000000008006398                vPortValidateInterruptPriority
 .text          0x00000000080063f4       0x84 obj/heap_1.o
                0x00000000080063f4                pvPortMalloc
                0x0000000008006440                vPortFree
                0x0000000008006456                vPortInitialiseBlocks
                0x0000000008006464                xPortGetFreeHeapSize
 .text          0x0000000008006478       0x48 obj/syscalls.o
                0x0000000008006478                _sbrk
                0x0000000008006494                link
                0x000000000800649a                _close
                0x00000000080064a0                _fstat
                0x00000000080064aa                _isatty
                0x00000000080064ae                _lseek
                0x00000000080064b2                _read
                0x00000000080064b6                _exit
                0x00000000080064b8                _kill
                0x00000000080064ba                _getpid
 .text          0x00000000080064c0        0x0 obj/i2cTowerTypes.o
 .text          0x00000000080064c0       0x78 obj/tower_user_thread_signal_I2C1_ER_IRQHandler.o
                0x00000000080064c0                callback_result_thread_signal_I2C1_ER_IRQHandler
                0x00000000080064c2                callback_i2c1_error_irq_thread_signal_I2C1_ER_IRQHandler
 .text          0x0000000008006538       0x98 obj/tower_gen_thread_signal_I2C1_ER_IRQHandler.o
                0x0000000008006538                loop_thread_signal_I2C1_ER_IRQHandler
                0x000000000800658c                I2C1_ER_IRQHandler
                0x00000000080065b4                emitter_i2c1_error_irq_chan_2_thread_signal_I2C1_ER_IRQHandler_emit
 .text          0x00000000080065d0      0x498 obj/tower_user_thread_signal_I2C1_EV_IRQHandler.o
                0x00000000080065d0                callback_result_thread_signal_I2C1_EV_IRQHandler
                0x00000000080065d2                callback_i2c1_event_irq_thread_signal_I2C1_EV_IRQHandler
 .text          0x0000000008006a68       0x98 obj/tower_gen_thread_signal_I2C1_EV_IRQHandler.o
                0x0000000008006a68                loop_thread_signal_I2C1_EV_IRQHandler
                0x0000000008006abc                I2C1_EV_IRQHandler
                0x0000000008006ae4                emitter_i2c1_event_irq_chan_2_thread_signal_I2C1_EV_IRQHandler_emit
 .text          0x0000000008006b00        0xc obj/tower_user_thread_period_1ms.o
                0x0000000008006b00                callback_i2c1_ready_period_thread_period_1ms
 .text          0x0000000008006b0c       0x3a obj/tower_gen_thread_period_1ms.o
                0x0000000008006b0c                loop_thread_period_1ms
 *fill*         0x0000000008006b46        0x2 
 .text          0x0000000008006b48     0x11fc obj/tower_user_thread_period_20ms.o
                0x0000000008006b48                callback_result_thread_period_20ms
                0x0000000008006b4a                callback_i2c1_watchdog_thread_period_20ms
 .text          0x0000000008007d44       0x7c obj/tower_gen_thread_period_20ms.o
                0x0000000008007d44                loop_thread_period_20ms
                0x0000000008007da4                emitter_i2c1_watchdog_chan_2_thread_period_20ms_emit
 .text          0x0000000008007dc0      0x15c obj/tower_user_thread_period_250ms.o
                0x0000000008007dc0                callback_result_thread_period_250ms
                0x0000000008007dc2                callback_periodic_thread_period_250ms
                0x0000000008007e20                callback_i2c1_request_thread_period_250ms
 .text          0x0000000008007f1c       0xbc obj/tower_gen_thread_period_250ms.o
                0x0000000008007f1c                loop_thread_period_250ms
                0x0000000008007fa0                emitter_periodic_chan_1_thread_period_250ms_emit
                0x0000000008007fbc                emitter_i2c1_request_chan_2_thread_period_250ms_emit
 .text          0x0000000008007fd8      0x2bc obj/tower_user_thread_init.o
                0x0000000008007fd8                callback_i2c1_init_thread_init
 .text          0x0000000008008294       0x2c obj/tower_gen_thread_init.o
                0x0000000008008294                loop_thread_init
 .text          0x00000000080082c0        0x0 obj/tower_state_monitor_i2c1PeripheralDriver.o
 .text          0x00000000080082c0       0x24 obj/tower_gen_monitor_i2c1PeripheralDriver.o
                0x00000000080082c0                monitor_init_i2c1PeripheralDriver
                0x00000000080082cc                monitor_lock_i2c1PeripheralDriver
                0x00000000080082d8                monitor_unlock_i2c1PeripheralDriver
 .text          0x00000000080082e4        0x0 obj/tower_state_monitor_simplecontroller.o
 .text          0x00000000080082e4       0x24 obj/tower_gen_monitor_simplecontroller.o
                0x00000000080082e4                monitor_init_simplecontroller
                0x00000000080082f0                monitor_lock_simplecontroller
                0x00000000080082fc                monitor_unlock_simplecontroller
 .text          0x0000000008008308       0x94 obj/tower_init.o
                0x0000000008008308                tower_entry
 .text          0x000000000800839c      0x13c obj/stm32_main.o
                0x000000000800839c                Reset_Handler
 .text          0x00000000080084d8       0x1e obj/tower_time.o
                0x00000000080084d8                tower_get_time
 *fill*         0x00000000080084f6        0x2 
 .text          0x00000000080084f8       0x68 obj/stm32_freertos_init.o
                0x0000000008008500                init_relocate
                0x0000000008008554                init_libc
                0x0000000008008558                vApplicationStackOverflowHook
 .text.startup  0x0000000008008560       0x28 obj/stm32_freertos_init.o
                0x0000000008008560                main
 .text          0x0000000008008588       0x14 obj/vector_table.o
 .text.defaultExceptionHandler
                0x000000000800859c        0x2 obj/vector_table.o
                0x000000000800859c                RTC_Alarm_IRQHandler
                0x000000000800859c                HASH_RNG_IRQHandler
                0x000000000800859c                EXTI2_IRQHandler
                0x000000000800859c                TIM8_CC_IRQHandler
                0x000000000800859c                UART8_IRQHandler
                0x000000000800859c                SPI4_IRQHandler
                0x000000000800859c                TIM1_CC_IRQHandler
                0x000000000800859c                DMA2_Stream5_IRQHandler
                0x000000000800859c                HardFault_Handler
                0x000000000800859c                DMA1_Stream5_IRQHandler
                0x000000000800859c                PVD_IRQHandler
                0x000000000800859c                SDIO_IRQHandler
                0x000000000800859c                LCD_TFT_ER_IRQHandler
                0x000000000800859c                TAMP_STAMP_IRQHandler
                0x000000000800859c                CAN2_RX1_IRQHandler
                0x000000000800859c                EXTI3_IRQHandler
                0x000000000800859c                TIM8_TRG_COM_TIM14_IRQHandler
                0x000000000800859c                TIM1_UP_TIM10_IRQHandler
                0x000000000800859c                TIM8_UP_TIM13_IRQHandler
                0x000000000800859c                I2C3_ER_IRQHandler
                0x000000000800859c                LCD_TFT_IRQHandler
                0x000000000800859c                EXTI0_IRQHandler
                0x000000000800859c                I2C2_EV_IRQHandler
                0x000000000800859c                DMA1_Stream2_IRQHandler
                0x000000000800859c                CAN1_RX0_IRQHandler
                0x000000000800859c                FPU_IRQHandler
                0x000000000800859c                OTG_HS_WKUP_IRQHandler
                0x000000000800859c                UsageFault_Handler
                0x000000000800859c                CAN2_SCE_IRQHandler
                0x000000000800859c                MemoryManagment_Handler
                0x000000000800859c                DMA2_Stream2_IRQHandler
                0x000000000800859c                SPI1_IRQHandler
                0x000000000800859c                TIM6_DAC_IRQHandler
                0x000000000800859c                TIM1_BRK_TIM9_IRQHandler
                0x000000000800859c                DCMI_IRQHandler
                0x000000000800859c                CAN2_RX0_IRQHandler
                0x000000000800859c                DMA2_Stream3_IRQHandler
                0x000000000800859c                USART6_IRQHandler
                0x000000000800859c                USART3_IRQHandler
                0x000000000800859c                CRYP_IRQHandler
                0x000000000800859c                CAN1_RX1_IRQHandler
                0x000000000800859c                UART5_IRQHandler
                0x000000000800859c                DMA2_Stream0_IRQHandler
                0x000000000800859c                TIM4_IRQHandler
                0x000000000800859c                DMA1_Stream6_IRQHandler
                0x000000000800859c                DMA1_Stream1_IRQHandler
                0x000000000800859c                UART4_IRQHandler
                0x000000000800859c                TIM3_IRQHandler
                0x000000000800859c                RCC_IRQHandler
                0x000000000800859c                TIM8_BRK_TIM12_IRQHandler
                0x000000000800859c                EXTI15_10_IRQHandler
                0x000000000800859c                ADC_IRQHandler
                0x000000000800859c                DMA1_Stream7_IRQHandler
                0x000000000800859c                SPI5_IRQHandler
                0x000000000800859c                TIM7_IRQHandler
                0x000000000800859c                CAN2_TX_IRQHandler
                0x000000000800859c                TIM5_IRQHandler
                0x000000000800859c                DMA2_Stream7_IRQHandler
                0x000000000800859c                I2C3_EV_IRQHandler
                0x000000000800859c                EXTI9_5_IRQHandler
                0x000000000800859c                RTC_WKUP_IRQHandler
                0x000000000800859c                ETH_WKUP_IRQHandler
                0x000000000800859c                SPI2_IRQHandler
                0x000000000800859c                OTG_HS_EP1_IN_IRQHandler
                0x000000000800859c                DMA1_Stream0_IRQHandler
                0x000000000800859c                CAN1_TX_IRQHandler
                0x000000000800859c                NonMaskable_Handler
                0x000000000800859c                EXTI4_IRQHandler
                0x000000000800859c                FSMC_IRQHandler
                0x000000000800859c                ETH_IRQHandler
                0x000000000800859c                OTG_HS_EP1_OUT_IRQHandler
                0x000000000800859c                WWDG_IRQHandler
                0x000000000800859c                SPI6_IRQHandler
                0x000000000800859c                TIM2_IRQHandler
                0x000000000800859c                OTG_FS_WKUP_IRQHandler
                0x000000000800859c                TIM1_TRG_COM_TIM11_IRQHandler
                0x000000000800859c                OTG_HS_IRQHandler
                0x000000000800859c                DMA2D_IRQHandler
                0x000000000800859c                EXTI1_IRQHandler
                0x000000000800859c                UART7_IRQHandler
                0x000000000800859c                USART2_IRQHandler
                0x000000000800859c                I2C2_ER_IRQHandler
                0x000000000800859c                DMA2_Stream1_IRQHandler
                0x000000000800859c                CAN1_SCE_IRQHandler
                0x000000000800859c                FLASH_IRQHandler
                0x000000000800859c                DMA2_Stream4_IRQHandler
                0x000000000800859c                BusFault_Handler
                0x000000000800859c                USART1_IRQHandler
                0x000000000800859c                OTG_FS_IRQHandler
                0x000000000800859c                SPI3_IRQHandler
                0x000000000800859c                DMA1_Stream4_IRQHandler
                0x000000000800859c                DebugMonitor_Handler
                0x000000000800859c                DMA2_Stream6_IRQHandler
                0x000000000800859c                SAI1_IRQHandler
                0x000000000800859c                DMA1_Stream3_IRQHandler
 .text          0x000000000800859e        0x4 obj/stm32_freertos_user_assert.o
                0x000000000800859e                ivory_user_assert_hook
 *fill*         0x00000000080085a2        0x2 
 .text          0x00000000080085a4       0xa0 /usr/lib/gcc/arm-none-eabi/10.3.1/thumb/v7e-m+fp/hard/libgcc.a(_aeabi_ldivmod.o)
                0x00000000080085a4                __aeabi_ldivmod
 .text          0x0000000008008644       0x30 /usr/lib/gcc/arm-none-eabi/10.3.1/thumb/v7e-m+fp/hard/libgcc.a(_aeabi_uldivmod.o)
                0x0000000008008644                __aeabi_uldivmod
 .text          0x0000000008008674      0x2d0 /usr/lib/gcc/arm-none-eabi/10.3.1/thumb/v7e-m+fp/hard/libgcc.a(_udivmoddi4.o)
                0x0000000008008674                __udivmoddi4
 .text          0x0000000008008944        0x4 /usr/lib/gcc/arm-none-eabi/10.3.1/thumb/v7e-m+fp/hard/libgcc.a(_dvmd_tls.o)
                0x0000000008008944                __aeabi_ldiv0
                0x0000000008008944                __aeabi_idiv0
 .text          0x0000000008008948       0x64 /usr/lib/gcc/arm-none-eabi/10.3.1/../../../arm-none-eabi/lib/thumb/v7e-m+fp/hard/libc.a(lib_a-memcmp.o)
                0x0000000008008948                memcmp
 .text          0x00000000080089ac      0x134 /usr/lib/gcc/arm-none-eabi/10.3.1/../../../arm-none-eabi/lib/thumb/v7e-m+fp/hard/libc.a(lib_a-memcpy.o)
                0x00000000080089ac                memcpy
 .text          0x0000000008008ae0        0x0 /usr/lib/gcc/arm-none-eabi/10.3.1/thumb/v7e-m+fp/hard/crtend.o
 .text          0x0000000008008ae0        0x0 /usr/lib/gcc/arm-none-eabi/10.3.1/thumb/v7e-m+fp/hard/crtn.o
 *(.fixup)
 *(.gnu.warning)
 *(.rodata .rodata.*)
 .rodata        0x0000000008008ae0       0x24 /usr/lib/gcc/arm-none-eabi/10.3.1/thumb/v7e-m+fp/hard/crtbegin.o
 .rodata        0x0000000008008b04        0x4 /usr/lib/gcc/arm-none-eabi/10.3.1/../../../arm-none-eabi/lib/thumb/v7e-m+fp/hard/libc.a(lib_a-impure.o)
                0x0000000008008b04                _global_impure_ptr
 .rodata.str1.1
                0x0000000008008b08        0x5 obj/tasks.o
 .rodata        0x0000000008008b0d       0x14 obj/tasks.o
 *fill*         0x0000000008008b21        0x3 
 .rodata        0x0000000008008b24      0x118 obj/tower_user_thread_period_250ms.o
 .rodata.str1.1
                0x0000000008008c3c       0x7b obj/tower_init.o
 .rodata.str1.1
                0x0000000008008cb7        0xa obj/stm32_freertos_init.o
 *fill*         0x0000000008008cc1        0x3 
 .rodata        0x0000000008008cc4       0x24 /usr/lib/gcc/arm-none-eabi/10.3.1/thumb/v7e-m+fp/hard/crtend.o
 *(.glue_7)
 .glue_7        0x0000000008008ce8        0x0 linker stubs
 *(.glue_7t)
 .glue_7t       0x0000000008008ce8        0x0 linker stubs
 *(.eh_frame)
 .eh_frame      0x0000000008008ce8        0x0 /usr/lib/gcc/arm-none-eabi/10.3.1/thumb/v7e-m+fp/hard/crtbegin.o
 .eh_frame      0x0000000008008ce8        0x4 /usr/lib/gcc/arm-none-eabi/10.3.1/thumb/v7e-m+fp/hard/crtend.o
 *(.gnu.linkonce.t.*)
 *(.got)
 *(.gcc_except_table)
 *(.gnu.linkonce.r.*)
 *(.init)
 .init          0x0000000008008cec        0x4 /usr/lib/gcc/arm-none-eabi/10.3.1/thumb/v7e-m+fp/hard/crti.o
                0x0000000008008cec                _init
 .init          0x0000000008008cf0        0x8 /usr/lib/gcc/arm-none-eabi/10.3.1/thumb/v7e-m+fp/hard/crtn.o
 *(.fini)
 .fini          0x0000000008008cf8        0x4 /usr/lib/gcc/arm-none-eabi/10.3.1/thumb/v7e-m+fp/hard/crti.o
                0x0000000008008cf8                _fini
 .fini          0x0000000008008cfc        0x8 /usr/lib/gcc/arm-none-eabi/10.3.1/thumb/v7e-m+fp/hard/crtn.o
                0x0000000008008d04                . = ALIGN (0x4)
                0x0000000008008d04                _etext = ABSOLUTE (.)

.vfp11_veneer   0x0000000008008d04        0x0
 .vfp11_veneer  0x0000000008008d04        0x0 linker stubs

.v4_bx          0x0000000008008d04        0x0
 .v4_bx         0x0000000008008d04        0x0 linker stubs

.iplt           0x0000000008008d04        0x0
 .iplt          0x0000000008008d04        0x0 /usr/lib/gcc/arm-none-eabi/10.3.1/thumb/v7e-m+fp/hard/crtbegin.o

.ARM.extab      0x0000000008008d04        0x0
 *(.ARM.extab*)
 .ARM.extab     0x0000000008008d04        0x0 /usr/lib/gcc/arm-none-eabi/10.3.1/../../../arm-none-eabi/lib/thumb/v7e-m+fp/hard/crt0.o
 .ARM.extab     0x0000000008008d04        0x0 /usr/lib/gcc/arm-none-eabi/10.3.1/thumb/v7e-m+fp/hard/libgcc.a(_udivmoddi4.o)
                0x0000000008008d04                __exidx_start = ABSOLUTE (.)

.ARM.exidx      0x0000000008008d04        0x8
 *(.ARM.exidx*)
 .ARM.exidx     0x0000000008008d04        0x8 /usr/lib/gcc/arm-none-eabi/10.3.1/../../../arm-none-eabi/lib/thumb/v7e-m+fp/hard/crt0.o
                                         0x10 (size before relaxing)
 .ARM.exidx     0x0000000008008d0c        0x0 /usr/lib/gcc/arm-none-eabi/10.3.1/thumb/v7e-m+fp/hard/libgcc.a(_udivmoddi4.o)
                                          0x8 (size before relaxing)
                0x0000000008008d0c                __exidx_end = ABSOLUTE (.)

.rel.dyn        0x0000000008008d0c        0x0
 .rel.iplt      0x0000000008008d0c        0x0 /usr/lib/gcc/arm-none-eabi/10.3.1/thumb/v7e-m+fp/hard/crtbegin.o

.preinit_array  0x0000000008008d0c        0x0
                0x0000000008008d0c                PROVIDE (__preinit_array_start = .)
 *(.preinit_array)
                0x0000000008008d0c                PROVIDE (__preinit_array_end = .)

.init_array     0x0000000008008d0c        0x4
                0x0000000008008d0c                PROVIDE (__init_array_start = .)
 *(.init_array)
 .init_array    0x0000000008008d0c        0x4 /usr/lib/gcc/arm-none-eabi/10.3.1/thumb/v7e-m+fp/hard/crtbegin.o
                0x0000000008008d10                PROVIDE (__init_array_end = .)

.ctors
 *crtbegin.o(.ctors)
 *crtbegin?.o(.ctors)
 *(EXCLUDE_FILE(*crtend?.o *crtend.o) .ctors)
 *(SORT_BY_NAME(.ctors.*))
 *(.ctors)

.data           0x0000000010000000      0x440 load address 0x0000000008008d10
                0x0000000008008d10                _sidata = LOADADDR (.data)
                0x0000000010000000                _sdata = ABSOLUTE (.)
 *(.data .data.*)
 .data          0x0000000010000000        0x0 /usr/lib/gcc/arm-none-eabi/10.3.1/thumb/v7e-m+fp/hard/crti.o
 .data          0x0000000010000000        0x4 /usr/lib/gcc/arm-none-eabi/10.3.1/thumb/v7e-m+fp/hard/crtbegin.o
                0x0000000010000000                __dso_handle
 .data          0x0000000010000004        0x0 /usr/lib/gcc/arm-none-eabi/10.3.1/../../../arm-none-eabi/lib/thumb/v7e-m+fp/hard/crt0.o
 .data          0x0000000010000004        0x0 /usr/lib/gcc/arm-none-eabi/10.3.1/../../../arm-none-eabi/lib/thumb/v7e-m+fp/hard/libc.a(lib_a-atexit.o)
 .data          0x0000000010000004        0x0 /usr/lib/gcc/arm-none-eabi/10.3.1/../../../arm-none-eabi/lib/thumb/v7e-m+fp/hard/libc.a(lib_a-exit.o)
 .data          0x0000000010000004        0x0 /usr/lib/gcc/arm-none-eabi/10.3.1/../../../arm-none-eabi/lib/thumb/v7e-m+fp/hard/libc.a(lib_a-fini.o)
 *fill*         0x0000000010000004        0x4 
 .data          0x0000000010000008      0x430 /usr/lib/gcc/arm-none-eabi/10.3.1/../../../arm-none-eabi/lib/thumb/v7e-m+fp/hard/libc.a(lib_a-impure.o)
                0x0000000010000008                _impure_ptr
 .data          0x0000000010000438        0x0 /usr/lib/gcc/arm-none-eabi/10.3.1/../../../arm-none-eabi/lib/thumb/v7e-m+fp/hard/libc.a(lib_a-init.o)
 .data          0x0000000010000438        0x0 /usr/lib/gcc/arm-none-eabi/10.3.1/../../../arm-none-eabi/lib/thumb/v7e-m+fp/hard/libc.a(lib_a-memset.o)
 .data          0x0000000010000438        0x0 /usr/lib/gcc/arm-none-eabi/10.3.1/../../../arm-none-eabi/lib/thumb/v7e-m+fp/hard/libc.a(lib_a-__atexit.o)
 .data          0x0000000010000438        0x0 /usr/lib/gcc/arm-none-eabi/10.3.1/../../../arm-none-eabi/lib/thumb/v7e-m+fp/hard/libc.a(lib_a-__call_atexit.o)
 .data          0x0000000010000438        0x0 obj/freertos_atomic_wrapper.o
 .data          0x0000000010000438        0x0 obj/freertos_semaphore_wrapper.o
 .data          0x0000000010000438        0x0 obj/freertos_mutex_wrapper.o
 .data          0x0000000010000438        0x0 obj/freertos_task_wrapper.o
 .data          0x0000000010000438        0x0 obj/freertos_time_wrapper.o
 .data          0x0000000010000438        0x0 obj/list.o
 .data          0x0000000010000438        0x0 obj/queue.o
 .data          0x0000000010000438        0x4 obj/tasks.o
 .data          0x000000001000043c        0x0 obj/timers.o
 .data          0x000000001000043c        0x4 obj/port.o
 .data          0x0000000010000440        0x0 obj/heap_1.o
 .data          0x0000000010000440        0x0 obj/syscalls.o
 .data          0x0000000010000440        0x0 obj/i2cTowerTypes.o
 .data          0x0000000010000440        0x0 obj/tower_user_thread_signal_I2C1_ER_IRQHandler.o
 .data          0x0000000010000440        0x0 obj/tower_gen_thread_signal_I2C1_ER_IRQHandler.o
 .data          0x0000000010000440        0x0 obj/tower_user_thread_signal_I2C1_EV_IRQHandler.o
 .data          0x0000000010000440        0x0 obj/tower_gen_thread_signal_I2C1_EV_IRQHandler.o
 .data          0x0000000010000440        0x0 obj/tower_user_thread_period_1ms.o
 .data          0x0000000010000440        0x0 obj/tower_gen_thread_period_1ms.o
 .data          0x0000000010000440        0x0 obj/tower_user_thread_period_20ms.o
 .data          0x0000000010000440        0x0 obj/tower_gen_thread_period_20ms.o
 .data          0x0000000010000440        0x0 obj/tower_user_thread_period_250ms.o
 .data          0x0000000010000440        0x0 obj/tower_gen_thread_period_250ms.o
 .data          0x0000000010000440        0x0 obj/tower_user_thread_init.o
 .data          0x0000000010000440        0x0 obj/tower_gen_thread_init.o
 .data          0x0000000010000440        0x0 obj/tower_state_monitor_i2c1PeripheralDriver.o
 .data          0x0000000010000440        0x0 obj/tower_gen_monitor_i2c1PeripheralDriver.o
 .data          0x0000000010000440        0x0 obj/tower_state_monitor_simplecontroller.o
 .data          0x0000000010000440        0x0 obj/tower_gen_monitor_simplecontroller.o
 .data          0x0000000010000440        0x0 obj/tower_init.o
 .data          0x0000000010000440        0x0 obj/stm32_main.o
 .data          0x0000000010000440        0x0 obj/tower_time.o
 .data          0x0000000010000440        0x0 obj/stm32_freertos_init.o
 .data          0x0000000010000440        0x0 obj/vector_table.o
 .data          0x0000000010000440        0x0 obj/stm32_freertos_user_assert.o
 .data          0x0000000010000440        0x0 /usr/lib/gcc/arm-none-eabi/10.3.1/thumb/v7e-m+fp/hard/libgcc.a(_aeabi_ldivmod.o)
 .data          0x0000000010000440        0x0 /usr/lib/gcc/arm-none-eabi/10.3.1/thumb/v7e-m+fp/hard/libgcc.a(_aeabi_uldivmod.o)
 .data          0x0000000010000440        0x0 /usr/lib/gcc/arm-none-eabi/10.3.1/thumb/v7e-m+fp/hard/libgcc.a(_udivmoddi4.o)
 .data          0x0000000010000440        0x0 /usr/lib/gcc/arm-none-eabi/10.3.1/thumb/v7e-m+fp/hard/libgcc.a(_dvmd_tls.o)
 .data          0x0000000010000440        0x0 /usr/lib/gcc/arm-none-eabi/10.3.1/../../../arm-none-eabi/lib/thumb/v7e-m+fp/hard/libc.a(lib_a-memcmp.o)
 .data          0x0000000010000440        0x0 /usr/lib/gcc/arm-none-eabi/10.3.1/../../../arm-none-eabi/lib/thumb/v7e-m+fp/hard/libc.a(lib_a-memcpy.o)
 .data          0x0000000010000440        0x0 /usr/lib/gcc/arm-none-eabi/10.3.1/thumb/v7e-m+fp/hard/crtend.o
 .data          0x0000000010000440        0x0 /usr/lib/gcc/arm-none-eabi/10.3.1/thumb/v7e-m+fp/hard/crtn.o
 *(.gnu.linkonce.d.*)
                0x0000000010000440                _edata = ABSOLUTE (.)

.fini_array     0x0000000010000440        0x4 load address 0x0000000008009150
 .fini_array    0x0000000010000440        0x4 /usr/lib/gcc/arm-none-eabi/10.3.1/thumb/v7e-m+fp/hard/crtbegin.o

.tm_clone_table
                0x0000000010000444        0x0 load address 0x0000000008009154
 .tm_clone_table
                0x0000000010000444        0x0 /usr/lib/gcc/arm-none-eabi/10.3.1/thumb/v7e-m+fp/hard/crtbegin.o
 .tm_clone_table
                0x0000000010000444        0x0 /usr/lib/gcc/arm-none-eabi/10.3.1/thumb/v7e-m+fp/hard/crtend.o

.igot.plt       0x0000000010000444        0x0 load address 0x0000000008009154
 .igot.plt      0x0000000010000444        0x0 /usr/lib/gcc/arm-none-eabi/10.3.1/thumb/v7e-m+fp/hard/crtbegin.o
                0x0000000010000444                . = ALIGN (0x4)

.bss            0x0000000020000000    0x18544
                0x0000000020000000                _sbss = ABSOLUTE (.)
                0x0000000020000000                __bss_start__ = ABSOLUTE (_sbss)
 *(.bss .bss.*)
 .bss           0x0000000020000000        0x0 /usr/lib/gcc/arm-none-eabi/10.3.1/thumb/v7e-m+fp/hard/crti.o
 .bss           0x0000000020000000       0x1c /usr/lib/gcc/arm-none-eabi/10.3.1/thumb/v7e-m+fp/hard/crtbegin.o
 .bss           0x000000002000001c        0x0 /usr/lib/gcc/arm-none-eabi/10.3.1/../../../arm-none-eabi/lib/thumb/v7e-m+fp/hard/crt0.o
 .bss           0x000000002000001c        0x0 /usr/lib/gcc/arm-none-eabi/10.3.1/../../../arm-none-eabi/lib/thumb/v7e-m+fp/hard/libc.a(lib_a-atexit.o)
 .bss           0x000000002000001c        0x0 /usr/lib/gcc/arm-none-eabi/10.3.1/../../../arm-none-eabi/lib/thumb/v7e-m+fp/hard/libc.a(lib_a-exit.o)
 .bss           0x000000002000001c        0x0 /usr/lib/gcc/arm-none-eabi/10.3.1/../../../arm-none-eabi/lib/thumb/v7e-m+fp/hard/libc.a(lib_a-fini.o)
 .bss           0x000000002000001c        0x0 /usr/lib/gcc/arm-none-eabi/10.3.1/../../../arm-none-eabi/lib/thumb/v7e-m+fp/hard/libc.a(lib_a-impure.o)
 .bss           0x000000002000001c        0x0 /usr/lib/gcc/arm-none-eabi/10.3.1/../../../arm-none-eabi/lib/thumb/v7e-m+fp/hard/libc.a(lib_a-init.o)
 .bss           0x000000002000001c        0x0 /usr/lib/gcc/arm-none-eabi/10.3.1/../../../arm-none-eabi/lib/thumb/v7e-m+fp/hard/libc.a(lib_a-memset.o)
 .bss           0x000000002000001c        0x0 /usr/lib/gcc/arm-none-eabi/10.3.1/../../../arm-none-eabi/lib/thumb/v7e-m+fp/hard/libc.a(lib_a-__atexit.o)
 .bss           0x000000002000001c        0x0 /usr/lib/gcc/arm-none-eabi/10.3.1/../../../arm-none-eabi/lib/thumb/v7e-m+fp/hard/libc.a(lib_a-__call_atexit.o)
 .bss           0x000000002000001c        0x0 obj/freertos_atomic_wrapper.o
 .bss           0x000000002000001c        0x0 obj/freertos_semaphore_wrapper.o
 .bss           0x000000002000001c        0x0 obj/freertos_mutex_wrapper.o
 .bss           0x000000002000001c        0x0 obj/freertos_task_wrapper.o
 .bss           0x000000002000001c        0x0 obj/freertos_time_wrapper.o
 .bss           0x000000002000001c        0x0 obj/list.o
 .bss           0x000000002000001c        0x0 obj/queue.o
 .bss           0x000000002000001c      0x124 obj/tasks.o
                0x0000000020000048                pxCurrentTCB
 .bss           0x0000000020000140        0x0 obj/timers.o
 .bss           0x0000000020000140        0x8 obj/port.o
 .bss           0x0000000020000148    0x18008 obj/heap_1.o
 .bss           0x0000000020018150        0x4 obj/syscalls.o
 .bss           0x0000000020018154        0x0 obj/i2cTowerTypes.o
 .bss           0x0000000020018154        0x0 obj/tower_user_thread_signal_I2C1_ER_IRQHandler.o
 .bss           0x0000000020018154       0x89 obj/tower_gen_thread_signal_I2C1_ER_IRQHandler.o
                0x0000000020018154                signal_semaphore_thread_signal_I2C1_ER_IRQHandler
 .bss           0x00000000200181dd        0x0 obj/tower_user_thread_signal_I2C1_EV_IRQHandler.o
 *fill*         0x00000000200181dd        0x3 
 .bss           0x00000000200181e0       0x89 obj/tower_gen_thread_signal_I2C1_EV_IRQHandler.o
                0x00000000200181e0                signal_semaphore_thread_signal_I2C1_EV_IRQHandler
 .bss           0x0000000020018269        0x0 obj/tower_user_thread_period_1ms.o
 .bss           0x0000000020018269        0x0 obj/tower_gen_thread_period_1ms.o
 .bss           0x0000000020018269        0x0 obj/tower_user_thread_period_20ms.o
 *fill*         0x0000000020018269        0x3 
 .bss           0x000000002001826c       0x85 obj/tower_gen_thread_period_20ms.o
 .bss           0x00000000200182f1        0x0 obj/tower_user_thread_period_250ms.o
 *fill*         0x00000000200182f1        0x3 
 .bss           0x00000000200182f4      0x115 obj/tower_gen_thread_period_250ms.o
 .bss           0x0000000020018409        0x0 obj/tower_user_thread_init.o
 .bss           0x0000000020018409        0x0 obj/tower_gen_thread_init.o
 *fill*         0x0000000020018409        0x7 
 .bss           0x0000000020018410      0x12a obj/tower_state_monitor_i2c1PeripheralDriver.o
                0x0000000020018410                i2c1_last_event
                0x0000000020018418                i2c1_error_run
                0x000000002001841c                i2c1_invalid_request
                0x0000000020018420                i2c1_resbufferpos
                0x0000000020018424                i2c1_resbuffer
                0x00000000200184a8                i2c1_reqbufferpos
                0x00000000200184ac                i2c1_reqbuffer
                0x0000000020018538                i2c1_ready_sent
                0x0000000020018539                i2c1_driverstate
 *fill*         0x000000002001853a        0x2 
 .bss           0x000000002001853c        0x4 obj/tower_gen_monitor_i2c1PeripheralDriver.o
                0x000000002001853c                lock_i2c1PeripheralDriver
 .bss           0x0000000020018540        0x0 obj/tower_state_monitor_simplecontroller.o
 .bss           0x0000000020018540        0x4 obj/tower_gen_monitor_simplecontroller.o
                0x0000000020018540                lock_simplecontroller
 .bss           0x0000000020018544        0x0 obj/tower_init.o
 .bss           0x0000000020018544        0x0 obj/stm32_main.o
 .bss           0x0000000020018544        0x0 obj/tower_time.o
 .bss           0x0000000020018544        0x0 obj/stm32_freertos_init.o
 .bss           0x0000000020018544        0x0 obj/vector_table.o
 .bss           0x0000000020018544        0x0 obj/stm32_freertos_user_assert.o
 .bss           0x0000000020018544        0x0 /usr/lib/gcc/arm-none-eabi/10.3.1/thumb/v7e-m+fp/hard/libgcc.a(_aeabi_ldivmod.o)
 .bss           0x0000000020018544        0x0 /usr/lib/gcc/arm-none-eabi/10.3.1/thumb/v7e-m+fp/hard/libgcc.a(_aeabi_uldivmod.o)
 .bss           0x0000000020018544        0x0 /usr/lib/gcc/arm-none-eabi/10.3.1/thumb/v7e-m+fp/hard/libgcc.a(_udivmoddi4.o)
 .bss           0x0000000020018544        0x0 /usr/lib/gcc/arm-none-eabi/10.3.1/thumb/v7e-m+fp/hard/libgcc.a(_dvmd_tls.o)
 .bss           0x0000000020018544        0x0 /usr/lib/gcc/arm-none-eabi/10.3.1/../../../arm-none-eabi/lib/thumb/v7e-m+fp/hard/libc.a(lib_a-memcmp.o)
 .bss           0x0000000020018544        0x0 /usr/lib/gcc/arm-none-eabi/10.3.1/../../../arm-none-eabi/lib/thumb/v7e-m+fp/hard/libc.a(lib_a-memcpy.o)
 .bss           0x0000000020018544        0x0 /usr/lib/gcc/arm-none-eabi/10.3.1/thumb/v7e-m+fp/hard/crtend.o
 .bss           0x0000000020018544        0x0 /usr/lib/gcc/arm-none-eabi/10.3.1/thumb/v7e-m+fp/hard/crtn.o
 *(.gnu.linkonce.b.*)
 *(COMMON)
                0x0000000020018544                . = ALIGN (0x4)
                0x0000000020018544                _ebss = ABSOLUTE (.)
                0x0000000020018544                __bss_end__ = ABSOLUTE (_ebss)

._user_heap_stack
                0x0000000010000444      0x400
                0x0000000010000444                . = ALIGN (0x4)
                [!provide]                        PROVIDE (end = .)
                0x0000000010000444                PROVIDE (_end = .)
                0x0000000010000444                . = (. + _min_heap_size)
                0x0000000010000844                . = (. + _min_stack_size)
 *fill*         0x0000000010000444      0x400 
                0x0000000010000844                . = ALIGN (0x4)

.stab
 *(.stab)

.stabstr
 *(.stabstr)

.stab.excl
 *(.stab.excl)

.stab.exclstr
 *(.stab.exclstr)

.stab.index
 *(.stab.index)

.stab.indexstr
 *(.stab.indexstr)

.comment        0x0000000000000000       0x33
 *(.comment)
 .comment       0x0000000000000000       0x33 /usr/lib/gcc/arm-none-eabi/10.3.1/thumb/v7e-m+fp/hard/crtbegin.o
                                         0x34 (size before relaxing)
 .comment       0x0000000000000033       0x34 /usr/lib/gcc/arm-none-eabi/10.3.1/../../../arm-none-eabi/lib/thumb/v7e-m+fp/hard/libc.a(lib_a-atexit.o)
 .comment       0x0000000000000033       0x34 /usr/lib/gcc/arm-none-eabi/10.3.1/../../../arm-none-eabi/lib/thumb/v7e-m+fp/hard/libc.a(lib_a-exit.o)
 .comment       0x0000000000000033       0x34 /usr/lib/gcc/arm-none-eabi/10.3.1/../../../arm-none-eabi/lib/thumb/v7e-m+fp/hard/libc.a(lib_a-fini.o)
 .comment       0x0000000000000033       0x34 /usr/lib/gcc/arm-none-eabi/10.3.1/../../../arm-none-eabi/lib/thumb/v7e-m+fp/hard/libc.a(lib_a-impure.o)
 .comment       0x0000000000000033       0x34 /usr/lib/gcc/arm-none-eabi/10.3.1/../../../arm-none-eabi/lib/thumb/v7e-m+fp/hard/libc.a(lib_a-init.o)
 .comment       0x0000000000000033       0x34 /usr/lib/gcc/arm-none-eabi/10.3.1/../../../arm-none-eabi/lib/thumb/v7e-m+fp/hard/libc.a(lib_a-memset.o)
 .comment       0x0000000000000033       0x34 /usr/lib/gcc/arm-none-eabi/10.3.1/../../../arm-none-eabi/lib/thumb/v7e-m+fp/hard/libc.a(lib_a-__atexit.o)
 .comment       0x0000000000000033       0x34 /usr/lib/gcc/arm-none-eabi/10.3.1/../../../arm-none-eabi/lib/thumb/v7e-m+fp/hard/libc.a(lib_a-__call_atexit.o)
 .comment       0x0000000000000033       0x34 obj/freertos_atomic_wrapper.o
 .comment       0x0000000000000033       0x34 obj/freertos_semaphore_wrapper.o
 .comment       0x0000000000000033       0x34 obj/freertos_mutex_wrapper.o
 .comment       0x0000000000000033       0x34 obj/freertos_task_wrapper.o
 .comment       0x0000000000000033       0x34 obj/freertos_time_wrapper.o
 .comment       0x0000000000000033       0x34 obj/list.o
 .comment       0x0000000000000033       0x34 obj/queue.o
 .comment       0x0000000000000033       0x34 obj/tasks.o
 .comment       0x0000000000000033       0x34 obj/timers.o
 .comment       0x0000000000000033       0x34 obj/port.o
 .comment       0x0000000000000033       0x34 obj/heap_1.o
 .comment       0x0000000000000033       0x34 obj/syscalls.o
 .comment       0x0000000000000033       0x34 obj/i2cTowerTypes.o
 .comment       0x0000000000000033       0x34 obj/tower_user_thread_signal_I2C1_ER_IRQHandler.o
 .comment       0x0000000000000033       0x34 obj/tower_gen_thread_signal_I2C1_ER_IRQHandler.o
 .comment       0x0000000000000033       0x34 obj/tower_user_thread_signal_I2C1_EV_IRQHandler.o
 .comment       0x0000000000000033       0x34 obj/tower_gen_thread_signal_I2C1_EV_IRQHandler.o
 .comment       0x0000000000000033       0x34 obj/tower_user_thread_period_1ms.o
 .comment       0x0000000000000033       0x34 obj/tower_gen_thread_period_1ms.o
 .comment       0x0000000000000033       0x34 obj/tower_user_thread_period_20ms.o
 .comment       0x0000000000000033       0x34 obj/tower_gen_thread_period_20ms.o
 .comment       0x0000000000000033       0x34 obj/tower_user_thread_period_250ms.o
 .comment       0x0000000000000033       0x34 obj/tower_gen_thread_period_250ms.o
 .comment       0x0000000000000033       0x34 obj/tower_user_thread_init.o
 .comment       0x0000000000000033       0x34 obj/tower_gen_thread_init.o
 .comment       0x0000000000000033       0x34 obj/tower_state_monitor_i2c1PeripheralDriver.o
 .comment       0x0000000000000033       0x34 obj/tower_gen_monitor_i2c1PeripheralDriver.o
 .comment       0x0000000000000033       0x34 obj/tower_state_monitor_simplecontroller.o
 .comment       0x0000000000000033       0x34 obj/tower_gen_monitor_simplecontroller.o
 .comment       0x0000000000000033       0x34 obj/tower_init.o
 .comment       0x0000000000000033       0x34 obj/stm32_main.o
 .comment       0x0000000000000033       0x34 obj/tower_time.o
 .comment       0x0000000000000033       0x34 obj/stm32_freertos_init.o
 .comment       0x0000000000000033       0x34 obj/stm32_freertos_user_assert.o
 .comment       0x0000000000000033       0x34 /usr/lib/gcc/arm-none-eabi/10.3.1/thumb/v7e-m+fp/hard/libgcc.a(_udivmoddi4.o)
 .comment       0x0000000000000033       0x34 /usr/lib/gcc/arm-none-eabi/10.3.1/../../../arm-none-eabi/lib/thumb/v7e-m+fp/hard/libc.a(lib_a-memcmp.o)
 .comment       0x0000000000000033       0x34 /usr/lib/gcc/arm-none-eabi/10.3.1/thumb/v7e-m+fp/hard/crtend.o

.ARM.attributes
                0x0000000000000000       0x30
 .ARM.attributes
                0x0000000000000000       0x1e /usr/lib/gcc/arm-none-eabi/10.3.1/thumb/v7e-m+fp/hard/crti.o
 .ARM.attributes
                0x000000000000001e       0x34 /usr/lib/gcc/arm-none-eabi/10.3.1/thumb/v7e-m+fp/hard/crtbegin.o
 .ARM.attributes
                0x0000000000000052       0x1c /usr/lib/gcc/arm-none-eabi/10.3.1/../../../arm-none-eabi/lib/thumb/v7e-m+fp/hard/crt0.o
 .ARM.attributes
                0x000000000000006e       0x34 obj/freertos_atomic_wrapper.o
 .ARM.attributes
                0x00000000000000a2       0x34 obj/freertos_semaphore_wrapper.o
 .ARM.attributes
                0x00000000000000d6       0x34 obj/freertos_mutex_wrapper.o
 .ARM.attributes
                0x000000000000010a       0x34 obj/freertos_task_wrapper.o
 .ARM.attributes
                0x000000000000013e       0x34 obj/freertos_time_wrapper.o
 .ARM.attributes
                0x0000000000000172       0x34 obj/list.o
 .ARM.attributes
                0x00000000000001a6       0x34 obj/queue.o
 .ARM.attributes
                0x00000000000001da       0x34 obj/tasks.o
 .ARM.attributes
                0x000000000000020e       0x39 obj/timers.o
 .ARM.attributes
                0x0000000000000247       0x34 obj/port.o
 .ARM.attributes
                0x000000000000027b       0x34 obj/heap_1.o
 .ARM.attributes
                0x00000000000002af       0x34 obj/syscalls.o
 .ARM.attributes
                0x00000000000002e3       0x39 obj/i2cTowerTypes.o
 .ARM.attributes
                0x000000000000031c       0x34 obj/tower_user_thread_signal_I2C1_ER_IRQHandler.o
 .ARM.attributes
                0x0000000000000350       0x34 obj/tower_gen_thread_signal_I2C1_ER_IRQHandler.o
 .ARM.attributes
                0x0000000000000384       0x34 obj/tower_user_thread_signal_I2C1_EV_IRQHandler.o
 .ARM.attributes
                0x00000000000003b8       0x34 obj/tower_gen_thread_signal_I2C1_EV_IRQHandler.o
 .ARM.attributes
                0x00000000000003ec       0x34 obj/tower_user_thread_period_1ms.o
 .ARM.attributes
                0x0000000000000420       0x34 obj/tower_gen_thread_period_1ms.o
 .ARM.attributes
                0x0000000000000454       0x34 obj/tower_user_thread_period_20ms.o
 .ARM.attributes
                0x0000000000000488       0x34 obj/tower_gen_thread_period_20ms.o
 .ARM.attributes
                0x00000000000004bc       0x34 obj/tower_user_thread_period_250ms.o
 .ARM.attributes
                0x00000000000004f0       0x34 obj/tower_gen_thread_period_250ms.o
 .ARM.attributes
                0x0000000000000524       0x34 obj/tower_user_thread_init.o
 .ARM.attributes
                0x0000000000000558       0x34 obj/tower_gen_thread_init.o
 .ARM.attributes
                0x000000000000058c       0x39 obj/tower_state_monitor_i2c1PeripheralDriver.o
 .ARM.attributes
                0x00000000000005c5       0x34 obj/tower_gen_monitor_i2c1PeripheralDriver.o
 .ARM.attributes
                0x00000000000005f9       0x39 obj/tower_state_monitor_simplecontroller.o
 .ARM.attributes
                0x0000000000000632       0x34 obj/tower_gen_monitor_simplecontroller.o
 .ARM.attributes
                0x0000000000000666       0x34 obj/tower_init.o
 .ARM.attributes
                0x000000000000069a       0x34 obj/stm32_main.o
 .ARM.attributes
                0x00000000000006ce       0x34 obj/tower_time.o
 .ARM.attributes
                0x0000000000000702       0x34 obj/stm32_freertos_init.o
 .ARM.attributes
                0x0000000000000736       0x21 obj/vector_table.o
 .ARM.attributes
                0x0000000000000757       0x34 obj/stm32_freertos_user_assert.o
 .ARM.attributes
                0x000000000000078b       0x1e /usr/lib/gcc/arm-none-eabi/10.3.1/thumb/v7e-m+fp/hard/libgcc.a(_aeabi_ldivmod.o)
 .ARM.attributes
                0x00000000000007a9       0x1e /usr/lib/gcc/arm-none-eabi/10.3.1/thumb/v7e-m+fp/hard/libgcc.a(_aeabi_uldivmod.o)
 .ARM.attributes
                0x00000000000007c7       0x34 /usr/lib/gcc/arm-none-eabi/10.3.1/thumb/v7e-m+fp/hard/libgcc.a(_udivmoddi4.o)
 .ARM.attributes
                0x00000000000007fb       0x1e /usr/lib/gcc/arm-none-eabi/10.3.1/thumb/v7e-m+fp/hard/libgcc.a(_dvmd_tls.o)
 .ARM.attributes
                0x0000000000000819       0x34 /usr/lib/gcc/arm-none-eabi/10.3.1/../../../arm-none-eabi/lib/thumb/v7e-m+fp/hard/libc.a(lib_a-memcmp.o)
 .ARM.attributes
                0x000000000000084d       0x1c /usr/lib/gcc/arm-none-eabi/10.3.1/../../../arm-none-eabi/lib/thumb/v7e-m+fp/hard/libc.a(lib_a-memcpy.o)
 .ARM.attributes
                0x0000000000000869       0x32 /usr/lib/gcc/arm-none-eabi/10.3.1/thumb/v7e-m+fp/hard/crtend.o
 .ARM.attributes
                0x000000000000089b       0x1e /usr/lib/gcc/arm-none-eabi/10.3.1/thumb/v7e-m+fp/hard/crtn.o

.debug_abbrev   0x0000000000000000     0x3c80
 *(.debug_abbrev)
 .debug_abbrev  0x0000000000000000       0x14 /usr/lib/gcc/arm-none-eabi/10.3.1/../../../arm-none-eabi/lib/thumb/v7e-m+fp/hard/crt0.o
 .debug_abbrev  0x0000000000000014       0xb7 /usr/lib/gcc/arm-none-eabi/10.3.1/../../../arm-none-eabi/lib/thumb/v7e-m+fp/hard/libc.a(lib_a-atexit.o)
 .debug_abbrev  0x00000000000000cb      0x20c /usr/lib/gcc/arm-none-eabi/10.3.1/../../../arm-none-eabi/lib/thumb/v7e-m+fp/hard/libc.a(lib_a-exit.o)
 .debug_abbrev  0x00000000000002d7       0xcf /usr/lib/gcc/arm-none-eabi/10.3.1/../../../arm-none-eabi/lib/thumb/v7e-m+fp/hard/libc.a(lib_a-fini.o)
 .debug_abbrev  0x00000000000003a6      0x1b8 /usr/lib/gcc/arm-none-eabi/10.3.1/../../../arm-none-eabi/lib/thumb/v7e-m+fp/hard/libc.a(lib_a-impure.o)
 .debug_abbrev  0x000000000000055e       0xcc /usr/lib/gcc/arm-none-eabi/10.3.1/../../../arm-none-eabi/lib/thumb/v7e-m+fp/hard/libc.a(lib_a-init.o)
 .debug_abbrev  0x000000000000062a       0xb4 /usr/lib/gcc/arm-none-eabi/10.3.1/../../../arm-none-eabi/lib/thumb/v7e-m+fp/hard/libc.a(lib_a-memset.o)
 .debug_abbrev  0x00000000000006de      0x23f /usr/lib/gcc/arm-none-eabi/10.3.1/../../../arm-none-eabi/lib/thumb/v7e-m+fp/hard/libc.a(lib_a-__atexit.o)
 .debug_abbrev  0x000000000000091d      0x2b2 /usr/lib/gcc/arm-none-eabi/10.3.1/../../../arm-none-eabi/lib/thumb/v7e-m+fp/hard/libc.a(lib_a-__call_atexit.o)
 .debug_abbrev  0x0000000000000bcf       0x6a obj/freertos_atomic_wrapper.o
 .debug_abbrev  0x0000000000000c39      0x107 obj/freertos_semaphore_wrapper.o
 .debug_abbrev  0x0000000000000d40       0xeb obj/freertos_mutex_wrapper.o
 .debug_abbrev  0x0000000000000e2b      0x138 obj/freertos_task_wrapper.o
 .debug_abbrev  0x0000000000000f63       0xea obj/freertos_time_wrapper.o
 .debug_abbrev  0x000000000000104d      0x102 obj/list.o
 .debug_abbrev  0x000000000000114f      0x2fb obj/queue.o
 .debug_abbrev  0x000000000000144a      0x417 obj/tasks.o
 .debug_abbrev  0x0000000000001861       0x29 obj/timers.o
 .debug_abbrev  0x000000000000188a      0x256 obj/port.o
 .debug_abbrev  0x0000000000001ae0      0x175 obj/heap_1.o
 .debug_abbrev  0x0000000000001c55      0x17b obj/syscalls.o
 .debug_abbrev  0x0000000000001dd0       0x29 obj/i2cTowerTypes.o
 .debug_abbrev  0x0000000000001df9      0x1e2 obj/tower_user_thread_signal_I2C1_ER_IRQHandler.o
 .debug_abbrev  0x0000000000001fdb      0x21d obj/tower_gen_thread_signal_I2C1_ER_IRQHandler.o
 .debug_abbrev  0x00000000000021f8      0x28b obj/tower_user_thread_signal_I2C1_EV_IRQHandler.o
 .debug_abbrev  0x0000000000002483      0x21d obj/tower_gen_thread_signal_I2C1_EV_IRQHandler.o
 .debug_abbrev  0x00000000000026a0       0xa0 obj/tower_user_thread_period_1ms.o
 .debug_abbrev  0x0000000000002740      0x16c obj/tower_gen_thread_period_1ms.o
 .debug_abbrev  0x00000000000028ac      0x238 obj/tower_user_thread_period_20ms.o
 .debug_abbrev  0x0000000000002ae4      0x1a8 obj/tower_gen_thread_period_20ms.o
 .debug_abbrev  0x0000000000002c8c      0x246 obj/tower_user_thread_period_250ms.o
 .debug_abbrev  0x0000000000002ed2      0x1a8 obj/tower_gen_thread_period_250ms.o
 .debug_abbrev  0x000000000000307a      0x195 obj/tower_user_thread_init.o
 .debug_abbrev  0x000000000000320f      0x142 obj/tower_gen_thread_init.o
 .debug_abbrev  0x0000000000003351       0x9b obj/tower_state_monitor_i2c1PeripheralDriver.o
 .debug_abbrev  0x00000000000033ec       0xd0 obj/tower_gen_monitor_i2c1PeripheralDriver.o
 .debug_abbrev  0x00000000000034bc       0x13 obj/tower_state_monitor_simplecontroller.o
 .debug_abbrev  0x00000000000034cf       0xd0 obj/tower_gen_monitor_simplecontroller.o
 .debug_abbrev  0x000000000000359f       0xd9 obj/tower_init.o
 .debug_abbrev  0x0000000000003678      0x19d obj/stm32_main.o
 .debug_abbrev  0x0000000000003815       0x99 obj/tower_time.o
 .debug_abbrev  0x00000000000038ae      0x14d obj/stm32_freertos_init.o
 .debug_abbrev  0x00000000000039fb       0x14 obj/vector_table.o
 .debug_abbrev  0x0000000000003a0f       0x31 obj/stm32_freertos_user_assert.o
 .debug_abbrev  0x0000000000003a40       0x14 /usr/lib/gcc/arm-none-eabi/10.3.1/thumb/v7e-m+fp/hard/libgcc.a(_aeabi_ldivmod.o)
 .debug_abbrev  0x0000000000003a54       0x14 /usr/lib/gcc/arm-none-eabi/10.3.1/thumb/v7e-m+fp/hard/libgcc.a(_aeabi_uldivmod.o)
 .debug_abbrev  0x0000000000003a68      0x163 /usr/lib/gcc/arm-none-eabi/10.3.1/thumb/v7e-m+fp/hard/libgcc.a(_udivmoddi4.o)
 .debug_abbrev  0x0000000000003bcb       0x14 /usr/lib/gcc/arm-none-eabi/10.3.1/thumb/v7e-m+fp/hard/libgcc.a(_dvmd_tls.o)
 .debug_abbrev  0x0000000000003bdf       0x8d /usr/lib/gcc/arm-none-eabi/10.3.1/../../../arm-none-eabi/lib/thumb/v7e-m+fp/hard/libc.a(lib_a-memcmp.o)
 .debug_abbrev  0x0000000000003c6c       0x14 /usr/lib/gcc/arm-none-eabi/10.3.1/../../../arm-none-eabi/lib/thumb/v7e-m+fp/hard/libc.a(lib_a-memcpy.o)

.debug_info     0x0000000000000000    0x19a67
 *(.debug_info)
 .debug_info    0x0000000000000000       0x26 /usr/lib/gcc/arm-none-eabi/10.3.1/../../../arm-none-eabi/lib/thumb/v7e-m+fp/hard/crt0.o
 .debug_info    0x0000000000000026      0x100 /usr/lib/gcc/arm-none-eabi/10.3.1/../../../arm-none-eabi/lib/thumb/v7e-m+fp/hard/libc.a(lib_a-atexit.o)
 .debug_info    0x0000000000000126      0x969 /usr/lib/gcc/arm-none-eabi/10.3.1/../../../arm-none-eabi/lib/thumb/v7e-m+fp/hard/libc.a(lib_a-exit.o)
 .debug_info    0x0000000000000a8f      0x102 /usr/lib/gcc/arm-none-eabi/10.3.1/../../../arm-none-eabi/lib/thumb/v7e-m+fp/hard/libc.a(lib_a-fini.o)
 .debug_info    0x0000000000000b91      0x92a /usr/lib/gcc/arm-none-eabi/10.3.1/../../../arm-none-eabi/lib/thumb/v7e-m+fp/hard/libc.a(lib_a-impure.o)
 .debug_info    0x00000000000014bb      0x11a /usr/lib/gcc/arm-none-eabi/10.3.1/../../../arm-none-eabi/lib/thumb/v7e-m+fp/hard/libc.a(lib_a-init.o)
 .debug_info    0x00000000000015d5      0x137 /usr/lib/gcc/arm-none-eabi/10.3.1/../../../arm-none-eabi/lib/thumb/v7e-m+fp/hard/libc.a(lib_a-memset.o)
 .debug_info    0x000000000000170c      0x9b0 /usr/lib/gcc/arm-none-eabi/10.3.1/../../../arm-none-eabi/lib/thumb/v7e-m+fp/hard/libc.a(lib_a-__atexit.o)
 .debug_info    0x00000000000020bc      0xa3d /usr/lib/gcc/arm-none-eabi/10.3.1/../../../arm-none-eabi/lib/thumb/v7e-m+fp/hard/libc.a(lib_a-__call_atexit.o)
 .debug_info    0x0000000000002af9       0xc8 obj/freertos_atomic_wrapper.o
 .debug_info    0x0000000000002bc1      0x270 obj/freertos_semaphore_wrapper.o
 .debug_info    0x0000000000002e31      0x1f6 obj/freertos_mutex_wrapper.o
 .debug_info    0x0000000000003027      0x1f6 obj/freertos_task_wrapper.o
 .debug_info    0x000000000000321d      0x189 obj/freertos_time_wrapper.o
 .debug_info    0x00000000000033a6      0x2c6 obj/list.o
 .debug_info    0x000000000000366c     0x1642 obj/queue.o
 .debug_info    0x0000000000004cae     0x25be obj/tasks.o
 .debug_info    0x000000000000726c       0x6f obj/timers.o
 .debug_info    0x00000000000072db      0x50a obj/port.o
 .debug_info    0x00000000000077e5      0x1dc obj/heap_1.o
 .debug_info    0x00000000000079c1      0x4d7 obj/syscalls.o
 .debug_info    0x0000000000007e98       0x7d obj/i2cTowerTypes.o
 .debug_info    0x0000000000007f15      0x61e obj/tower_user_thread_signal_I2C1_ER_IRQHandler.o
 .debug_info    0x0000000000008533      0x569 obj/tower_gen_thread_signal_I2C1_ER_IRQHandler.o
 .debug_info    0x0000000000008a9c     0x175f obj/tower_user_thread_signal_I2C1_EV_IRQHandler.o
 .debug_info    0x000000000000a1fb      0x569 obj/tower_gen_thread_signal_I2C1_EV_IRQHandler.o
 .debug_info    0x000000000000a764       0xe8 obj/tower_user_thread_period_1ms.o
 .debug_info    0x000000000000a84c      0x291 obj/tower_gen_thread_period_1ms.o
 .debug_info    0x000000000000aadd     0xa484 obj/tower_user_thread_period_20ms.o
 .debug_info    0x0000000000014f61      0x410 obj/tower_gen_thread_period_20ms.o
 .debug_info    0x0000000000015371      0x8dc obj/tower_user_thread_period_250ms.o
 .debug_info    0x0000000000015c4d      0x57a obj/tower_gen_thread_period_250ms.o
 .debug_info    0x00000000000161c7     0x1709 obj/tower_user_thread_init.o
 .debug_info    0x00000000000178d0      0x22a obj/tower_gen_thread_init.o
 .debug_info    0x0000000000017afa      0x217 obj/tower_state_monitor_i2c1PeripheralDriver.o
 .debug_info    0x0000000000017d11      0x174 obj/tower_gen_monitor_i2c1PeripheralDriver.o
 .debug_info    0x0000000000017e85       0x21 obj/tower_state_monitor_simplecontroller.o
 .debug_info    0x0000000000017ea6      0x174 obj/tower_gen_monitor_simplecontroller.o
 .debug_info    0x000000000001801a      0x21a obj/tower_init.o
 .debug_info    0x0000000000018234      0xb46 obj/stm32_main.o
 .debug_info    0x0000000000018d7a      0x158 obj/tower_time.o
 .debug_info    0x0000000000018ed2      0x24c obj/stm32_freertos_init.o
 .debug_info    0x000000000001911e       0x26 obj/vector_table.o
 .debug_info    0x0000000000019144       0x3c obj/stm32_freertos_user_assert.o
 .debug_info    0x0000000000019180       0x26 /usr/lib/gcc/arm-none-eabi/10.3.1/thumb/v7e-m+fp/hard/libgcc.a(_aeabi_ldivmod.o)
 .debug_info    0x00000000000191a6       0x26 /usr/lib/gcc/arm-none-eabi/10.3.1/thumb/v7e-m+fp/hard/libgcc.a(_aeabi_uldivmod.o)
 .debug_info    0x00000000000191cc      0x717 /usr/lib/gcc/arm-none-eabi/10.3.1/thumb/v7e-m+fp/hard/libgcc.a(_udivmoddi4.o)
 .debug_info    0x00000000000198e3       0x26 /usr/lib/gcc/arm-none-eabi/10.3.1/thumb/v7e-m+fp/hard/libgcc.a(_dvmd_tls.o)
 .debug_info    0x0000000000019909      0x138 /usr/lib/gcc/arm-none-eabi/10.3.1/../../../arm-none-eabi/lib/thumb/v7e-m+fp/hard/libc.a(lib_a-memcmp.o)
 .debug_info    0x0000000000019a41       0x26 /usr/lib/gcc/arm-none-eabi/10.3.1/../../../arm-none-eabi/lib/thumb/v7e-m+fp/hard/libc.a(lib_a-memcpy.o)

.debug_line     0x0000000000000000    0x12558
 *(.debug_line)
 .debug_line    0x0000000000000000       0x87 /usr/lib/gcc/arm-none-eabi/10.3.1/../../../arm-none-eabi/lib/thumb/v7e-m+fp/hard/crt0.o
 .debug_line    0x0000000000000087       0xc0 /usr/lib/gcc/arm-none-eabi/10.3.1/../../../arm-none-eabi/lib/thumb/v7e-m+fp/hard/libc.a(lib_a-atexit.o)
 .debug_line    0x0000000000000147      0x179 /usr/lib/gcc/arm-none-eabi/10.3.1/../../../arm-none-eabi/lib/thumb/v7e-m+fp/hard/libc.a(lib_a-exit.o)
 .debug_line    0x00000000000002c0       0xed /usr/lib/gcc/arm-none-eabi/10.3.1/../../../arm-none-eabi/lib/thumb/v7e-m+fp/hard/libc.a(lib_a-fini.o)
 .debug_line    0x00000000000003ad       0xe4 /usr/lib/gcc/arm-none-eabi/10.3.1/../../../arm-none-eabi/lib/thumb/v7e-m+fp/hard/libc.a(lib_a-impure.o)
 .debug_line    0x0000000000000491      0x138 /usr/lib/gcc/arm-none-eabi/10.3.1/../../../arm-none-eabi/lib/thumb/v7e-m+fp/hard/libc.a(lib_a-init.o)
 .debug_line    0x00000000000005c9      0x1bf /usr/lib/gcc/arm-none-eabi/10.3.1/../../../arm-none-eabi/lib/thumb/v7e-m+fp/hard/libc.a(lib_a-memset.o)
 .debug_line    0x0000000000000788      0x19e /usr/lib/gcc/arm-none-eabi/10.3.1/../../../arm-none-eabi/lib/thumb/v7e-m+fp/hard/libc.a(lib_a-__atexit.o)
 .debug_line    0x0000000000000926      0x28d /usr/lib/gcc/arm-none-eabi/10.3.1/../../../arm-none-eabi/lib/thumb/v7e-m+fp/hard/libc.a(lib_a-__call_atexit.o)
 .debug_line    0x0000000000000bb3      0x133 obj/freertos_atomic_wrapper.o
 .debug_line    0x0000000000000ce6      0x252 obj/freertos_semaphore_wrapper.o
 .debug_line    0x0000000000000f38      0x1fa obj/freertos_mutex_wrapper.o
 .debug_line    0x0000000000001132      0x323 obj/freertos_task_wrapper.o
 .debug_line    0x0000000000001455      0x16c obj/freertos_time_wrapper.o
 .debug_line    0x00000000000015c1      0x35a obj/list.o
 .debug_line    0x000000000000191b     0x11ec obj/queue.o
 .debug_line    0x0000000000002b07     0x1f4d obj/tasks.o
 .debug_line    0x0000000000004a54      0x21b obj/timers.o
 .debug_line    0x0000000000004c6f      0x47f obj/port.o
 .debug_line    0x00000000000050ee      0x2e0 obj/heap_1.o
 .debug_line    0x00000000000053ce      0x2eb obj/syscalls.o
 .debug_line    0x00000000000056b9      0x223 obj/i2cTowerTypes.o
 .debug_line    0x00000000000058dc      0x645 obj/tower_user_thread_signal_I2C1_ER_IRQHandler.o
 .debug_line    0x0000000000005f21      0x5ea obj/tower_gen_thread_signal_I2C1_ER_IRQHandler.o
 .debug_line    0x000000000000650b     0x1278 obj/tower_user_thread_signal_I2C1_EV_IRQHandler.o
 .debug_line    0x0000000000007783      0x5ea obj/tower_gen_thread_signal_I2C1_EV_IRQHandler.o
 .debug_line    0x0000000000007d6d      0x3f3 obj/tower_user_thread_period_1ms.o
 .debug_line    0x0000000000008160      0x484 obj/tower_gen_thread_period_1ms.o
 .debug_line    0x00000000000085e4     0x5449 obj/tower_user_thread_period_20ms.o
 .debug_line    0x000000000000da2d      0x55d obj/tower_gen_thread_period_20ms.o
 .debug_line    0x000000000000df8a      0x789 obj/tower_user_thread_period_250ms.o
 .debug_line    0x000000000000e713      0x5b3 obj/tower_gen_thread_period_250ms.o
 .debug_line    0x000000000000ecc6      0xf31 obj/tower_user_thread_init.o
 .debug_line    0x000000000000fbf7      0x40d obj/tower_gen_thread_init.o
 .debug_line    0x0000000000010004      0x281 obj/tower_state_monitor_i2c1PeripheralDriver.o
 .debug_line    0x0000000000010285      0x344 obj/tower_gen_monitor_i2c1PeripheralDriver.o
 .debug_line    0x00000000000105c9       0x47 obj/tower_state_monitor_simplecontroller.o
 .debug_line    0x0000000000010610      0x33c obj/tower_gen_monitor_simplecontroller.o
 .debug_line    0x000000000001094c      0x5f7 obj/tower_init.o
 .debug_line    0x0000000000010f43      0x65f obj/stm32_main.o
 .debug_line    0x00000000000115a2      0x26f obj/tower_time.o
 .debug_line    0x0000000000011811      0x392 obj/stm32_freertos_init.o
 .debug_line    0x0000000000011ba3       0x3e obj/vector_table.o
 .debug_line    0x0000000000011be1       0x53 obj/stm32_freertos_user_assert.o
 .debug_line    0x0000000000011c34       0x7e /usr/lib/gcc/arm-none-eabi/10.3.1/thumb/v7e-m+fp/hard/libgcc.a(_aeabi_ldivmod.o)
 .debug_line    0x0000000000011cb2       0x60 /usr/lib/gcc/arm-none-eabi/10.3.1/thumb/v7e-m+fp/hard/libgcc.a(_aeabi_uldivmod.o)
 .debug_line    0x0000000000011d12      0x5ae /usr/lib/gcc/arm-none-eabi/10.3.1/thumb/v7e-m+fp/hard/libgcc.a(_udivmoddi4.o)
 .debug_line    0x00000000000122c0       0x60 /usr/lib/gcc/arm-none-eabi/10.3.1/thumb/v7e-m+fp/hard/libgcc.a(_dvmd_tls.o)
 .debug_line    0x0000000000012320      0x17a /usr/lib/gcc/arm-none-eabi/10.3.1/../../../arm-none-eabi/lib/thumb/v7e-m+fp/hard/libc.a(lib_a-memcmp.o)
 .debug_line    0x000000000001249a       0xbe /usr/lib/gcc/arm-none-eabi/10.3.1/../../../arm-none-eabi/lib/thumb/v7e-m+fp/hard/libc.a(lib_a-memcpy.o)

.debug_pubnames
 *(.debug_pubnames)

.debug_aranges  0x0000000000000000      0x628
 *(.debug_aranges)
 .debug_aranges
                0x0000000000000000       0x20 /usr/lib/gcc/arm-none-eabi/10.3.1/../../../arm-none-eabi/lib/thumb/v7e-m+fp/hard/crt0.o
 .debug_aranges
                0x0000000000000020       0x20 /usr/lib/gcc/arm-none-eabi/10.3.1/../../../arm-none-eabi/lib/thumb/v7e-m+fp/hard/libc.a(lib_a-atexit.o)
 .debug_aranges
                0x0000000000000040       0x20 /usr/lib/gcc/arm-none-eabi/10.3.1/../../../arm-none-eabi/lib/thumb/v7e-m+fp/hard/libc.a(lib_a-exit.o)
 .debug_aranges
                0x0000000000000060       0x20 /usr/lib/gcc/arm-none-eabi/10.3.1/../../../arm-none-eabi/lib/thumb/v7e-m+fp/hard/libc.a(lib_a-fini.o)
 .debug_aranges
                0x0000000000000080       0x18 /usr/lib/gcc/arm-none-eabi/10.3.1/../../../arm-none-eabi/lib/thumb/v7e-m+fp/hard/libc.a(lib_a-impure.o)
 .debug_aranges
                0x0000000000000098       0x20 /usr/lib/gcc/arm-none-eabi/10.3.1/../../../arm-none-eabi/lib/thumb/v7e-m+fp/hard/libc.a(lib_a-init.o)
 .debug_aranges
                0x00000000000000b8       0x20 /usr/lib/gcc/arm-none-eabi/10.3.1/../../../arm-none-eabi/lib/thumb/v7e-m+fp/hard/libc.a(lib_a-memset.o)
 .debug_aranges
                0x00000000000000d8       0x20 /usr/lib/gcc/arm-none-eabi/10.3.1/../../../arm-none-eabi/lib/thumb/v7e-m+fp/hard/libc.a(lib_a-__atexit.o)
 .debug_aranges
                0x00000000000000f8       0x28 /usr/lib/gcc/arm-none-eabi/10.3.1/../../../arm-none-eabi/lib/thumb/v7e-m+fp/hard/libc.a(lib_a-__call_atexit.o)
 .debug_aranges
                0x0000000000000120       0x20 obj/freertos_atomic_wrapper.o
 .debug_aranges
                0x0000000000000140       0x20 obj/freertos_semaphore_wrapper.o
 .debug_aranges
                0x0000000000000160       0x20 obj/freertos_mutex_wrapper.o
 .debug_aranges
                0x0000000000000180       0x20 obj/freertos_task_wrapper.o
 .debug_aranges
                0x00000000000001a0       0x20 obj/freertos_time_wrapper.o
 .debug_aranges
                0x00000000000001c0       0x20 obj/list.o
 .debug_aranges
                0x00000000000001e0       0x20 obj/queue.o
 .debug_aranges
                0x0000000000000200       0x20 obj/tasks.o
 .debug_aranges
                0x0000000000000220       0x18 obj/timers.o
 .debug_aranges
                0x0000000000000238       0x20 obj/port.o
 .debug_aranges
                0x0000000000000258       0x20 obj/heap_1.o
 .debug_aranges
                0x0000000000000278       0x20 obj/syscalls.o
 .debug_aranges
                0x0000000000000298       0x18 obj/i2cTowerTypes.o
 .debug_aranges
                0x00000000000002b0       0x20 obj/tower_user_thread_signal_I2C1_ER_IRQHandler.o
 .debug_aranges
                0x00000000000002d0       0x20 obj/tower_gen_thread_signal_I2C1_ER_IRQHandler.o
 .debug_aranges
                0x00000000000002f0       0x20 obj/tower_user_thread_signal_I2C1_EV_IRQHandler.o
 .debug_aranges
                0x0000000000000310       0x20 obj/tower_gen_thread_signal_I2C1_EV_IRQHandler.o
 .debug_aranges
                0x0000000000000330       0x20 obj/tower_user_thread_period_1ms.o
 .debug_aranges
                0x0000000000000350       0x20 obj/tower_gen_thread_period_1ms.o
 .debug_aranges
                0x0000000000000370       0x20 obj/tower_user_thread_period_20ms.o
 .debug_aranges
                0x0000000000000390       0x20 obj/tower_gen_thread_period_20ms.o
 .debug_aranges
                0x00000000000003b0       0x20 obj/tower_user_thread_period_250ms.o
 .debug_aranges
                0x00000000000003d0       0x20 obj/tower_gen_thread_period_250ms.o
 .debug_aranges
                0x00000000000003f0       0x20 obj/tower_user_thread_init.o
 .debug_aranges
                0x0000000000000410       0x20 obj/tower_gen_thread_init.o
 .debug_aranges
                0x0000000000000430       0x18 obj/tower_state_monitor_i2c1PeripheralDriver.o
 .debug_aranges
                0x0000000000000448       0x20 obj/tower_gen_monitor_i2c1PeripheralDriver.o
 .debug_aranges
                0x0000000000000468       0x18 obj/tower_state_monitor_simplecontroller.o
 .debug_aranges
                0x0000000000000480       0x20 obj/tower_gen_monitor_simplecontroller.o
 .debug_aranges
                0x00000000000004a0       0x20 obj/tower_init.o
 .debug_aranges
                0x00000000000004c0       0x20 obj/stm32_main.o
 .debug_aranges
                0x00000000000004e0       0x20 obj/tower_time.o
 .debug_aranges
                0x0000000000000500       0x28 obj/stm32_freertos_init.o
 .debug_aranges
                0x0000000000000528       0x20 obj/vector_table.o
 .debug_aranges
                0x0000000000000548       0x20 obj/stm32_freertos_user_assert.o
 .debug_aranges
                0x0000000000000568       0x20 /usr/lib/gcc/arm-none-eabi/10.3.1/thumb/v7e-m+fp/hard/libgcc.a(_aeabi_ldivmod.o)
 .debug_aranges
                0x0000000000000588       0x20 /usr/lib/gcc/arm-none-eabi/10.3.1/thumb/v7e-m+fp/hard/libgcc.a(_aeabi_uldivmod.o)
 .debug_aranges
                0x00000000000005a8       0x20 /usr/lib/gcc/arm-none-eabi/10.3.1/thumb/v7e-m+fp/hard/libgcc.a(_udivmoddi4.o)
 .debug_aranges
                0x00000000000005c8       0x20 /usr/lib/gcc/arm-none-eabi/10.3.1/thumb/v7e-m+fp/hard/libgcc.a(_dvmd_tls.o)
 .debug_aranges
                0x00000000000005e8       0x20 /usr/lib/gcc/arm-none-eabi/10.3.1/../../../arm-none-eabi/lib/thumb/v7e-m+fp/hard/libc.a(lib_a-memcmp.o)
 .debug_aranges
                0x0000000000000608       0x20 /usr/lib/gcc/arm-none-eabi/10.3.1/../../../arm-none-eabi/lib/thumb/v7e-m+fp/hard/libc.a(lib_a-memcpy.o)

/DISCARD/
 libc.a(*)
 libm.a(*)
 libgcc.a(*)
LOAD obj/freertos_atomic_wrapper.o
LOAD obj/freertos_semaphore_wrapper.o
LOAD obj/freertos_mutex_wrapper.o
LOAD obj/freertos_task_wrapper.o
LOAD obj/freertos_time_wrapper.o
LOAD obj/list.o
LOAD obj/queue.o
LOAD obj/tasks.o
LOAD obj/timers.o
LOAD obj/port.o
LOAD obj/heap_1.o
LOAD obj/syscalls.o
LOAD obj/i2cTowerTypes.o
LOAD obj/tower_user_thread_signal_I2C1_ER_IRQHandler.o
LOAD obj/tower_gen_thread_signal_I2C1_ER_IRQHandler.o
LOAD obj/tower_user_thread_signal_I2C1_EV_IRQHandler.o
LOAD obj/tower_gen_thread_signal_I2C1_EV_IRQHandler.o
LOAD obj/tower_user_thread_period_1ms.o
LOAD obj/tower_gen_thread_period_1ms.o
LOAD obj/tower_user_thread_period_20ms.o
LOAD obj/tower_gen_thread_period_20ms.o
LOAD obj/tower_user_thread_period_250ms.o
LOAD obj/tower_gen_thread_period_250ms.o
LOAD obj/tower_user_thread_init.o
LOAD obj/tower_gen_thread_init.o
LOAD obj/tower_state_monitor_i2c1PeripheralDriver.o
LOAD obj/tower_gen_monitor_i2c1PeripheralDriver.o
LOAD obj/tower_state_monitor_simplecontroller.o
LOAD obj/tower_gen_monitor_simplecontroller.o
LOAD obj/tower_init.o
LOAD obj/stm32_main.o
LOAD obj/tower_time.o
LOAD obj/stm32_freertos_init.o
LOAD obj/vector_table.o
LOAD obj/stm32_freertos_user_assert.o
LOAD /usr/lib/gcc/arm-none-eabi/10.3.1/../../../arm-none-eabi/lib/thumb/v7e-m+fp/hard/libm.a
START GROUP
LOAD /usr/lib/gcc/arm-none-eabi/10.3.1/thumb/v7e-m+fp/hard/libgcc.a
LOAD /usr/lib/gcc/arm-none-eabi/10.3.1/../../../arm-none-eabi/lib/thumb/v7e-m+fp/hard/libc.a
END GROUP
LOAD /usr/lib/gcc/arm-none-eabi/10.3.1/thumb/v7e-m+fp/hard/crtend.o
LOAD /usr/lib/gcc/arm-none-eabi/10.3.1/thumb/v7e-m+fp/hard/crtn.o
OUTPUT(bl_image elf32-littlearm)
LOAD linker stubs
LOAD /usr/lib/gcc/arm-none-eabi/10.3.1/../../../arm-none-eabi/lib/thumb/v7e-m+fp/hard/libc.a
LOAD /usr/lib/gcc/arm-none-eabi/10.3.1/../../../arm-none-eabi/lib/thumb/v7e-m+fp/hard/libm.a
LOAD /usr/lib/gcc/arm-none-eabi/10.3.1/thumb/v7e-m+fp/hard/libgcc.a

.debug_str      0x0000000000000000    0x1268c
 .debug_str     0x0000000000000000       0x98 /usr/lib/gcc/arm-none-eabi/10.3.1/../../../arm-none-eabi/lib/thumb/v7e-m+fp/hard/crt0.o
 .debug_str     0x0000000000000098     0x5bb8 obj/freertos_atomic_wrapper.o
                                       0x5d8a (size before relaxing)
 .debug_str     0x0000000000005c50     0x1405 obj/freertos_semaphore_wrapper.o
                                       0x7174 (size before relaxing)
 .debug_str     0x0000000000007055       0xb6 obj/freertos_mutex_wrapper.o
                                       0x70d8 (size before relaxing)
 .debug_str     0x000000000000710b     0x4906 obj/freertos_task_wrapper.o
                                       0xa7d9 (size before relaxing)
 .debug_str     0x000000000000ba11       0xf3 obj/freertos_time_wrapper.o
                                       0x698b (size before relaxing)
 .debug_str     0x000000000000bb04      0x1ff obj/list.o
                                       0x911e (size before relaxing)
 .debug_str     0x000000000000bd03      0x705 obj/queue.o
                                       0xa6d2 (size before relaxing)
 .debug_str     0x000000000000c408     0x1972 obj/tasks.o
                                       0xb191 (size before relaxing)
 .debug_str     0x000000000000dd7a        0x9 obj/timers.o
                                       0xa5de (size before relaxing)
 .debug_str     0x000000000000dd83      0x67e obj/port.o
                                       0x7099 (size before relaxing)
 .debug_str     0x000000000000e401       0xb5 obj/heap_1.o
                                       0x9533 (size before relaxing)
 .debug_str     0x000000000000e4b6     0x185d obj/syscalls.o
                                       0x740c (size before relaxing)
 .debug_str     0x000000000000fd13       0x25 obj/i2cTowerTypes.o
                                       0x78fa (size before relaxing)
 .debug_str     0x000000000000fd38      0x3a4 obj/tower_user_thread_signal_I2C1_ER_IRQHandler.o
                                       0xb188 (size before relaxing)
 .debug_str     0x00000000000100dc      0x23c obj/tower_gen_thread_signal_I2C1_ER_IRQHandler.o
                                       0xb3a6 (size before relaxing)
 .debug_str     0x0000000000010318      0x4eb obj/tower_user_thread_signal_I2C1_EV_IRQHandler.o
                                       0xb4a9 (size before relaxing)
 .debug_str     0x0000000000010803      0x18b obj/tower_gen_thread_signal_I2C1_EV_IRQHandler.o
                                       0xb3a6 (size before relaxing)
 .debug_str     0x000000000001098e       0xa3 obj/tower_user_thread_period_1ms.o
                                       0xaed9 (size before relaxing)
 .debug_str     0x0000000000010a31       0x7d obj/tower_gen_thread_period_1ms.o
                                       0xb018 (size before relaxing)
 .debug_str     0x0000000000010aae      0xbc4 obj/tower_user_thread_period_20ms.o
                                       0xbc21 (size before relaxing)
 .debug_str     0x0000000000011672      0x102 obj/tower_gen_thread_period_20ms.o
                                       0xb1f2 (size before relaxing)
 .debug_str     0x0000000000011774      0x1fa obj/tower_user_thread_period_250ms.o
                                       0xb266 (size before relaxing)
 .debug_str     0x000000000001196e      0x19e obj/tower_gen_thread_period_250ms.o
                                       0xb325 (size before relaxing)
 .debug_str     0x0000000000011b0c       0xa8 obj/tower_user_thread_init.o
                                       0xb055 (size before relaxing)
 .debug_str     0x0000000000011bb4       0x77 obj/tower_gen_thread_init.o
                                       0xaf44 (size before relaxing)
 .debug_str     0x0000000000011c2b       0x2b obj/tower_state_monitor_i2c1PeripheralDriver.o
                                       0x7a82 (size before relaxing)
 .debug_str     0x0000000000011c56       0x4b obj/tower_gen_monitor_i2c1PeripheralDriver.o
                                       0xae98 (size before relaxing)
 .debug_str     0x0000000000011ca1       0x27 obj/tower_state_monitor_simplecontroller.o
                                       0x2cf1 (size before relaxing)
 .debug_str     0x0000000000011cc8       0x43 obj/tower_gen_monitor_simplecontroller.o
                                       0xae80 (size before relaxing)
 .debug_str     0x0000000000011d0b       0x2b obj/tower_init.o
                                       0xb1e0 (size before relaxing)
 .debug_str     0x0000000000011d36       0xda obj/stm32_main.o
                                       0x7ad0 (size before relaxing)
 .debug_str     0x0000000000011e10       0x14 obj/tower_time.o
                                       0x79aa (size before relaxing)
 .debug_str     0x0000000000011e24       0x79 obj/stm32_freertos_init.o
                                       0xa826 (size before relaxing)
 .debug_str     0x0000000000011e9d       0x1b obj/vector_table.o
                                         0x6d (size before relaxing)
 .debug_str     0x0000000000011eb8       0x1d obj/stm32_freertos_user_assert.o
                                       0x2cfe (size before relaxing)
 .debug_str     0x0000000000011ed5       0x9a /usr/lib/gcc/arm-none-eabi/10.3.1/thumb/v7e-m+fp/hard/libgcc.a(_aeabi_ldivmod.o)
                                         0xa6 (size before relaxing)
 .debug_str     0x0000000000011f6f       0xa6 /usr/lib/gcc/arm-none-eabi/10.3.1/thumb/v7e-m+fp/hard/libgcc.a(_aeabi_uldivmod.o)
 .debug_str     0x0000000000011f6f      0x544 /usr/lib/gcc/arm-none-eabi/10.3.1/thumb/v7e-m+fp/hard/libgcc.a(_udivmoddi4.o)
                                        0x647 (size before relaxing)
 .debug_str     0x00000000000124b3       0x30 /usr/lib/gcc/arm-none-eabi/10.3.1/thumb/v7e-m+fp/hard/libgcc.a(_dvmd_tls.o)
                                         0xaa (size before relaxing)
 .debug_str     0x00000000000124e3      0x104 /usr/lib/gcc/arm-none-eabi/10.3.1/../../../arm-none-eabi/lib/thumb/v7e-m+fp/hard/libc.a(lib_a-memcmp.o)
                                        0x1a7 (size before relaxing)
 .debug_str     0x00000000000125e7       0xa5 /usr/lib/gcc/arm-none-eabi/10.3.1/../../../arm-none-eabi/lib/thumb/v7e-m+fp/hard/libc.a(lib_a-memcpy.o)
                                         0xb1 (size before relaxing)

.debug_macro    0x0000000000000000     0x64c9
 .debug_macro   0x0000000000000000       0x79 obj/freertos_atomic_wrapper.o
 .debug_macro   0x0000000000000079      0xa78 obj/freertos_atomic_wrapper.o
 .debug_macro   0x0000000000000af1      0x16d obj/freertos_atomic_wrapper.o
 .debug_macro   0x0000000000000c5e      0x34e obj/freertos_atomic_wrapper.o
 .debug_macro   0x0000000000000fac      0x113 obj/freertos_atomic_wrapper.o
 .debug_macro   0x00000000000010bf       0x52 obj/freertos_atomic_wrapper.o
 .debug_macro   0x0000000000001111       0xe4 obj/freertos_atomic_wrapper.o
 .debug_macro   0x00000000000011f5       0x10 obj/freertos_atomic_wrapper.o
 .debug_macro   0x0000000000001205       0x1f obj/freertos_atomic_wrapper.o
 .debug_macro   0x0000000000001224      0x38b obj/freertos_atomic_wrapper.o
 .debug_macro   0x00000000000015af       0x9a obj/freertos_semaphore_wrapper.o
 .debug_macro   0x0000000000001649       0x2e obj/freertos_semaphore_wrapper.o
 .debug_macro   0x0000000000001677       0xb0 obj/freertos_semaphore_wrapper.o
 .debug_macro   0x0000000000001727       0x7f obj/freertos_semaphore_wrapper.o
 .debug_macro   0x00000000000017a6       0x9a obj/freertos_mutex_wrapper.o
 .debug_macro   0x0000000000001840      0x1b2 obj/freertos_task_wrapper.o
 .debug_macro   0x00000000000019f2       0xc0 obj/freertos_task_wrapper.o
 .debug_macro   0x0000000000001ab2       0x70 obj/freertos_task_wrapper.o
 .debug_macro   0x0000000000001b22       0x22 obj/freertos_task_wrapper.o
 .debug_macro   0x0000000000001b44       0x52 obj/freertos_task_wrapper.o
 .debug_macro   0x0000000000001b96       0x18 obj/freertos_task_wrapper.o
 .debug_macro   0x0000000000001bae       0x94 obj/freertos_task_wrapper.o
 .debug_macro   0x0000000000001c42       0x35 obj/freertos_task_wrapper.o
 .debug_macro   0x0000000000001c77       0x34 obj/freertos_task_wrapper.o
 .debug_macro   0x0000000000001cab       0x16 obj/freertos_task_wrapper.o
 .debug_macro   0x0000000000001cc1       0x43 obj/freertos_task_wrapper.o
 .debug_macro   0x0000000000001d04       0x57 obj/freertos_task_wrapper.o
 .debug_macro   0x0000000000001d5b       0x34 obj/freertos_task_wrapper.o
 .debug_macro   0x0000000000001d8f       0x10 obj/freertos_task_wrapper.o
 .debug_macro   0x0000000000001d9f       0x52 obj/freertos_task_wrapper.o
 .debug_macro   0x0000000000001df1      0x182 obj/freertos_task_wrapper.o
 .debug_macro   0x0000000000001f73      0x356 obj/freertos_task_wrapper.o
 .debug_macro   0x00000000000022c9      0x1a9 obj/freertos_task_wrapper.o
 .debug_macro   0x0000000000002472       0x16 obj/freertos_task_wrapper.o
 .debug_macro   0x0000000000002488       0x35 obj/freertos_task_wrapper.o
 .debug_macro   0x00000000000024bd      0x10c obj/freertos_task_wrapper.o
 .debug_macro   0x00000000000025c9       0x22 obj/freertos_task_wrapper.o
 .debug_macro   0x00000000000025eb       0x5e obj/freertos_task_wrapper.o
 .debug_macro   0x0000000000002649      0x188 obj/freertos_task_wrapper.o
 .debug_macro   0x00000000000027d1       0x91 obj/freertos_time_wrapper.o
 .debug_macro   0x0000000000002862      0x156 obj/list.o
 .debug_macro   0x00000000000029b8       0x16 obj/list.o
 .debug_macro   0x00000000000029ce      0x10e obj/list.o
 .debug_macro   0x0000000000002adc       0x86 obj/list.o
 .debug_macro   0x0000000000002b62       0x16 obj/list.o
 .debug_macro   0x0000000000002b78       0x29 obj/list.o
 .debug_macro   0x0000000000002ba1      0x1dc obj/queue.o
 .debug_macro   0x0000000000002d7d      0x20e obj/tasks.o
 .debug_macro   0x0000000000002f8b       0x97 obj/tasks.o
 .debug_macro   0x0000000000003022       0x17 obj/tasks.o
 .debug_macro   0x0000000000003039      0x183 obj/timers.o
 .debug_macro   0x00000000000031bc      0x138 obj/port.o
 .debug_macro   0x00000000000032f4      0x177 obj/heap_1.o
 .debug_macro   0x000000000000346b      0x1dd obj/syscalls.o
 .debug_macro   0x0000000000003648       0x16 obj/syscalls.o
 .debug_macro   0x000000000000365e       0x97 obj/syscalls.o
 .debug_macro   0x00000000000036f5       0xf6 obj/syscalls.o
 .debug_macro   0x00000000000037eb       0x10 obj/syscalls.o
 .debug_macro   0x00000000000037fb       0x10 obj/syscalls.o
 .debug_macro   0x000000000000380b       0x6a obj/syscalls.o
 .debug_macro   0x0000000000003875       0x1c obj/syscalls.o
 .debug_macro   0x0000000000003891       0x52 obj/syscalls.o
 .debug_macro   0x00000000000038e3       0x22 obj/syscalls.o
 .debug_macro   0x0000000000003905       0x10 obj/syscalls.o
 .debug_macro   0x0000000000003915       0x40 obj/syscalls.o
 .debug_macro   0x0000000000003955       0xd5 obj/syscalls.o
 .debug_macro   0x0000000000003a2a       0x1c obj/syscalls.o
 .debug_macro   0x0000000000003a46       0x3d obj/syscalls.o
 .debug_macro   0x0000000000003a83       0x16 obj/syscalls.o
 .debug_macro   0x0000000000003a99      0x16f obj/syscalls.o
 .debug_macro   0x0000000000003c08       0x4c obj/syscalls.o
 .debug_macro   0x0000000000003c54       0x16 obj/syscalls.o
 .debug_macro   0x0000000000003c6a       0x10 obj/syscalls.o
 .debug_macro   0x0000000000003c7a       0x10 obj/syscalls.o
 .debug_macro   0x0000000000003c8a       0x35 obj/syscalls.o
 .debug_macro   0x0000000000003cbf      0x12c obj/syscalls.o
 .debug_macro   0x0000000000003deb      0x14a obj/i2cTowerTypes.o
 .debug_macro   0x0000000000003f35      0x22e obj/tower_user_thread_signal_I2C1_ER_IRQHandler.o
 .debug_macro   0x0000000000004163      0x22e obj/tower_gen_thread_signal_I2C1_ER_IRQHandler.o
 .debug_macro   0x0000000000004391      0x22e obj/tower_user_thread_signal_I2C1_EV_IRQHandler.o
 .debug_macro   0x00000000000045bf      0x22e obj/tower_gen_thread_signal_I2C1_EV_IRQHandler.o
 .debug_macro   0x00000000000047ed      0x210 obj/tower_user_thread_period_1ms.o
 .debug_macro   0x00000000000049fd      0x210 obj/tower_gen_thread_period_1ms.o
 .debug_macro   0x0000000000004c0d      0x224 obj/tower_user_thread_period_20ms.o
 .debug_macro   0x0000000000004e31      0x224 obj/tower_gen_thread_period_20ms.o
 .debug_macro   0x0000000000005055      0x224 obj/tower_user_thread_period_250ms.o
 .debug_macro   0x0000000000005279      0x224 obj/tower_gen_thread_period_250ms.o
 .debug_macro   0x000000000000549d      0x206 obj/tower_user_thread_init.o
 .debug_macro   0x00000000000056a3      0x206 obj/tower_gen_thread_init.o
 .debug_macro   0x00000000000058a9      0x15e obj/tower_state_monitor_i2c1PeripheralDriver.o
 .debug_macro   0x0000000000005a07      0x1c6 obj/tower_gen_monitor_i2c1PeripheralDriver.o
 .debug_macro   0x0000000000005bcd       0x11 obj/tower_state_monitor_simplecontroller.o
 .debug_macro   0x0000000000005bde      0x1c6 obj/tower_gen_monitor_simplecontroller.o
 .debug_macro   0x0000000000005da4      0x2b0 obj/tower_init.o
 .debug_macro   0x0000000000006054      0x15e obj/stm32_main.o
 .debug_macro   0x00000000000061b2      0x154 obj/tower_time.o
 .debug_macro   0x0000000000006306      0x1b2 obj/stm32_freertos_init.o
 .debug_macro   0x00000000000064b8       0x11 obj/stm32_freertos_user_assert.o

.debug_frame    0x0000000000000000     0x1084
 .debug_frame   0x0000000000000000       0x30 obj/freertos_atomic_wrapper.o
 .debug_frame   0x0000000000000030       0x88 obj/freertos_semaphore_wrapper.o
 .debug_frame   0x00000000000000b8       0x70 obj/freertos_mutex_wrapper.o
 .debug_frame   0x0000000000000128       0x30 obj/freertos_task_wrapper.o
 .debug_frame   0x0000000000000158       0x50 obj/freertos_time_wrapper.o
 .debug_frame   0x00000000000001a8       0x6c obj/list.o
 .debug_frame   0x0000000000000214      0x218 obj/queue.o
 .debug_frame   0x000000000000042c      0x4d4 obj/tasks.o
 .debug_frame   0x0000000000000900       0xf0 obj/port.o
 .debug_frame   0x00000000000009f0       0x5c obj/heap_1.o
 .debug_frame   0x0000000000000a4c       0xb0 obj/syscalls.o
 .debug_frame   0x0000000000000afc       0x38 obj/tower_user_thread_signal_I2C1_ER_IRQHandler.o
 .debug_frame   0x0000000000000b34       0x58 obj/tower_gen_thread_signal_I2C1_ER_IRQHandler.o
 .debug_frame   0x0000000000000b8c       0x40 obj/tower_user_thread_signal_I2C1_EV_IRQHandler.o
 .debug_frame   0x0000000000000bcc       0x58 obj/tower_gen_thread_signal_I2C1_EV_IRQHandler.o
 .debug_frame   0x0000000000000c24       0x20 obj/tower_user_thread_period_1ms.o
 .debug_frame   0x0000000000000c44       0x2c obj/tower_gen_thread_period_1ms.o
 .debug_frame   0x0000000000000c70       0x44 obj/tower_user_thread_period_20ms.o
 .debug_frame   0x0000000000000cb4       0x48 obj/tower_gen_thread_period_20ms.o
 .debug_frame   0x0000000000000cfc       0x64 obj/tower_user_thread_period_250ms.o
 .debug_frame   0x0000000000000d60       0x64 obj/tower_gen_thread_period_250ms.o
 .debug_frame   0x0000000000000dc4       0x20 obj/tower_user_thread_init.o
 .debug_frame   0x0000000000000de4       0x28 obj/tower_gen_thread_init.o
 .debug_frame   0x0000000000000e0c       0x40 obj/tower_gen_monitor_i2c1PeripheralDriver.o
 .debug_frame   0x0000000000000e4c       0x40 obj/tower_gen_monitor_simplecontroller.o
 .debug_frame   0x0000000000000e8c       0x2c obj/tower_init.o
 .debug_frame   0x0000000000000eb8       0x30 obj/stm32_main.o
 .debug_frame   0x0000000000000ee8       0x28 obj/tower_time.o
 .debug_frame   0x0000000000000f10       0x84 obj/stm32_freertos_init.o
 .debug_frame   0x0000000000000f94       0x20 obj/stm32_freertos_user_assert.o
 .debug_frame   0x0000000000000fb4       0x44 /usr/lib/gcc/arm-none-eabi/10.3.1/thumb/v7e-m+fp/hard/libgcc.a(_aeabi_ldivmod.o)
 .debug_frame   0x0000000000000ff8       0x2c /usr/lib/gcc/arm-none-eabi/10.3.1/thumb/v7e-m+fp/hard/libgcc.a(_aeabi_uldivmod.o)
 .debug_frame   0x0000000000001024       0x34 /usr/lib/gcc/arm-none-eabi/10.3.1/thumb/v7e-m+fp/hard/libgcc.a(_udivmoddi4.o)
 .debug_frame   0x0000000000001058       0x2c /usr/lib/gcc/arm-none-eabi/10.3.1/../../../arm-none-eabi/lib/thumb/v7e-m+fp/hard/libc.a(lib_a-memcmp.o)

.debug_loc      0x0000000000000000     0xfdfd
 .debug_loc     0x0000000000000000       0xae obj/freertos_semaphore_wrapper.o
 .debug_loc     0x00000000000000ae       0x89 obj/freertos_mutex_wrapper.o
 .debug_loc     0x0000000000000137       0xc8 obj/freertos_task_wrapper.o
 .debug_loc     0x00000000000001ff       0x6f obj/freertos_time_wrapper.o
 .debug_loc     0x000000000000026e       0xaf obj/list.o
 .debug_loc     0x000000000000031d      0xd41 obj/queue.o
 .debug_loc     0x000000000000105e     0x15fc obj/tasks.o
 .debug_loc     0x000000000000265a       0xc4 obj/port.o
 .debug_loc     0x000000000000271e       0x98 obj/heap_1.o
 .debug_loc     0x00000000000027b6      0x13a obj/syscalls.o
 .debug_loc     0x00000000000028f0      0x2c8 obj/tower_user_thread_signal_I2C1_ER_IRQHandler.o
 .debug_loc     0x0000000000002bb8      0x1bf obj/tower_gen_thread_signal_I2C1_ER_IRQHandler.o
 .debug_loc     0x0000000000002d77     0x14ca obj/tower_user_thread_signal_I2C1_EV_IRQHandler.o
 .debug_loc     0x0000000000004241      0x1c2 obj/tower_gen_thread_signal_I2C1_EV_IRQHandler.o
 .debug_loc     0x0000000000004403       0x16 obj/tower_user_thread_period_1ms.o
 .debug_loc     0x0000000000004419      0x152 obj/tower_gen_thread_period_1ms.o
 .debug_loc     0x000000000000456b     0x8377 obj/tower_user_thread_period_20ms.o
 .debug_loc     0x000000000000c8e2      0x1d0 obj/tower_gen_thread_period_20ms.o
 .debug_loc     0x000000000000cab2      0x5ff obj/tower_user_thread_period_250ms.o
 .debug_loc     0x000000000000d0b1      0x24e obj/tower_gen_thread_period_250ms.o
 .debug_loc     0x000000000000d2ff     0x104d obj/tower_user_thread_init.o
 .debug_loc     0x000000000000e34c       0xaa obj/tower_gen_thread_init.o
 .debug_loc     0x000000000000e3f6      0x715 obj/stm32_main.o
 .debug_loc     0x000000000000eb0b       0xe3 obj/tower_time.o
 .debug_loc     0x000000000000ebee       0x25 obj/stm32_freertos_init.o
 .debug_loc     0x000000000000ec13     0x100f /usr/lib/gcc/arm-none-eabi/10.3.1/thumb/v7e-m+fp/hard/libgcc.a(_udivmoddi4.o)
 .debug_loc     0x000000000000fc22      0x1db /usr/lib/gcc/arm-none-eabi/10.3.1/../../../arm-none-eabi/lib/thumb/v7e-m+fp/hard/libc.a(lib_a-memcmp.o)

.debug_ranges   0x0000000000000000     0x1130
 .debug_ranges  0x0000000000000000       0x48 obj/queue.o
 .debug_ranges  0x0000000000000048       0xf0 obj/tasks.o
 .debug_ranges  0x0000000000000138       0x40 obj/port.o
 .debug_ranges  0x0000000000000178       0x48 obj/tower_user_thread_signal_I2C1_ER_IRQHandler.o
 .debug_ranges  0x00000000000001c0       0x90 obj/tower_gen_thread_signal_I2C1_ER_IRQHandler.o
 .debug_ranges  0x0000000000000250      0x238 obj/tower_user_thread_signal_I2C1_EV_IRQHandler.o
 .debug_ranges  0x0000000000000488       0x90 obj/tower_gen_thread_signal_I2C1_EV_IRQHandler.o
 .debug_ranges  0x0000000000000518       0x30 obj/tower_gen_thread_period_1ms.o
 .debug_ranges  0x0000000000000548      0x5d0 obj/tower_user_thread_period_20ms.o
 .debug_ranges  0x0000000000000b18       0x80 obj/tower_gen_thread_period_20ms.o
 .debug_ranges  0x0000000000000b98       0xa0 obj/tower_user_thread_period_250ms.o
 .debug_ranges  0x0000000000000c38       0xa8 obj/tower_gen_thread_period_250ms.o
 .debug_ranges  0x0000000000000ce0      0x2a0 obj/tower_user_thread_init.o
 .debug_ranges  0x0000000000000f80       0xb0 obj/stm32_main.o
 .debug_ranges  0x0000000000001030       0x18 obj/stm32_freertos_init.o
 .debug_ranges  0x0000000000001048       0xe8 /usr/lib/gcc/arm-none-eabi/10.3.1/thumb/v7e-m+fp/hard/libgcc.a(_udivmoddi4.o)